Run Tests	Set up job	﻿2026-02-21T17:11:21.0733059Z Current runner version: '2.331.0'
Run Tests	Set up job	2026-02-21T17:11:21.0760275Z ##[group]Runner Image Provisioner
Run Tests	Set up job	2026-02-21T17:11:21.0761146Z Hosted Compute Agent
Run Tests	Set up job	2026-02-21T17:11:21.0761773Z Version: 20260123.484
Run Tests	Set up job	2026-02-21T17:11:21.0762375Z Commit: 6bd6555ca37d84114959e1c76d2c01448ff61c5d
Run Tests	Set up job	2026-02-21T17:11:21.0763019Z Build Date: 2026-01-23T19:41:17Z
Run Tests	Set up job	2026-02-21T17:11:21.0764089Z Worker ID: {c2d5e81b-8bfc-4c5f-905e-a84d2cba0a1a}
Run Tests	Set up job	2026-02-21T17:11:21.0764779Z Azure Region: westus
Run Tests	Set up job	2026-02-21T17:11:21.0765305Z ##[endgroup]
Run Tests	Set up job	2026-02-21T17:11:21.0766936Z ##[group]Operating System
Run Tests	Set up job	2026-02-21T17:11:21.0767509Z Ubuntu
Run Tests	Set up job	2026-02-21T17:11:21.0767974Z 24.04.3
Run Tests	Set up job	2026-02-21T17:11:21.0768426Z LTS
Run Tests	Set up job	2026-02-21T17:11:21.0768934Z ##[endgroup]
Run Tests	Set up job	2026-02-21T17:11:21.0769383Z ##[group]Runner Image
Run Tests	Set up job	2026-02-21T17:11:21.0769961Z Image: ubuntu-24.04
Run Tests	Set up job	2026-02-21T17:11:21.0770445Z Version: 20260201.15.1
Run Tests	Set up job	2026-02-21T17:11:21.0771438Z Included Software: https://github.com/actions/runner-images/blob/ubuntu24/20260201.15/images/ubuntu/Ubuntu2404-Readme.md
Run Tests	Set up job	2026-02-21T17:11:21.0773194Z Image Release: https://github.com/actions/runner-images/releases/tag/ubuntu24%2F20260201.15
Run Tests	Set up job	2026-02-21T17:11:21.0774266Z ##[endgroup]
Run Tests	Set up job	2026-02-21T17:11:21.0775396Z ##[group]GITHUB_TOKEN Permissions
Run Tests	Set up job	2026-02-21T17:11:21.0777222Z Contents: read
Run Tests	Set up job	2026-02-21T17:11:21.0777761Z Metadata: read
Run Tests	Set up job	2026-02-21T17:11:21.0778383Z Packages: read
Run Tests	Set up job	2026-02-21T17:11:21.0778835Z ##[endgroup]
Run Tests	Set up job	2026-02-21T17:11:21.0780898Z Secret source: Actions
Run Tests	Set up job	2026-02-21T17:11:21.0781656Z Prepare workflow directory
Run Tests	Set up job	2026-02-21T17:11:21.1175439Z Prepare all required actions
Run Tests	Set up job	2026-02-21T17:11:21.1233362Z Getting action download info
Run Tests	Set up job	2026-02-21T17:11:21.5066784Z Download action repository 'actions/checkout@v4' (SHA:34e114876b0b11c390a56381ad16ebd13914f8d5)
Run Tests	Set up job	2026-02-21T17:11:21.7163342Z Complete job name: Run Tests
Run Tests	Checkout	﻿2026-02-21T17:11:21.7874946Z ##[group]Run actions/checkout@v4
Run Tests	Checkout	2026-02-21T17:11:21.7875914Z with:
Run Tests	Checkout	2026-02-21T17:11:21.7876328Z   repository: jjeffers/sf-kh-simulator
Run Tests	Checkout	2026-02-21T17:11:21.7876996Z   token: ***
Run Tests	Checkout	2026-02-21T17:11:21.7877381Z   ssh-strict: true
Run Tests	Checkout	2026-02-21T17:11:21.7877763Z   ssh-user: git
Run Tests	Checkout	2026-02-21T17:11:21.7878153Z   persist-credentials: true
Run Tests	Checkout	2026-02-21T17:11:21.7878579Z   clean: true
Run Tests	Checkout	2026-02-21T17:11:21.7878970Z   sparse-checkout-cone-mode: true
Run Tests	Checkout	2026-02-21T17:11:21.7879432Z   fetch-depth: 1
Run Tests	Checkout	2026-02-21T17:11:21.7879827Z   fetch-tags: false
Run Tests	Checkout	2026-02-21T17:11:21.7880209Z   show-progress: true
Run Tests	Checkout	2026-02-21T17:11:21.7880607Z   lfs: false
Run Tests	Checkout	2026-02-21T17:11:21.7880959Z   submodules: false
Run Tests	Checkout	2026-02-21T17:11:21.7881351Z   set-safe-directory: true
Run Tests	Checkout	2026-02-21T17:11:21.7882033Z ##[endgroup]
Run Tests	Checkout	2026-02-21T17:11:21.8961458Z Syncing repository: jjeffers/sf-kh-simulator
Run Tests	Checkout	2026-02-21T17:11:21.8963814Z ##[group]Getting Git version info
Run Tests	Checkout	2026-02-21T17:11:21.8964681Z Working directory is '/home/runner/work/sf-kh-simulator/sf-kh-simulator'
Run Tests	Checkout	2026-02-21T17:11:21.8965844Z [command]/usr/bin/git version
Run Tests	Checkout	2026-02-21T17:11:21.9042934Z git version 2.52.0
Run Tests	Checkout	2026-02-21T17:11:21.9069523Z ##[endgroup]
Run Tests	Checkout	2026-02-21T17:11:21.9085209Z Temporarily overriding HOME='/home/runner/work/_temp/2ce22c37-149b-44fb-bd4d-aa7be52b37a9' before making global git config changes
Run Tests	Checkout	2026-02-21T17:11:21.9087583Z Adding repository directory to the temporary git global config as a safe directory
Run Tests	Checkout	2026-02-21T17:11:21.9091863Z [command]/usr/bin/git config --global --add safe.directory /home/runner/work/sf-kh-simulator/sf-kh-simulator
Run Tests	Checkout	2026-02-21T17:11:21.9131479Z Deleting the contents of '/home/runner/work/sf-kh-simulator/sf-kh-simulator'
Run Tests	Checkout	2026-02-21T17:11:21.9135285Z ##[group]Initializing the repository
Run Tests	Checkout	2026-02-21T17:11:21.9140025Z [command]/usr/bin/git init /home/runner/work/sf-kh-simulator/sf-kh-simulator
Run Tests	Checkout	2026-02-21T17:11:21.9250856Z hint: Using 'master' as the name for the initial branch. This default branch name
Run Tests	Checkout	2026-02-21T17:11:21.9252349Z hint: will change to "main" in Git 3.0. To configure the initial branch name
Run Tests	Checkout	2026-02-21T17:11:21.9253291Z hint: to use in all of your new repositories, which will suppress this warning,
Run Tests	Checkout	2026-02-21T17:11:21.9254560Z hint: call:
Run Tests	Checkout	2026-02-21T17:11:21.9255155Z hint:
Run Tests	Checkout	2026-02-21T17:11:21.9256000Z hint: 	git config --global init.defaultBranch <name>
Run Tests	Checkout	2026-02-21T17:11:21.9257007Z hint:
Run Tests	Checkout	2026-02-21T17:11:21.9257979Z hint: Names commonly chosen instead of 'master' are 'main', 'trunk' and
Run Tests	Checkout	2026-02-21T17:11:21.9259583Z hint: 'development'. The just-created branch can be renamed via this command:
Run Tests	Checkout	2026-02-21T17:11:21.9260842Z hint:
Run Tests	Checkout	2026-02-21T17:11:21.9261555Z hint: 	git branch -m <name>
Run Tests	Checkout	2026-02-21T17:11:21.9262330Z hint:
Run Tests	Checkout	2026-02-21T17:11:21.9263325Z hint: Disable this message with "git config set advice.defaultBranchName false"
Run Tests	Checkout	2026-02-21T17:11:21.9265366Z Initialized empty Git repository in /home/runner/work/sf-kh-simulator/sf-kh-simulator/.git/
Run Tests	Checkout	2026-02-21T17:11:21.9269009Z [command]/usr/bin/git remote add origin https://github.com/jjeffers/sf-kh-simulator
Run Tests	Checkout	2026-02-21T17:11:21.9302791Z ##[endgroup]
Run Tests	Checkout	2026-02-21T17:11:21.9304269Z ##[group]Disabling automatic garbage collection
Run Tests	Checkout	2026-02-21T17:11:21.9308089Z [command]/usr/bin/git config --local gc.auto 0
Run Tests	Checkout	2026-02-21T17:11:21.9337514Z ##[endgroup]
Run Tests	Checkout	2026-02-21T17:11:21.9338738Z ##[group]Setting up auth
Run Tests	Checkout	2026-02-21T17:11:21.9345339Z [command]/usr/bin/git config --local --name-only --get-regexp core\.sshCommand
Run Tests	Checkout	2026-02-21T17:11:21.9375837Z [command]/usr/bin/git submodule foreach --recursive sh -c "git config --local --name-only --get-regexp 'core\.sshCommand' && git config --local --unset-all 'core.sshCommand' || :"
Run Tests	Checkout	2026-02-21T17:11:21.9717004Z [command]/usr/bin/git config --local --name-only --get-regexp http\.https\:\/\/github\.com\/\.extraheader
Run Tests	Checkout	2026-02-21T17:11:21.9749247Z [command]/usr/bin/git submodule foreach --recursive sh -c "git config --local --name-only --get-regexp 'http\.https\:\/\/github\.com\/\.extraheader' && git config --local --unset-all 'http.https://github.com/.extraheader' || :"
Run Tests	Checkout	2026-02-21T17:11:21.9970183Z [command]/usr/bin/git config --local --name-only --get-regexp ^includeIf\.gitdir:
Run Tests	Checkout	2026-02-21T17:11:22.0002142Z [command]/usr/bin/git submodule foreach --recursive git config --local --show-origin --name-only --get-regexp remote.origin.url
Run Tests	Checkout	2026-02-21T17:11:22.0229650Z [command]/usr/bin/git config --local http.https://github.com/.extraheader AUTHORIZATION: basic ***
Run Tests	Checkout	2026-02-21T17:11:22.0264826Z ##[endgroup]
Run Tests	Checkout	2026-02-21T17:11:22.0266066Z ##[group]Fetching the repository
Run Tests	Checkout	2026-02-21T17:11:22.0275002Z [command]/usr/bin/git -c protocol.version=2 fetch --no-tags --prune --no-recurse-submodules --depth=1 origin +da3e9389d880921c773fe7509e117a0b1afe1d09:refs/remotes/pull/42/merge
Run Tests	Checkout	2026-02-21T17:11:23.3967669Z From https://github.com/jjeffers/sf-kh-simulator
Run Tests	Checkout	2026-02-21T17:11:23.3968860Z  * [new ref]         da3e9389d880921c773fe7509e117a0b1afe1d09 -> pull/42/merge
Run Tests	Checkout	2026-02-21T17:11:23.4006573Z ##[endgroup]
Run Tests	Checkout	2026-02-21T17:11:23.4007850Z ##[group]Determining the checkout info
Run Tests	Checkout	2026-02-21T17:11:23.4010996Z ##[endgroup]
Run Tests	Checkout	2026-02-21T17:11:23.4012715Z [command]/usr/bin/git sparse-checkout disable
Run Tests	Checkout	2026-02-21T17:11:23.4055924Z [command]/usr/bin/git config --local --unset-all extensions.worktreeConfig
Run Tests	Checkout	2026-02-21T17:11:23.4082625Z ##[group]Checking out the ref
Run Tests	Checkout	2026-02-21T17:11:23.4087160Z [command]/usr/bin/git checkout --progress --force refs/remotes/pull/42/merge
Run Tests	Checkout	2026-02-21T17:11:23.7892692Z Note: switching to 'refs/remotes/pull/42/merge'.
Run Tests	Checkout	2026-02-21T17:11:23.7894027Z 
