WorkerThreadPool: 16 threads, 4 max low-priority.
Godot Engine v4.6.1.stable.official.14d19694e - https://godotengine.org
TextServer: Added interface "Dummy"
TextServer: Added interface "ICU / HarfBuzz / Graphite (Built-in)"
Unrecognized output string "misc2" in mapping:
030000000d0f0000ab01000011010000,Horipad Steam,a:b0,b:b1,back:b10,dpdown:h0.4,dpleft:h0.8,dpright:h0.2,dpup:h0.1,guide:b12,leftshoulder:b6,leftstick:b13,lefttrigger:a5,leftx:a0,lefty:a1,misc2:b2,paddle1:b19,paddle2:b18,paddle3:b15,paddle4:b5,rightshoulder:b7,rightstick:b14,righttrigger:a4,rightx:a2,righty:a3,start:b11,x:b3,y:b4,platform:Linux,
Unrecognized output string "misc2" in mapping:
050000000d0f00009601000091000000,Horipad Steam,a:b0,b:b1,back:b10,dpdown:h0.4,dpleft:h0.8,dpright:h0.2,dpup:h0.1,guide:b12,leftshoulder:b6,leftstick:b13,lefttrigger:a5,leftx:a0,lefty:a1,misc2:b2,paddle1:b19,paddle2:b18,paddle3:b15,paddle4:b5,rightshoulder:b7,rightstick:b14,righttrigger:a4,rightx:a2,righty:a3,start:b11,x:b3,y:b4,platform:Linux,
Unrecognized output string "misc2" in mapping:
030000007e0500006920000011010000,Nintendo Switch 2 Pro Controller,a:b0,b:b1,back:b14,dpdown:b8,dpleft:b10,dpright:b9,dpup:b11,guide:b16,leftshoulder:b12,leftstick:b15,lefttrigger:b13,leftx:a0,lefty:a1~,misc1:b17,misc2:b20,paddle1:b18,paddle2:b19,rightshoulder:b4,rightstick:b7,righttrigger:b5,rightx:a2,righty:a3~,start:b6,x:b2,y:b3,platform:Linux,
SDL: Init OK!
Using "default" pen tablet driver...

TextServer: Primary interface set to: "ICU / HarfBuzz / Graphite (Built-in)".
Loading resource: res://default_bus_layout.tres
CORE API HASH: 75400357
EDITOR API HASH: 3012763406
SceneTreeFTI: traversal method DEFAULT
Loading resource: res://Scripts/NetworkManager.gd
Loading resource: res://Assets/upf_fighter.png
Loading resource: res://.godot/imported/upf_fighter.png-40643644bf75586b3f9b2583501d3d10.ctex
Loading resource: res://Assets/upf_assault_scout.png
Loading resource: res://.godot/imported/upf_assault_scout.png-80620a806bfb3ac19b39efc583abe0cb.ctex
Loading resource: res://Assets/upf_frigate.png
Loading resource: res://.godot/imported/upf_frigate.png-9678ff139efbff206e96402c3b5bc57e.ctex
Loading resource: res://Assets/upf_minelayer.png
Loading resource: res://.godot/imported/upf_minelayer.png-61be60cc8ff90140e960dfbf5815544b.ctex
Loading resource: res://Assets/upf_space_station.png
Loading resource: res://.godot/imported/upf_space_station.png-62c6f0d3415a2e7da7f01bbe8f64f847.ctex
Loading resource: res://Assets/sathar_destroyer.png
Loading resource: res://.godot/imported/sathar_destroyer.png-59a46105223b89e2e6cba104e60c650a.ctex
Loading resource: res://Assets/sathar_heavy_cruiser.png
Loading resource: res://.godot/imported/sathar_heavy_cruiser.png-3999538d80327f371261459ed3029937.ctex
Loading resource: res://Assets/sathar_frigate.png
Loading resource: res://.godot/imported/sathar_frigate.png-7d2f19afa1d14e19750398ede97a5a89.ctex
Loading resource: res://Assets/sathar_fighter.png
Loading resource: res://.godot/imported/sathar_fighter.png-454b6721b231947d6f45d87116ac2e09.ctex
Loading resource: res://Assets/sathar_assault_carrier.png
Loading resource: res://.godot/imported/sathar_assault_carrier.png-d3c795b2e2c3519a19e8c8acf0f5504f.ctex
Loading resource: res://Assets/sathar_light_cruiser.png
Loading resource: res://.godot/imported/sathar_light_cruiser.png-09c731d46f8c352d4129b7bcb117ec41.ctex
Loading resource: res://Assets/upf_destroyer.png
Loading resource: res://.godot/imported/upf_destroyer.png-c664babdb3ad3eecd10d2f1af8680335.ctex
Loading resource: res://Assets/upf_heavy_cruiser.png
Loading resource: res://.godot/imported/upf_heavy_cruiser.png-446aa234a0d2961c4d930969e659514b.ctex
Loading resource: res://Assets/upf_battleship.png
Loading resource: res://.godot/imported/upf_battleship.png-02345a462cebc99e81a68467e7f9e065.ctex
Loading resource: res://Assets/upf_assault_carrier.png
Loading resource: res://.godot/imported/upf_assault_carrier.png-913a5e2314dd7f66693c529072295e74.ctex
Loading resource: res://Assets/upf_light_cruiser.png
Loading resource: res://.godot/imported/upf_light_cruiser.png-282826b14f1aaaaef6f321cbad1688de.ctex
Loading resource: res://Assets/civilian1.png
Loading resource: res://.godot/imported/civilian1.png-a93a57065eda05d5e4a23758d59c152c.ctex
Loading resource: res://Assets/civilian2.png
Loading resource: res://.godot/imported/civilian2.png-97a115ed7bbef3b0160c9ab9ff6104ab.ctex
Loading resource: res://Assets/civilian3.png
Loading resource: res://.godot/imported/civilian3.png-9f71d0b21306d6a54593a2c71ae89f4c.ctex
Loading resource: res://Assets/shuttle.png
Loading resource: res://.godot/imported/shuttle.png-f736c87ebdd8707d3426427f02a365e1.ctex
Loading resource: res://Scripts/MusicManager.gd
Loaded system CA certificates
Loading resource: res://Scenes/MainMenu.tscn
Loading resource: res://Scripts/MainMenu.gd
[color=green]Console Initialized. Press ~ to collapse.[/color]
[CampaignManager] Successfully loaded ship_names.json dictionary.
Loading resource: res://Assets/Audio/Orbital Siege.mp3
Loading resource: res://.godot/imported/Orbital Siege.mp3-97c474424f676ee214ed6d67757f93fd.mp3str
