Godot Engine v4.6.1.stable.official.14d19694e - https://godotengine.org

[color=green]Console Initialized. Press ~ to collapse.[/color]
[CampaignManager] Successfully loaded ship_names.json dictionary.
---  GUT  ---
[1m[INFO]:  [0musing [/home/jdjeffers/.local/share/godot/app_userdata/SFKH Simulator] for temporary output.
Godot version:  4.6.1
GUT version:  9.5.0
[33m[WARNING]:  [0mIgnoring script test/unit/test_runner_headless.gd because it does not extend GutTest
WARNING: res://Scenes/Main.tscn:3 - ext_resource, invalid UID: uid://cvru4lxy5bnj1 - using text path instead: res://Scripts/GameManager.gd
     at: load (scene/resources/resource_format_text.cpp:500)
     GDScript backtrace (most recent call first):
         [0] load_script_using_custom_warnings (res://addons/gut/warnings_manager.gd:159)
         [1] _parse_script (res://addons/gut/test_collector.gd:76)
         [2] add_script (res://addons/gut/test_collector.gd:127)
         [3] add_script (res://addons/gut/gut.gd:1050)
         [4] add_directory (res://addons/gut/gut.gd:1073)
         [5] _apply_options (res://addons/gut/gut_config.gd:136)
         [6] apply_options (res://addons/gut/gut_config.gd:207)
         [7] run_tests (res://addons/gut/gui/GutRunner.gd:191)
         [8] _run_tests (res://addons/gut/cli/gut_cli.gd:238)
         [9] main (res://addons/gut/cli/gut_cli.gd:284)
         [10] _init (res://addons/gut/gut_cmdln.gd:39)
[4m

test/unit/test_ai_icm.gd
[0m* test_torpedo_prioritization
[DEBUG] _build_repair_panel called
[Turn 1] [DEBUG] Initializing repair_panel
[Turn 1] [DEBUG] Initializing repair_panel
[DEBUG] GameManager: Peer 1 NOT in Lobby Teams. Defaulting to 0 (Spectator). Teams: {  }
[Turn 1] Network: Default Assignment (Host=1, Client=2). My Side: 1
[Turn 1] Network: Default Assignment (Host=1, Client=2). My Side: 1
[Turn 1] Offline Mode: Starting Game immediately.
[Turn 1] Offline Mode: Starting Game immediately.
[Turn 1] Game Setup Received: Seed 612588387
[Turn 1] Game Setup Received: Seed 612588387
[SCENARIO] Sathar Entry Edge: 1 (Vec: (0, 1, -1)), Facing: 4
[Turn 1] Loading Scenario: Surprise Attack!
[Turn 1] Loading Scenario: Surprise Attack!
[DEBUG] Ship Station Alpha loaded with Orbit Dir 1
[Turn 1] Defiant docked at Station Alpha
[Turn 1] Defiant docked at Station Alpha
[Turn 1] Stiletto docked at Station Alpha
[Turn 1] Stiletto docked at Station Alpha
[Turn 1] [color=cyan]=== DEPLOYMENT Phase ===[/color]
[Turn 1] [color=cyan]=== DEPLOYMENT Phase ===[/color]
[Turn 1] [color=yellow]AI Spawning for Side 2 (Sathar: false)[/color]
[Turn 1] [color=yellow]AI Spawning for Side 2 (Sathar: false)[/color]
[DEBUG] _update_deployment_ui called - Subphase: 2, my_side_id: 1
[Turn 1] [color=yellow]AI Spawning for Side 2 (Sathar: false)[/color]
[Turn 1] [color=yellow]AI Spawning for Side 2 (Sathar: false)[/color]
* test_rocket_battery_ignored_when_healthy
[DEBUG] _build_repair_panel called
[Turn 1] [DEBUG] Initializing repair_panel
[Turn 1] [DEBUG] Initializing repair_panel
[DEBUG] GameManager: Peer 1 NOT in Lobby Teams. Defaulting to 0 (Spectator). Teams: {  }
[Turn 1] Network: Default Assignment (Host=1, Client=2). My Side: 1
[Turn 1] Network: Default Assignment (Host=1, Client=2). My Side: 1
[Turn 1] Offline Mode: Starting Game immediately.
[Turn 1] Offline Mode: Starting Game immediately.
[Turn 1] Game Setup Received: Seed 3629930854
[Turn 1] Game Setup Received: Seed 3629930854
[SCENARIO] Sathar Entry Edge: 0 (Vec: (1, 0, -1)), Facing: 3
[Turn 1] Loading Scenario: Surprise Attack!
[Turn 1] Loading Scenario: Surprise Attack!
[DEBUG] Ship Station Alpha loaded with Orbit Dir 1
[Turn 1] Defiant docked at Station Alpha
[Turn 1] Defiant docked at Station Alpha
[Turn 1] Stiletto docked at Station Alpha
[Turn 1] Stiletto docked at Station Alpha
[Turn 1] [color=cyan]=== DEPLOYMENT Phase ===[/color]
[Turn 1] [color=cyan]=== DEPLOYMENT Phase ===[/color]
[Turn 1] [color=yellow]AI Spawning for Side 2 (Sathar: false)[/color]
[Turn 1] [color=yellow]AI Spawning for Side 2 (Sathar: false)[/color]
[DEBUG] _update_deployment_ui called - Subphase: 2, my_side_id: 1
[Turn 1] [color=yellow]AI Spawning for Side 2 (Sathar: false)[/color]
[Turn 1] [color=yellow]AI Spawning for Side 2 (Sathar: false)[/color]
* test_rocket_battery_defended_when_critical
[DEBUG] _build_repair_panel called
[Turn 1] [DEBUG] Initializing repair_panel
[Turn 1] [DEBUG] Initializing repair_panel
[DEBUG] GameManager: Peer 1 NOT in Lobby Teams. Defaulting to 0 (Spectator). Teams: {  }
[Turn 1] Network: Default Assignment (Host=1, Client=2). My Side: 1
[Turn 1] Network: Default Assignment (Host=1, Client=2). My Side: 1
[Turn 1] Offline Mode: Starting Game immediately.
[Turn 1] Offline Mode: Starting Game immediately.
[Turn 1] Game Setup Received: Seed 1867804197
[Turn 1] Game Setup Received: Seed 1867804197
[SCENARIO] Sathar Entry Edge: 1 (Vec: (0, 1, -1)), Facing: 4
[Turn 1] Loading Scenario: Surprise Attack!
[Turn 1] Loading Scenario: Surprise Attack!
[DEBUG] Ship Station Alpha loaded with Orbit Dir 1
[Turn 1] Defiant docked at Station Alpha
[Turn 1] Defiant docked at Station Alpha
[Turn 1] Stiletto docked at Station Alpha
[Turn 1] Stiletto docked at Station Alpha
[Turn 1] [color=cyan]=== DEPLOYMENT Phase ===[/color]
[Turn 1] [color=cyan]=== DEPLOYMENT Phase ===[/color]
[Turn 1] [color=yellow]AI Spawning for Side 2 (Sathar: false)[/color]
[Turn 1] [color=yellow]AI Spawning for Side 2 (Sathar: false)[/color]
[DEBUG] _update_deployment_ui called - Subphase: 2, my_side_id: 1
[Turn 1] [color=yellow]AI Spawning for Side 2 (Sathar: false)[/color]
[Turn 1] [color=yellow]AI Spawning for Side 2 (Sathar: false)[/color]
* test_assault_rocket_always_defended_high_chance
[DEBUG] _build_repair_panel called
[Turn 1] [DEBUG] Initializing repair_panel
[Turn 1] [DEBUG] Initializing repair_panel
[DEBUG] GameManager: Peer 1 NOT in Lobby Teams. Defaulting to 0 (Spectator). Teams: {  }
[Turn 1] Network: Default Assignment (Host=1, Client=2). My Side: 1
[Turn 1] Network: Default Assignment (Host=1, Client=2). My Side: 1
[Turn 1] Offline Mode: Starting Game immediately.
[Turn 1] Offline Mode: Starting Game immediately.
[Turn 1] Game Setup Received: Seed 2684007116
[Turn 1] Game Setup Received: Seed 2684007116
[SCENARIO] Sathar Entry Edge: 4 (Vec: (0, -1, 1)), Facing: 1
[Turn 1] Loading Scenario: Surprise Attack!
[Turn 1] Loading Scenario: Surprise Attack!
[DEBUG] Ship Station Alpha loaded with Orbit Dir 1
[Turn 1] Defiant docked at Station Alpha
[Turn 1] Defiant docked at Station Alpha
[Turn 1] Stiletto docked at Station Alpha
[Turn 1] Stiletto docked at Station Alpha
[Turn 1] [color=cyan]=== DEPLOYMENT Phase ===[/color]
[Turn 1] [color=cyan]=== DEPLOYMENT Phase ===[/color]
[Turn 1] [color=yellow]AI Spawning for Side 2 (Sathar: false)[/color]
[Turn 1] [color=yellow]AI Spawning for Side 2 (Sathar: false)[/color]
[DEBUG] _update_deployment_ui called - Subphase: 2, my_side_id: 1
[Turn 1] [color=yellow]AI Spawning for Side 2 (Sathar: false)[/color]
[Turn 1] [color=yellow]AI Spawning for Side 2 (Sathar: false)[/color]
[1m4/4 passed.
[0m[4m

test/unit/test_ai_sathar_repair.gd
[0m* test_repair_logic_execution
[DEBUG] _build_repair_panel called
[Turn 1] [DEBUG] Initializing repair_panel
[Turn 1] [DEBUG] Initializing repair_panel
[DEBUG] GameManager: Peer 1 NOT in Lobby Teams. Defaulting to 0 (Spectator). Teams: {  }
[Turn 1] Network: Default Assignment (Host=1, Client=2). My Side: 1
[Turn 1] Network: Default Assignment (Host=1, Client=2). My Side: 1
[Turn 1] Offline Mode: Starting Game immediately.
[Turn 1] Offline Mode: Starting Game immediately.
[Turn 1] Game Setup Received: Seed 1337482542
[Turn 1] Game Setup Received: Seed 1337482542
[SCENARIO] Sathar Entry Edge: 1 (Vec: (0, 1, -1)), Facing: 4
[Turn 1] Loading Scenario: Surprise Attack!
[Turn 1] Loading Scenario: Surprise Attack!
[DEBUG] Ship Station Alpha loaded with Orbit Dir 1
[Turn 1] Defiant docked at Station Alpha
[Turn 1] Defiant docked at Station Alpha
[Turn 1] Stiletto docked at Station Alpha
[Turn 1] Stiletto docked at Station Alpha
[Turn 1] [color=cyan]=== DEPLOYMENT Phase ===[/color]
[Turn 1] [color=cyan]=== DEPLOYMENT Phase ===[/color]
[Turn 1] [color=yellow]AI Spawning for Side 2 (Sathar: false)[/color]
[Turn 1] [color=yellow]AI Spawning for Side 2 (Sathar: false)[/color]
[DEBUG] _update_deployment_ui called - Subphase: 2, my_side_id: 1
[DEBUG] _update_repair_ui called - Subphase: 2, my_side_id: 1
[Turn 1] [DEBUG] Updating Repair UI for Phase: 2
[Turn 1] [DEBUG] Updating Repair UI for Phase: 2
[Turn 1] Repairing: Ship1, System: HULL, Odds: 90%, Roll: 88, Result: SUCCESS
[Turn 1] Repairing: Ship1, System: HULL, Odds: 90%, Roll: 88, Result: SUCCESS
[DEBUG] _update_repair_ui called - Subphase: 3, my_side_id: 1
[Turn 1] [DEBUG] Updating Repair UI for Phase: 3
[Turn 1] [DEBUG] Updating Repair UI for Phase: 3
[Turn 1] Repairing: Ship2, System: HULL, Odds: 90%, Roll: 82, Result: SUCCESS
[Turn 1] Repairing: Ship2, System: HULL, Odds: 90%, Roll: 82, Result: SUCCESS
[Turn 2] Round Complete (After Repair). Starting New Round.
[Turn 2] Round Complete (After Repair). Starting New Round.
[Turn 2] === Turn Start: Side Sathar ===
[Turn 2] === Turn Start: Side Sathar ===
DEBUG: Rejected Station Alpha Side:2 CurSide:1 Moved:false
DEBUG: Rejected Defiant Side:2 CurSide:1 Moved:false
DEBUG: Rejected Stiletto Side:2 CurSide:1 Moved:false
DEBUG: Rejected Ship2 Side:2 CurSide:1 Moved:false
DEBUG: start_movement_phase. Side: 1 Available: 3
DEBUG: First available: Venemous ID: 1 Moved: false
DEBUG: Skip Auto-Orbit Check: Venemous (Class: Destroyer, Orbit: 0)
DEBUG: Skip Auto-Orbit Check: Perdition (Class: Heavy Cruiser, Orbit: 0)
DEBUG: Skip Auto-Orbit Check: Ship1 (Class: Scout, Orbit: 0)
[DEBUG] Standard move start for Venemous
[33m    2 Orphans[0m
[33m        * [Ship1:<Node2D#216224762858>(Ship.gd)]
        * [Ship2:<Node2D#216241540075>(Ship.gd)][0m
[33m2 orphans[0m
[1m1/1 passed.
[0m[4m

test/unit/test_arc_passthrough.gd
[0m* test_reactive_fire_pass_through_arc
[DEBUG] _build_repair_panel called
[Turn 1] [DEBUG] Initializing repair_panel
[Turn 1] [DEBUG] Initializing repair_panel
[DEBUG] GameManager: Peer 1 NOT in Lobby Teams. Defaulting to 0 (Spectator). Teams: {  }
[Turn 1] Network: Default Assignment (Host=1, Client=2). My Side: 1
[Turn 1] Network: Default Assignment (Host=1, Client=2). My Side: 1
[Turn 1] Offline Mode: Starting Game immediately.
[Turn 1] Offline Mode: Starting Game immediately.
[Turn 1] Game Setup Received: Seed 928615346
[Turn 1] Game Setup Received: Seed 928615346
[SCENARIO] Sathar Entry Edge: 4 (Vec: (0, -1, 1)), Facing: 1
[Turn 1] Loading Scenario: Surprise Attack!
[Turn 1] Loading Scenario: Surprise Attack!
[DEBUG] Ship Station Alpha loaded with Orbit Dir 1
[Turn 1] Defiant docked at Station Alpha
[Turn 1] Defiant docked at Station Alpha
[Turn 1] Stiletto docked at Station Alpha
[Turn 1] Stiletto docked at Station Alpha
[Turn 1] [color=cyan]=== DEPLOYMENT Phase ===[/color]
[Turn 1] [color=cyan]=== DEPLOYMENT Phase ===[/color]
[Turn 1] [color=yellow]AI Spawning for Side 2 (Sathar: false)[/color]
[Turn 1] [color=yellow]AI Spawning for Side 2 (Sathar: false)[/color]
[DEBUG] _update_deployment_ui called - Subphase: 2, my_side_id: 1
[33m    2 Orphans[0m
[33m        * [Attacker:<Node2D#241860347310>(Ship.gd)]
        * [Defender:<Node2D#241843571174>(Ship.gd)][0m
[33m2 orphans[0m
[1m1/1 passed.
[0m[4m

test/unit/test_auto_deploy.gd
[0m* test_categorize_ships
[33m    3 Orphans[0m
[33m        * [<Node2D#242296556068>(Ship.gd)]
        * [<Node2D#242330110501>(Ship.gd)]
        * [<Node2D#242363664934>(Ship.gd)][0m
* test_execute_placement_spacing_and_facing
[33m    3 Orphans[0m
[33m        * [<Node2D#242564991532>(Ship.gd)]
        * [<Node2D#242598545965>(Ship.gd)]
        * [<Node2D#242632100398>(Ship.gd)][0m
* test_space_station_speed_locks_and_orbit
[33m    1 Orphans[0m
[33m        * [<Node2D#242816649780>(Ship.gd)][0m
* test_auto_deploy_collision_avoidance
[33m    2 Orphans[0m
[33m        * [<Node2D#243001199160>(Ship.gd)]
        * [<Node2D#243034753593>(Ship.gd)][0m
[33m9 orphans[0m
[1m4/4 passed.
[0m[4m

test/unit/test_auto_orbit_hang.gd
[0m* test_auto_orbit_with_no_planet_does_not_hang
[DEBUG] _build_repair_panel called
[Turn 1] [DEBUG] Initializing repair_panel
[Turn 1] [DEBUG] Initializing repair_panel
[DEBUG] GameManager: Peer 1 NOT in Lobby Teams. Defaulting to 0 (Spectator). Teams: {  }
[Turn 1] Network: Default Assignment (Host=1, Client=2). My Side: 1
[Turn 1] Network: Default Assignment (Host=1, Client=2). My Side: 1
[Turn 1] Offline Mode: Starting Game immediately.
[Turn 1] Offline Mode: Starting Game immediately.
[Turn 1] Game Setup Received: Seed 4222499253
[Turn 1] Game Setup Received: Seed 4222499253
[SCENARIO] Sathar Entry Edge: 4 (Vec: (0, -1, 1)), Facing: 1
[Turn 1] Loading Scenario: Surprise Attack!
[Turn 1] Loading Scenario: Surprise Attack!
[DEBUG] Ship Station Alpha loaded with Orbit Dir 1
[Turn 1] Defiant docked at Station Alpha
[Turn 1] Defiant docked at Station Alpha
[Turn 1] Stiletto docked at Station Alpha
[Turn 1] Stiletto docked at Station Alpha
[Turn 1] [color=cyan]=== DEPLOYMENT Phase ===[/color]
[Turn 1] [color=cyan]=== DEPLOYMENT Phase ===[/color]
[Turn 1] [color=yellow]AI Spawning for Side 2 (Sathar: false)[/color]
[Turn 1] [color=yellow]AI Spawning for Side 2 (Sathar: false)[/color]
[DEBUG] _update_deployment_ui called - Subphase: 2, my_side_id: 1
[DEBUG] _build_repair_panel called
[Turn 1] [DEBUG] Initializing repair_panel
[Turn 1] [DEBUG] Initializing repair_panel
[DEBUG] GameManager: Peer 1 NOT in Lobby Teams. Defaulting to 0 (Spectator). Teams: {  }
[Turn 1] Network: Default Assignment (Host=1, Client=2). My Side: 1
[Turn 1] Network: Default Assignment (Host=1, Client=2). My Side: 1
[Turn 1] Offline Mode: Starting Game immediately.
[Turn 1] Offline Mode: Starting Game immediately.
[Turn 1] Game Setup Received: Seed 1902951278
[Turn 1] Game Setup Received: Seed 1902951278
[SCENARIO] Sathar Entry Edge: 5 (Vec: (1, -1, 0)), Facing: 2
[Turn 1] Loading Scenario: Surprise Attack!
[Turn 1] Loading Scenario: Surprise Attack!
[DEBUG] Ship Station Alpha2 loaded with Orbit Dir 1
[Turn 1] [color=cyan]=== DEPLOYMENT Phase ===[/color]
[Turn 1] [color=cyan]=== DEPLOYMENT Phase ===[/color]
[DEBUG] _update_deployment_ui called - Subphase: 2, my_side_id: 1
DEBUG: Rejected Station Alpha2 Side:2 CurSide:1 Moved:false
DEBUG: Rejected Defiant2 Side:2 CurSide:1 Moved:false
DEBUG: Rejected Stiletto2 Side:2 CurSide:1 Moved:false
DEBUG: start_movement_phase. Side: 1 Available: 3
DEBUG: First available: Venemous2 ID: 1 Moved: false
DEBUG: Skip Auto-Orbit Check: Venemous2 (Class: Destroyer, Orbit: 0)
DEBUG: Skip Auto-Orbit Check: Perdition2 (Class: Heavy Cruiser, Orbit: 0)
DEBUG: Auto-Orbit Candidate Found: Station (Class: Space Station, Orbit: 1)
[DEBUG] _on_orbit: No planet found adjacent to Station at (0, 0, 0)
DEBUG _can_withdraw: rejected bad scen_key: surprise_attack
[DEBUG] Auto-Orbit Failed (No planet?). Defaulting to Hold Position.
DEBUG: _on_commit_move for Station
DEBUG: Path size: 0
DEBUG: Calling register_movement_plan locally
[Turn 1] Orders Received for Station
[Turn 1] Orders Received for Station
[DEBUG] Standard move start for Venemous2
* test_auto_orbit_with_planet_succeeds
[DEBUG] _build_repair_panel called
[Turn 1] [DEBUG] Initializing repair_panel
[Turn 1] [DEBUG] Initializing repair_panel
[DEBUG] GameManager: Peer 1 NOT in Lobby Teams. Defaulting to 0 (Spectator). Teams: {  }
[Turn 1] Network: Default Assignment (Host=1, Client=2). My Side: 1
[Turn 1] Network: Default Assignment (Host=1, Client=2). My Side: 1
[Turn 1] Offline Mode: Starting Game immediately.
[Turn 1] Offline Mode: Starting Game immediately.
[Turn 1] Game Setup Received: Seed 17519522
[Turn 1] Game Setup Received: Seed 17519522
[SCENARIO] Sathar Entry Edge: 1 (Vec: (0, 1, -1)), Facing: 4
[Turn 1] Loading Scenario: Surprise Attack!
[Turn 1] Loading Scenario: Surprise Attack!
[DEBUG] Ship Station Alpha loaded with Orbit Dir 1
[Turn 1] Defiant docked at Station Alpha
[Turn 1] Defiant docked at Station Alpha
[Turn 1] Stiletto docked at Station Alpha
[Turn 1] Stiletto docked at Station Alpha
[Turn 1] [color=cyan]=== DEPLOYMENT Phase ===[/color]
[Turn 1] [color=cyan]=== DEPLOYMENT Phase ===[/color]
[Turn 1] [color=yellow]AI Spawning for Side 2 (Sathar: false)[/color]
[Turn 1] [color=yellow]AI Spawning for Side 2 (Sathar: false)[/color]
[DEBUG] _update_deployment_ui called - Subphase: 2, my_side_id: 1
[DEBUG] _build_repair_panel called
[Turn 1] [DEBUG] Initializing repair_panel
[Turn 1] [DEBUG] Initializing repair_panel
[DEBUG] GameManager: Peer 1 NOT in Lobby Teams. Defaulting to 0 (Spectator). Teams: {  }
[Turn 1] Network: Default Assignment (Host=1, Client=2). My Side: 1
[Turn 1] Network: Default Assignment (Host=1, Client=2). My Side: 1
[Turn 1] Offline Mode: Starting Game immediately.
[Turn 1] Offline Mode: Starting Game immediately.
[Turn 1] Game Setup Received: Seed 2431419101
[Turn 1] Game Setup Received: Seed 2431419101
[SCENARIO] Sathar Entry Edge: 5 (Vec: (1, -1, 0)), Facing: 2
[Turn 1] Loading Scenario: Surprise Attack!
[Turn 1] Loading Scenario: Surprise Attack!
[DEBUG] Ship Station Alpha2 loaded with Orbit Dir 1
[Turn 1] [color=cyan]=== DEPLOYMENT Phase ===[/color]
[Turn 1] [color=cyan]=== DEPLOYMENT Phase ===[/color]
[DEBUG] _update_deployment_ui called - Subphase: 2, my_side_id: 1
DEBUG: Rejected Station Alpha2 Side:2 CurSide:1 Moved:false
DEBUG: Rejected Defiant2 Side:2 CurSide:1 Moved:false
DEBUG: Rejected Stiletto2 Side:2 CurSide:1 Moved:false
DEBUG: start_movement_phase. Side: 1 Available: 3
DEBUG: First available: Venemous2 ID: 1 Moved: false
DEBUG: Skip Auto-Orbit Check: Venemous2 (Class: Destroyer, Orbit: 0)
DEBUG: Skip Auto-Orbit Check: Perdition2 (Class: Heavy Cruiser, Orbit: 0)
DEBUG: Auto-Orbit Candidate Found: Station (Class: Space Station, Orbit: 1)
DEBUG: _on_commit_move for Station
DEBUG: Path size: 1
DEBUG: Calling register_movement_plan locally
[Turn 1] Orders Received for Station
[Turn 1] Orders Received for Station
[DEBUG] Standard move start for Venemous2
[1m2/2 passed.
[0m[4m

test/unit/test_campaign_fleet_logic.gd
[0m* test_fleet_movement_and_arrival
[CampaignManager] Successfully loaded ship_names.json dictionary.
DEBUG are_systems_connected: Checking A=Prenglar B=Cassidine
DEBUG are_systems_connected: Found normal route match!
[color=green]Both factions ready. Advancing from Day 1 to Day 2[/color]
[color=green]Both factions ready. Advancing from Day 2 to Day 3[/color]
[color=green]Both factions ready. Advancing from Day 3 to Day 4[/color]
[color=green]Both factions ready. Advancing from Day 4 to Day 5[/color]
[color=green]Both factions ready. Advancing from Day 5 to Day 6[/color]
* test_fleet_splitting_merging
[CampaignManager] Successfully loaded ship_names.json dictionary.
[1m2/2 passed.
[0m[4m

test/unit/test_campaign_manager.gd
[0m* test_map_loading
[CampaignManager] Successfully loaded ship_names.json dictionary.
* test_force_initialization
[CampaignManager] Successfully loaded ship_names.json dictionary.
[1m2/2 passed.
[0m[4m

test/unit/test_ci_sanity.gd
[0m* test_can_load_all_scripts
[1m1/1 passed.
[0m[4m

test/unit/test_combat_math.gd
[0m* test_hit_chance_calculation
* test_damage_roll
Damage Roll: 1d6+2 -> 8
[1m2/2 passed.
[0m[4m

test/unit/test_combat_math_fix.gd
[0m[DEBUG] _build_repair_panel called
[Turn 1] [DEBUG] Initializing repair_panel
[Turn 1] [DEBUG] Initializing repair_panel
[DEBUG] GameManager: Peer 1 NOT in Lobby Teams. Defaulting to 0 (Spectator). Teams: {  }
[Turn 1] Network: Default Assignment (Host=1, Client=2). My Side: 1
[Turn 1] Network: Default Assignment (Host=1, Client=2). My Side: 1
[Turn 1] Offline Mode: Starting Game immediately.
[Turn 1] Offline Mode: Starting Game immediately.
[Turn 1] Game Setup Received: Seed 1047905144
[Turn 1] Game Setup Received: Seed 1047905144
[SCENARIO] Sathar Entry Edge: 0 (Vec: (1, 0, -1)), Facing: 3
[Turn 1] Loading Scenario: Surprise Attack!
[Turn 1] Loading Scenario: Surprise Attack!
[DEBUG] Ship Station Alpha loaded with Orbit Dir 1
[Turn 1] Defiant docked at Station Alpha
[Turn 1] Defiant docked at Station Alpha
[Turn 1] Stiletto docked at Station Alpha
[Turn 1] Stiletto docked at Station Alpha
[Turn 1] [color=cyan]=== DEPLOYMENT Phase ===[/color]
[Turn 1] [color=cyan]=== DEPLOYMENT Phase ===[/color]
[Turn 1] [color=yellow]AI Spawning for Side 2 (Sathar: false)[/color]
[Turn 1] [color=yellow]AI Spawning for Side 2 (Sathar: false)[/color]
[DEBUG] _update_deployment_ui called - Subphase: 2, my_side_id: 1
* test_assault_rocket_flat_chance

--- Testing Rocket Flat Chance ---
* test_assault_rocket_vs_rh

--- Testing Rocket vs RH ---
* test_laser_range_diffusion

--- Testing Laser Range Diffusion ---
[33m[WARNING]:  [0mTest script has 2 unfreed children.  Increase log level for more details.
[1m3/3 passed.
[0m[4m

test/unit/test_combat_retreat.gd
[0m* test_militia_cannot_withdraw_without_firing
[DEBUG] _build_repair_panel called
[Turn 1] [DEBUG] Initializing repair_panel
[Turn 1] [DEBUG] Initializing repair_panel
[DEBUG] GameManager: Peer 1 NOT in Lobby Teams. Defaulting to 0 (Spectator). Teams: {  }
[Turn 1] Network: Default Assignment (Host=1, Client=2). My Side: 1
[Turn 1] Network: Default Assignment (Host=1, Client=2). My Side: 1
[Turn 1] Offline Mode: Starting Game immediately.
[Turn 1] Offline Mode: Starting Game immediately.
[Turn 1] Game Setup Received: Seed 3528284221
[Turn 1] Game Setup Received: Seed 3528284221
[Turn 1] Loading Scenario: Campaign Encounter
[Turn 1] Loading Scenario: Campaign Encounter
[Turn 1] [color=cyan]=== DEPLOYMENT Phase ===[/color]
[Turn 1] [color=cyan]=== DEPLOYMENT Phase ===[/color]
[Turn 1] [color=yellow]AI Spawning for Side 2 (Sathar: false)[/color]
[Turn 1] [color=yellow]AI Spawning for Side 2 (Sathar: false)[/color]
[DEBUG] _update_deployment_ui called - Subphase: 1, my_side_id: 1
DEBUG _can_withdraw: rejected militia that hasn't fired
[33m    2 Orphans[0m
[33m        * [MilitiaDefender:<Node2D#394482683295>(Ship.gd)]
        * [SatharAttacker:<Node2D#394499460512>(Ship.gd)][0m
* test_militia_can_withdraw_after_firing_out_of_range
[DEBUG] _build_repair_panel called
[Turn 1] [DEBUG] Initializing repair_panel
[Turn 1] [DEBUG] Initializing repair_panel
[DEBUG] GameManager: Peer 1 NOT in Lobby Teams. Defaulting to 0 (Spectator). Teams: {  }
[Turn 1] Network: Default Assignment (Host=1, Client=2). My Side: 1
[Turn 1] Network: Default Assignment (Host=1, Client=2). My Side: 1
[Turn 1] Offline Mode: Starting Game immediately.
[Turn 1] Offline Mode: Starting Game immediately.
[Turn 1] Game Setup Received: Seed 3072918766
[Turn 1] Game Setup Received: Seed 3072918766
[Turn 1] Loading Scenario: Campaign Encounter
[Turn 1] Loading Scenario: Campaign Encounter
[Turn 1] [color=cyan]=== DEPLOYMENT Phase ===[/color]
[Turn 1] [color=cyan]=== DEPLOYMENT Phase ===[/color]
[Turn 1] [color=yellow]AI Spawning for Side 2 (Sathar: false)[/color]
[Turn 1] [color=yellow]AI Spawning for Side 2 (Sathar: false)[/color]
[DEBUG] _update_deployment_ui called - Subphase: 1, my_side_id: 1
DEBUG _can_withdraw: Success!
[33m    2 Orphans[0m
[33m        * [MilitiaDefender:<Node2D#416091738072>(Ship.gd)]
        * [SatharAttacker:<Node2D#416108515289>(Ship.gd)][0m
* test_militia_cannot_withdraw_in_range_even_after_firing
[DEBUG] _build_repair_panel called
[Turn 1] [DEBUG] Initializing repair_panel
[Turn 1] [DEBUG] Initializing repair_panel
[DEBUG] GameManager: Peer 1 NOT in Lobby Teams. Defaulting to 0 (Spectator). Teams: {  }
[Turn 1] Network: Default Assignment (Host=1, Client=2). My Side: 1
[Turn 1] Network: Default Assignment (Host=1, Client=2). My Side: 1
[Turn 1] Offline Mode: Starting Game immediately.
[Turn 1] Offline Mode: Starting Game immediately.
[Turn 1] Game Setup Received: Seed 2471428205
[Turn 1] Game Setup Received: Seed 2471428205
[Turn 1] Loading Scenario: Campaign Encounter
[Turn 1] Loading Scenario: Campaign Encounter
[Turn 1] [color=cyan]=== DEPLOYMENT Phase ===[/color]
[Turn 1] [color=cyan]=== DEPLOYMENT Phase ===[/color]
[Turn 1] [color=yellow]AI Spawning for Side 2 (Sathar: false)[/color]
[Turn 1] [color=yellow]AI Spawning for Side 2 (Sathar: false)[/color]
[DEBUG] _update_deployment_ui called - Subphase: 1, my_side_id: 1
DEBUG _can_withdraw: rejected enemy in range. Dist: 2 Range: 6
[33m    2 Orphans[0m
[33m        * [MilitiaDefender:<Node2D#438522876276>(Ship.gd)]
        * [SatharAttacker:<Node2D#438539653493>(Ship.gd)][0m
* test_regular_ship_can_withdraw_without_firing_if_out_of_range
[DEBUG] _build_repair_panel called
[Turn 1] [DEBUG] Initializing repair_panel
[Turn 1] [DEBUG] Initializing repair_panel
[DEBUG] GameManager: Peer 1 NOT in Lobby Teams. Defaulting to 0 (Spectator). Teams: {  }
[Turn 1] Network: Default Assignment (Host=1, Client=2). My Side: 1
[Turn 1] Network: Default Assignment (Host=1, Client=2). My Side: 1
[Turn 1] Offline Mode: Starting Game immediately.
[Turn 1] Offline Mode: Starting Game immediately.
[Turn 1] Game Setup Received: Seed 595291502
[Turn 1] Game Setup Received: Seed 595291502
[Turn 1] Loading Scenario: Campaign Encounter
[Turn 1] Loading Scenario: Campaign Encounter
[Turn 1] [color=cyan]=== DEPLOYMENT Phase ===[/color]
[Turn 1] [color=cyan]=== DEPLOYMENT Phase ===[/color]
[Turn 1] [color=yellow]AI Spawning for Side 2 (Sathar: false)[/color]
[Turn 1] [color=yellow]AI Spawning for Side 2 (Sathar: false)[/color]
[DEBUG] _update_deployment_ui called - Subphase: 1, my_side_id: 1
DEBUG _can_withdraw: Success!
[33m    2 Orphans[0m
[33m        * [MilitiaDefender:<Node2D#461776098064>(Ship.gd)]
        * [SatharAttacker:<Node2D#461792875281>(Ship.gd)][0m
[33m8 orphans[0m
[33m[WARNING]:  [0mTest script has 5 unfreed children.  Increase log level for more details.
[1m4/4 passed.
[0m[4m

test/unit/test_crash_prevention.gd
[0m* test_crash_on_freed_ship_access
[DEBUG] _build_repair_panel called
[Turn 1] [DEBUG] Initializing repair_panel
[Turn 1] [DEBUG] Initializing repair_panel
[DEBUG] GameManager: Peer 1 NOT in Lobby Teams. Defaulting to 0 (Spectator). Teams: {  }
[Turn 1] Network: Default Assignment (Host=1, Client=2). My Side: 1
[Turn 1] Network: Default Assignment (Host=1, Client=2). My Side: 1
[Turn 1] Offline Mode: Starting Game immediately.
[Turn 1] Offline Mode: Starting Game immediately.
[Turn 1] Game Setup Received: Seed 130169825
[Turn 1] Game Setup Received: Seed 130169825
[SCENARIO] Sathar Entry Edge: 4 (Vec: (0, -1, 1)), Facing: 1
[Turn 1] Loading Scenario: Surprise Attack!
[Turn 1] Loading Scenario: Surprise Attack!
[DEBUG] Ship Station Alpha loaded with Orbit Dir 1
[Turn 1] Defiant docked at Station Alpha
[Turn 1] Defiant docked at Station Alpha
[Turn 1] Stiletto docked at Station Alpha
[Turn 1] Stiletto docked at Station Alpha
[Turn 1] [color=cyan]=== DEPLOYMENT Phase ===[/color]
[Turn 1] [color=cyan]=== DEPLOYMENT Phase ===[/color]
[Turn 1] [color=yellow]AI Spawning for Side 2 (Sathar: false)[/color]
[Turn 1] [color=yellow]AI Spawning for Side 2 (Sathar: false)[/color]
[DEBUG] _update_deployment_ui called - Subphase: 2, my_side_id: 1
[DEBUG] _build_repair_panel called
[Turn 1] [DEBUG] Initializing repair_panel
[Turn 1] [DEBUG] Initializing repair_panel
[DEBUG] GameManager: Peer 1 NOT in Lobby Teams. Defaulting to 0 (Spectator). Teams: {  }
[Turn 1] Network: Default Assignment (Host=1, Client=2). My Side: 1
[Turn 1] Network: Default Assignment (Host=1, Client=2). My Side: 1
[Turn 1] Offline Mode: Starting Game immediately.
[Turn 1] Offline Mode: Starting Game immediately.
[Turn 1] Game Setup Received: Seed 3481894683
[Turn 1] Game Setup Received: Seed 3481894683
[SCENARIO] Sathar Entry Edge: 4 (Vec: (0, -1, 1)), Facing: 1
[Turn 1] Loading Scenario: Surprise Attack!
[Turn 1] Loading Scenario: Surprise Attack!
[DEBUG] Ship Station Alpha2 loaded with Orbit Dir 1
[Turn 1] [color=cyan]=== DEPLOYMENT Phase ===[/color]
[Turn 1] [color=cyan]=== DEPLOYMENT Phase ===[/color]
[DEBUG] _update_deployment_ui called - Subphase: 2, my_side_id: 1
[DEBUG] TARGET CHECK P1. Ships: 3
[DEBUG] NO TARGETS FOUND for P1
[1m1/1 passed.
[0m[4m

test/unit/test_crippled_weapon_bug.gd
[0m* test_crippled_weapon_should_be_unavailable
[DEBUG] _build_repair_panel called
[Turn 1] [DEBUG] Initializing repair_panel
[Turn 1] [DEBUG] Initializing repair_panel
[DEBUG] GameManager: Peer 1 NOT in Lobby Teams. Defaulting to 0 (Spectator). Teams: {  }
[Turn 1] Network: Default Assignment (Host=1, Client=2). My Side: 1
[Turn 1] Network: Default Assignment (Host=1, Client=2). My Side: 1
[Turn 1] Offline Mode: Starting Game immediately.
[Turn 1] Offline Mode: Starting Game immediately.
[Turn 1] Game Setup Received: Seed 1565601762
[Turn 1] Game Setup Received: Seed 1565601762
[SCENARIO] Sathar Entry Edge: 4 (Vec: (0, -1, 1)), Facing: 1
[Turn 1] Loading Scenario: Surprise Attack!
[Turn 1] Loading Scenario: Surprise Attack!
[DEBUG] Ship Station Alpha loaded with Orbit Dir 1
[Turn 1] Defiant docked at Station Alpha
[Turn 1] Defiant docked at Station Alpha
[Turn 1] Stiletto docked at Station Alpha
[Turn 1] Stiletto docked at Station Alpha
[Turn 1] [color=cyan]=== DEPLOYMENT Phase ===[/color]
[Turn 1] [color=cyan]=== DEPLOYMENT Phase ===[/color]
[Turn 1] [color=yellow]AI Spawning for Side 2 (Sathar: false)[/color]
[Turn 1] [color=yellow]AI Spawning for Side 2 (Sathar: false)[/color]
[DEBUG] _update_deployment_ui called - Subphase: 2, my_side_id: 1
[1m1/1 passed.
[0m[4m

test/unit/test_damage_system.gd
[0m* test_combat_damage_table_lookup
* test_ship_apply_damage_hull
* test_ship_apply_damage_adf
* test_ship_apply_damage_weapon
* test_fire_damage_stack
[1m5/5 passed.
[0m[4m

test/unit/test_defensive_screens.gd
[0m* test_energy_screens_vs_beam_weapons
[1m1/1 passed.
[0m[4m

test/unit/test_deployment_phase.gd
[0m* test_start_deployment_phase
[DEBUG] _build_repair_panel called
[Turn 1] [DEBUG] Initializing repair_panel
[Turn 1] [DEBUG] Initializing repair_panel
[DEBUG] GameManager: Peer 1 NOT in Lobby Teams. Defaulting to 0 (Spectator). Teams: {  }
[Turn 1] Network: Default Assignment (Host=1, Client=2). My Side: 1
[Turn 1] Network: Default Assignment (Host=1, Client=2). My Side: 1
[Turn 1] Offline Mode: Starting Game immediately.
[Turn 1] Offline Mode: Starting Game immediately.
[Turn 1] Game Setup Received: Seed 406929784
[Turn 1] Game Setup Received: Seed 406929784
[SCENARIO] Sathar Entry Edge: 5 (Vec: (1, -1, 0)), Facing: 2
[Turn 1] Loading Scenario: Surprise Attack!
[Turn 1] Loading Scenario: Surprise Attack!
[DEBUG] Ship Station Alpha loaded with Orbit Dir 1
[Turn 1] Defiant docked at Station Alpha
[Turn 1] Defiant docked at Station Alpha
[Turn 1] Stiletto docked at Station Alpha
[Turn 1] Stiletto docked at Station Alpha
[Turn 1] [color=cyan]=== DEPLOYMENT Phase ===[/color]
[Turn 1] [color=cyan]=== DEPLOYMENT Phase ===[/color]
[Turn 1] [color=yellow]AI Spawning for Side 2 (Sathar: false)[/color]
[Turn 1] [color=yellow]AI Spawning for Side 2 (Sathar: false)[/color]
[DEBUG] _update_deployment_ui called - Subphase: 2, my_side_id: 1
[Turn 1] Game Setup Received: Seed 12345
[Turn 1] Game Setup Received: Seed 12345
[Turn 1] Loading Scenario: Simple Test
[Turn 1] Loading Scenario: Simple Test
[Turn 1] [color=cyan]=== DEPLOYMENT Phase ===[/color]
[Turn 1] [color=cyan]=== DEPLOYMENT Phase ===[/color]
[DEBUG] _update_deployment_ui called - Subphase: 2, my_side_id: 1
* test_deployment_rpc_transitions_phase
[DEBUG] _build_repair_panel called
[Turn 1] [DEBUG] Initializing repair_panel
[Turn 1] [DEBUG] Initializing repair_panel
[DEBUG] GameManager: Peer 1 NOT in Lobby Teams. Defaulting to 0 (Spectator). Teams: {  }
[Turn 1] Network: Default Assignment (Host=1, Client=2). My Side: 1
[Turn 1] Network: Default Assignment (Host=1, Client=2). My Side: 1
[Turn 1] Offline Mode: Starting Game immediately.
[Turn 1] Offline Mode: Starting Game immediately.
[Turn 1] Game Setup Received: Seed 3485384726
[Turn 1] Game Setup Received: Seed 3485384726
[SCENARIO] Sathar Entry Edge: 5 (Vec: (1, -1, 0)), Facing: 2
[Turn 1] Loading Scenario: Surprise Attack!
[Turn 1] Loading Scenario: Surprise Attack!
[DEBUG] Ship Station Alpha loaded with Orbit Dir 1
[Turn 1] Defiant docked at Station Alpha
[Turn 1] Defiant docked at Station Alpha
[Turn 1] Stiletto docked at Station Alpha
[Turn 1] Stiletto docked at Station Alpha
[Turn 1] [color=cyan]=== DEPLOYMENT Phase ===[/color]
[Turn 1] [color=cyan]=== DEPLOYMENT Phase ===[/color]
[Turn 1] [color=yellow]AI Spawning for Side 2 (Sathar: false)[/color]
[Turn 1] [color=yellow]AI Spawning for Side 2 (Sathar: false)[/color]
[DEBUG] _update_deployment_ui called - Subphase: 2, my_side_id: 1
[Turn 1] Game Setup Received: Seed 12345
[Turn 1] Game Setup Received: Seed 12345
[Turn 1] Loading Scenario: Simple Test
[Turn 1] Loading Scenario: Simple Test
[Turn 1] [color=cyan]=== DEPLOYMENT Phase ===[/color]
[Turn 1] [color=cyan]=== DEPLOYMENT Phase ===[/color]
[DEBUG] _update_deployment_ui called - Subphase: 2, my_side_id: 1
[Turn 1] Side 1 is now Deploying.
[Turn 1] Side 1 is now Deploying.
[DEBUG] _update_deployment_ui called - Subphase: 1, my_side_id: 1
[Turn 1] Deployment Complete. Starting Turn 1.
[Turn 1] Deployment Complete. Starting Turn 1.
[Turn 1] === Turn Start: Side UPF ===
[Turn 1] === Turn Start: Side UPF ===
DEBUG: Rejected Savage Side:2 CurSide:1 Moved:false
DEBUG: Rejected Stinger Side:2 CurSide:1 Moved:false
DEBUG: start_movement_phase. Side: 1 Available: 2
DEBUG: First available: Vigilant ID: 1 Moved: false
DEBUG: Skip Auto-Orbit Check: Vigilant (Class: Frigate, Orbit: 0)
DEBUG: Skip Auto-Orbit Check: Defiant2 (Class: Frigate, Orbit: 0)
[DEBUG] Standard move start for Vigilant
[33m[WARNING]:  [0mTest script has 3 unfreed children.  Increase log level for more details.
[1m2/2 passed.
[0m[4m

test/unit/test_docked_movement.gd
[0m* test_docked_ship_can_move_in_any_direction
[DEBUG] _build_repair_panel called
[Turn 1] [DEBUG] Initializing repair_panel
[Turn 1] [DEBUG] Initializing repair_panel
[DEBUG] GameManager: Peer 1 NOT in Lobby Teams. Defaulting to 0 (Spectator). Teams: {  }
[Turn 1] Network: Default Assignment (Host=1, Client=2). My Side: 1
[Turn 1] Network: Default Assignment (Host=1, Client=2). My Side: 1
[Turn 1] Offline Mode: Starting Game immediately.
[Turn 1] Offline Mode: Starting Game immediately.
[Turn 1] Game Setup Received: Seed 1716547895
[Turn 1] Game Setup Received: Seed 1716547895
[SCENARIO] Sathar Entry Edge: 4 (Vec: (0, -1, 1)), Facing: 1
[Turn 1] Loading Scenario: Surprise Attack!
[Turn 1] Loading Scenario: Surprise Attack!
[DEBUG] Ship Station Alpha loaded with Orbit Dir 1
[Turn 1] Defiant docked at Station Alpha
[Turn 1] Defiant docked at Station Alpha
[Turn 1] Stiletto docked at Station Alpha
[Turn 1] Stiletto docked at Station Alpha
[Turn 1] [color=cyan]=== DEPLOYMENT Phase ===[/color]
[Turn 1] [color=cyan]=== DEPLOYMENT Phase ===[/color]
[Turn 1] [color=yellow]AI Spawning for Side 2 (Sathar: false)[/color]
[Turn 1] [color=yellow]AI Spawning for Side 2 (Sathar: false)[/color]
[DEBUG] _update_deployment_ui called - Subphase: 2, my_side_id: 1
[DEBUG] _build_repair_panel called
[Turn 1] [DEBUG] Initializing repair_panel
[Turn 1] [DEBUG] Initializing repair_panel
[DEBUG] GameManager: Peer 1 NOT in Lobby Teams. Defaulting to 0 (Spectator). Teams: {  }
[Turn 1] Network: Default Assignment (Host=1, Client=2). My Side: 1
[Turn 1] Network: Default Assignment (Host=1, Client=2). My Side: 1
[Turn 1] Offline Mode: Starting Game immediately.
[Turn 1] Offline Mode: Starting Game immediately.
[Turn 1] Game Setup Received: Seed 402789045
[Turn 1] Game Setup Received: Seed 402789045
[SCENARIO] Sathar Entry Edge: 3 (Vec: (-1, 0, 1)), Facing: 0
[Turn 1] Loading Scenario: Surprise Attack!
[Turn 1] Loading Scenario: Surprise Attack!
[DEBUG] Ship Station Alpha2 loaded with Orbit Dir 1
[Turn 1] [color=cyan]=== DEPLOYMENT Phase ===[/color]
[Turn 1] [color=cyan]=== DEPLOYMENT Phase ===[/color]
[DEBUG] _update_deployment_ui called - Subphase: 2, my_side_id: 1
DEBUG: _handle_movement_click called with hex: (-1, 0, 1)
DEBUG: ghost input dist: 1 | start: (0, 0, 0) | target: (-1, 0, 1) | facing: 3
[Turn 1] Movement Phase: Sathar
[Turn 1] Movement Phase: Sathar
[1m1/1 passed.
[0m[4m

test/unit/test_enemy_selection_highlights.gd
[0m* test_enemy_selection_no_ghost
[DEBUG] _build_repair_panel called
[Turn 1] [DEBUG] Initializing repair_panel
[Turn 1] [DEBUG] Initializing repair_panel
[DEBUG] GameManager: Peer 1 NOT in Lobby Teams. Defaulting to 0 (Spectator). Teams: {  }
[Turn 1] Network: Default Assignment (Host=1, Client=2). My Side: 1
[Turn 1] Network: Default Assignment (Host=1, Client=2). My Side: 1
[Turn 1] Offline Mode: Starting Game immediately.
[Turn 1] Offline Mode: Starting Game immediately.
[Turn 1] Game Setup Received: Seed 55309405
[Turn 1] Game Setup Received: Seed 55309405
[SCENARIO] Sathar Entry Edge: 0 (Vec: (1, 0, -1)), Facing: 3
[Turn 1] Loading Scenario: Surprise Attack!
[Turn 1] Loading Scenario: Surprise Attack!
[DEBUG] Ship Station Alpha loaded with Orbit Dir 1
[Turn 1] Defiant docked at Station Alpha
[Turn 1] Defiant docked at Station Alpha
[Turn 1] Stiletto docked at Station Alpha
[Turn 1] Stiletto docked at Station Alpha
[Turn 1] [color=cyan]=== DEPLOYMENT Phase ===[/color]
[Turn 1] [color=cyan]=== DEPLOYMENT Phase ===[/color]
[Turn 1] [color=yellow]AI Spawning for Side 2 (Sathar: false)[/color]
[Turn 1] [color=yellow]AI Spawning for Side 2 (Sathar: false)[/color]
[DEBUG] _update_deployment_ui called - Subphase: 2, my_side_id: 1
* test_enemy_selection_no_path_preview
[DEBUG] _build_repair_panel called
[Turn 1] [DEBUG] Initializing repair_panel
[Turn 1] [DEBUG] Initializing repair_panel
[DEBUG] GameManager: Peer 1 NOT in Lobby Teams. Defaulting to 0 (Spectator). Teams: {  }
[Turn 1] Network: Default Assignment (Host=1, Client=2). My Side: 1
[Turn 1] Network: Default Assignment (Host=1, Client=2). My Side: 1
[Turn 1] Offline Mode: Starting Game immediately.
[Turn 1] Offline Mode: Starting Game immediately.
[Turn 1] Game Setup Received: Seed 485883460
[Turn 1] Game Setup Received: Seed 485883460
[SCENARIO] Sathar Entry Edge: 1 (Vec: (0, 1, -1)), Facing: 4
[Turn 1] Loading Scenario: Surprise Attack!
[Turn 1] Loading Scenario: Surprise Attack!
[DEBUG] Ship Station Alpha loaded with Orbit Dir 1
[Turn 1] Defiant docked at Station Alpha
[Turn 1] Defiant docked at Station Alpha
[Turn 1] Stiletto docked at Station Alpha
[Turn 1] Stiletto docked at Station Alpha
[Turn 1] [color=cyan]=== DEPLOYMENT Phase ===[/color]
[Turn 1] [color=cyan]=== DEPLOYMENT Phase ===[/color]
[Turn 1] [color=yellow]AI Spawning for Side 2 (Sathar: false)[/color]
[Turn 1] [color=yellow]AI Spawning for Side 2 (Sathar: false)[/color]
[DEBUG] _update_deployment_ui called - Subphase: 2, my_side_id: 1
* test_cycle_selection_enemy_turn
[DEBUG] _build_repair_panel called
[Turn 1] [DEBUG] Initializing repair_panel
[Turn 1] [DEBUG] Initializing repair_panel
[DEBUG] GameManager: Peer 1 NOT in Lobby Teams. Defaulting to 0 (Spectator). Teams: {  }
[Turn 1] Network: Default Assignment (Host=1, Client=2). My Side: 1
[Turn 1] Network: Default Assignment (Host=1, Client=2). My Side: 1
[Turn 1] Offline Mode: Starting Game immediately.
[Turn 1] Offline Mode: Starting Game immediately.
[Turn 1] Game Setup Received: Seed 3871796030
[Turn 1] Game Setup Received: Seed 3871796030
[SCENARIO] Sathar Entry Edge: 2 (Vec: (-1, 1, 0)), Facing: 5
[Turn 1] Loading Scenario: Surprise Attack!
[Turn 1] Loading Scenario: Surprise Attack!
[DEBUG] Ship Station Alpha loaded with Orbit Dir 1
[Turn 1] Defiant docked at Station Alpha
[Turn 1] Defiant docked at Station Alpha
[Turn 1] Stiletto docked at Station Alpha
[Turn 1] Stiletto docked at Station Alpha
[Turn 1] [color=cyan]=== DEPLOYMENT Phase ===[/color]
[Turn 1] [color=cyan]=== DEPLOYMENT Phase ===[/color]
[Turn 1] [color=yellow]AI Spawning for Side 2 (Sathar: false)[/color]
[Turn 1] [color=yellow]AI Spawning for Side 2 (Sathar: false)[/color]
[DEBUG] _update_deployment_ui called - Subphase: 2, my_side_id: 1
[1m3/3 passed.
[0m[4m

test/unit/test_facing_accumulation.gd
[0m* test_moving_ship_cannot_turn_twice_in_one_step
[DEBUG] _build_repair_panel called
[Turn 1] [DEBUG] Initializing repair_panel
[Turn 1] [DEBUG] Initializing repair_panel
[DEBUG] GameManager: Peer 1 NOT in Lobby Teams. Defaulting to 0 (Spectator). Teams: {  }
[Turn 1] Network: Default Assignment (Host=1, Client=2). My Side: 1
[Turn 1] Network: Default Assignment (Host=1, Client=2). My Side: 1
[Turn 1] Offline Mode: Starting Game immediately.
[Turn 1] Offline Mode: Starting Game immediately.
[Turn 1] Game Setup Received: Seed 1749804500
[Turn 1] Game Setup Received: Seed 1749804500
[SCENARIO] Sathar Entry Edge: 2 (Vec: (-1, 1, 0)), Facing: 5
[Turn 1] Loading Scenario: Surprise Attack!
[Turn 1] Loading Scenario: Surprise Attack!
[DEBUG] Ship Station Alpha loaded with Orbit Dir 1
[Turn 1] Defiant docked at Station Alpha
[Turn 1] Defiant docked at Station Alpha
[Turn 1] Stiletto docked at Station Alpha
[Turn 1] Stiletto docked at Station Alpha
[Turn 1] [color=cyan]=== DEPLOYMENT Phase ===[/color]
[Turn 1] [color=cyan]=== DEPLOYMENT Phase ===[/color]
[Turn 1] [color=yellow]AI Spawning for Side 2 (Sathar: false)[/color]
[Turn 1] [color=yellow]AI Spawning for Side 2 (Sathar: false)[/color]
[DEBUG] _update_deployment_ui called - Subphase: 2, my_side_id: 1
[Turn 1] Movement Phase: Sathar
[Turn 1] Movement Phase: Sathar
* test_speed_0_can_turn_multiple_times
[DEBUG] _build_repair_panel called
[Turn 1] [DEBUG] Initializing repair_panel
[Turn 1] [DEBUG] Initializing repair_panel
[DEBUG] GameManager: Peer 1 NOT in Lobby Teams. Defaulting to 0 (Spectator). Teams: {  }
[Turn 1] Network: Default Assignment (Host=1, Client=2). My Side: 1
[Turn 1] Network: Default Assignment (Host=1, Client=2). My Side: 1
[Turn 1] Offline Mode: Starting Game immediately.
[Turn 1] Offline Mode: Starting Game immediately.
[Turn 1] Game Setup Received: Seed 2230974101
[Turn 1] Game Setup Received: Seed 2230974101
[SCENARIO] Sathar Entry Edge: 1 (Vec: (0, 1, -1)), Facing: 4
[Turn 1] Loading Scenario: Surprise Attack!
[Turn 1] Loading Scenario: Surprise Attack!
[DEBUG] Ship Station Alpha loaded with Orbit Dir 1
[Turn 1] Defiant docked at Station Alpha
[Turn 1] Defiant docked at Station Alpha
[Turn 1] Stiletto docked at Station Alpha
[Turn 1] Stiletto docked at Station Alpha
[Turn 1] [color=cyan]=== DEPLOYMENT Phase ===[/color]
[Turn 1] [color=cyan]=== DEPLOYMENT Phase ===[/color]
[Turn 1] [color=yellow]AI Spawning for Side 2 (Sathar: false)[/color]
[Turn 1] [color=yellow]AI Spawning for Side 2 (Sathar: false)[/color]
[DEBUG] _update_deployment_ui called - Subphase: 2, my_side_id: 1
DEBUG _can_withdraw: rejected bad scen_key: surprise_attack
DEBUG _can_withdraw: rejected bad scen_key: surprise_attack
[1m2/2 passed.
[0m[4m

test/unit/test_facing_fragility.gd
[0m* test_fragile_state_desync
[DEBUG] _build_repair_panel called
[Turn 1] [DEBUG] Initializing repair_panel
[Turn 1] [DEBUG] Initializing repair_panel
[DEBUG] GameManager: Peer 1 NOT in Lobby Teams. Defaulting to 0 (Spectator). Teams: {  }
[Turn 1] Network: Default Assignment (Host=1, Client=2). My Side: 1
[Turn 1] Network: Default Assignment (Host=1, Client=2). My Side: 1
[Turn 1] Offline Mode: Starting Game immediately.
[Turn 1] Offline Mode: Starting Game immediately.
[Turn 1] Game Setup Received: Seed 18253820
[Turn 1] Game Setup Received: Seed 18253820
[SCENARIO] Sathar Entry Edge: 4 (Vec: (0, -1, 1)), Facing: 1
[Turn 1] Loading Scenario: Surprise Attack!
[Turn 1] Loading Scenario: Surprise Attack!
[DEBUG] Ship Station Alpha loaded with Orbit Dir 1
[Turn 1] Defiant docked at Station Alpha
[Turn 1] Defiant docked at Station Alpha
[Turn 1] Stiletto docked at Station Alpha
[Turn 1] Stiletto docked at Station Alpha
[Turn 1] [color=cyan]=== DEPLOYMENT Phase ===[/color]
[Turn 1] [color=cyan]=== DEPLOYMENT Phase ===[/color]
[Turn 1] [color=yellow]AI Spawning for Side 2 (Sathar: false)[/color]
[Turn 1] [color=yellow]AI Spawning for Side 2 (Sathar: false)[/color]
[DEBUG] _update_deployment_ui called - Subphase: 2, my_side_id: 1
DEBUG: ghost input dist: 1 | start: (0, 0, 0) | target: (1, 0, -1) | facing: 0
[Turn 1] Movement Phase: Sathar
[Turn 1] Movement Phase: Sathar
[Turn 1] Movement Phase: Sathar
[Turn 1] Movement Phase: Sathar
[Turn 1] Resetting Plot...
[Turn 1] Resetting Plot...
DEBUG: ghost input dist: 1 | start: (0, 0, 0) | target: (1, 0, -1) | facing: 0
[Turn 1] Movement Phase: Sathar
[Turn 1] Movement Phase: Sathar
[Turn 1] Movement Phase: Sathar
[Turn 1] Movement Phase: Sathar
[33m    2 Orphans[0m
[33m        * [<Node2D#951486254712>(Ship.gd)]
        * [<Node2D#951519809202>(Ship.gd)][0m
[33m2 orphans[0m
[33m[WARNING]:  [0mTest script has 2 unfreed children.  Increase log level for more details.
[1m1/1 passed.
[0m[4m

test/unit/test_fire_damage_rules.gd
[0m* test_fire_stack_limit
[33m    1 Orphans[0m
[33m        * [<Node2D#969555316368>(Ship.gd)][0m
* test_disastrous_overrides_electrical
[33m    1 Orphans[0m
[33m        * [<Node2D#969655980445>(Ship.gd)][0m
* test_electrical_does_not_override_disastrous
[33m    1 Orphans[0m
[33m        * [<Node2D#969739866529>(Ship.gd)][0m
[33m3 orphans[0m
[1m3/3 passed.
[0m[4m

test/unit/test_ghost_path_follow.gd
[0m* test_process_loop_snaps_ghost
[DEBUG] _build_repair_panel called
[Turn 1] [DEBUG] Initializing repair_panel
[Turn 1] [DEBUG] Initializing repair_panel
[DEBUG] GameManager: Peer 1 NOT in Lobby Teams. Defaulting to 0 (Spectator). Teams: {  }
[Turn 1] Network: Default Assignment (Host=1, Client=2). My Side: 1
[Turn 1] Network: Default Assignment (Host=1, Client=2). My Side: 1
[Turn 1] Offline Mode: Starting Game immediately.
[Turn 1] Offline Mode: Starting Game immediately.
[Turn 1] Game Setup Received: Seed 2770515772
[Turn 1] Game Setup Received: Seed 2770515772
[SCENARIO] Sathar Entry Edge: 1 (Vec: (0, 1, -1)), Facing: 4
[Turn 1] Loading Scenario: Surprise Attack!
[Turn 1] Loading Scenario: Surprise Attack!
[DEBUG] Ship Station Alpha loaded with Orbit Dir 1
[Turn 1] Defiant docked at Station Alpha
[Turn 1] Defiant docked at Station Alpha
[Turn 1] Stiletto docked at Station Alpha
[Turn 1] Stiletto docked at Station Alpha
[Turn 1] [color=cyan]=== DEPLOYMENT Phase ===[/color]
[Turn 1] [color=cyan]=== DEPLOYMENT Phase ===[/color]
[Turn 1] [color=yellow]AI Spawning for Side 2 (Sathar: false)[/color]
[Turn 1] [color=yellow]AI Spawning for Side 2 (Sathar: false)[/color]
[DEBUG] _update_deployment_ui called - Subphase: 2, my_side_id: 1
DEBUG: ghost input dist: 1 | start: (0, 0, 0) | target: (0, 1, -1) | facing: 1
[Turn 1] Movement Phase: Sathar
[Turn 1] Movement Phase: Sathar
[Turn 1] Movement Phase: Sathar
[Turn 1] Movement Phase: Sathar
DEBUG: ghost input dist: 1 | start: (0, 1, -1) | target: (-1, 2, -1) | facing: 2
[Turn 1] Movement Phase: Sathar
[Turn 1] Movement Phase: Sathar
* test_logic_direct_check
[DEBUG] _build_repair_panel called
[Turn 1] [DEBUG] Initializing repair_panel
[Turn 1] [DEBUG] Initializing repair_panel
[DEBUG] GameManager: Peer 1 NOT in Lobby Teams. Defaulting to 0 (Spectator). Teams: {  }
[Turn 1] Network: Default Assignment (Host=1, Client=2). My Side: 1
[Turn 1] Network: Default Assignment (Host=1, Client=2). My Side: 1
[Turn 1] Offline Mode: Starting Game immediately.
[Turn 1] Offline Mode: Starting Game immediately.
[Turn 1] Game Setup Received: Seed 805384216
[Turn 1] Game Setup Received: Seed 805384216
[SCENARIO] Sathar Entry Edge: 5 (Vec: (1, -1, 0)), Facing: 2
[Turn 1] Loading Scenario: Surprise Attack!
[Turn 1] Loading Scenario: Surprise Attack!
[DEBUG] Ship Station Alpha loaded with Orbit Dir 1
[Turn 1] Defiant docked at Station Alpha
[Turn 1] Defiant docked at Station Alpha
[Turn 1] Stiletto docked at Station Alpha
[Turn 1] Stiletto docked at Station Alpha
[Turn 1] [color=cyan]=== DEPLOYMENT Phase ===[/color]
[Turn 1] [color=cyan]=== DEPLOYMENT Phase ===[/color]
[Turn 1] [color=yellow]AI Spawning for Side 2 (Sathar: false)[/color]
[Turn 1] [color=yellow]AI Spawning for Side 2 (Sathar: false)[/color]
[DEBUG] _update_deployment_ui called - Subphase: 2, my_side_id: 1
DEBUG: ghost input dist: 1 | start: (0, 0, 0) | target: (0, 1, -1) | facing: 1
[Turn 1] Movement Phase: Sathar
[Turn 1] Movement Phase: Sathar
* test_preview_extension
[DEBUG] _build_repair_panel called
[Turn 1] [DEBUG] Initializing repair_panel
[Turn 1] [DEBUG] Initializing repair_panel
[DEBUG] GameManager: Peer 1 NOT in Lobby Teams. Defaulting to 0 (Spectator). Teams: {  }
[Turn 1] Network: Default Assignment (Host=1, Client=2). My Side: 1
[Turn 1] Network: Default Assignment (Host=1, Client=2). My Side: 1
[Turn 1] Offline Mode: Starting Game immediately.
[Turn 1] Offline Mode: Starting Game immediately.
[Turn 1] Game Setup Received: Seed 2345208234
[Turn 1] Game Setup Received: Seed 2345208234
[SCENARIO] Sathar Entry Edge: 1 (Vec: (0, 1, -1)), Facing: 4
[Turn 1] Loading Scenario: Surprise Attack!
[Turn 1] Loading Scenario: Surprise Attack!
[DEBUG] Ship Station Alpha loaded with Orbit Dir 1
[Turn 1] Defiant docked at Station Alpha
[Turn 1] Defiant docked at Station Alpha
[Turn 1] Stiletto docked at Station Alpha
[Turn 1] Stiletto docked at Station Alpha
[Turn 1] [color=cyan]=== DEPLOYMENT Phase ===[/color]
[Turn 1] [color=cyan]=== DEPLOYMENT Phase ===[/color]
[Turn 1] [color=yellow]AI Spawning for Side 2 (Sathar: false)[/color]
[Turn 1] [color=yellow]AI Spawning for Side 2 (Sathar: false)[/color]
[DEBUG] _update_deployment_ui called - Subphase: 2, my_side_id: 1
* test_click_preview_commits_path
[DEBUG] _build_repair_panel called
[Turn 1] [DEBUG] Initializing repair_panel
[Turn 1] [DEBUG] Initializing repair_panel
[DEBUG] GameManager: Peer 1 NOT in Lobby Teams. Defaulting to 0 (Spectator). Teams: {  }
[Turn 1] Network: Default Assignment (Host=1, Client=2). My Side: 1
[Turn 1] Network: Default Assignment (Host=1, Client=2). My Side: 1
[Turn 1] Offline Mode: Starting Game immediately.
[Turn 1] Offline Mode: Starting Game immediately.
[Turn 1] Game Setup Received: Seed 4172934127
[Turn 1] Game Setup Received: Seed 4172934127
[SCENARIO] Sathar Entry Edge: 5 (Vec: (1, -1, 0)), Facing: 2
[Turn 1] Loading Scenario: Surprise Attack!
[Turn 1] Loading Scenario: Surprise Attack!
[DEBUG] Ship Station Alpha loaded with Orbit Dir 1
[Turn 1] Defiant docked at Station Alpha
[Turn 1] Defiant docked at Station Alpha
[Turn 1] Stiletto docked at Station Alpha
[Turn 1] Stiletto docked at Station Alpha
[Turn 1] [color=cyan]=== DEPLOYMENT Phase ===[/color]
[Turn 1] [color=cyan]=== DEPLOYMENT Phase ===[/color]
[Turn 1] [color=yellow]AI Spawning for Side 2 (Sathar: false)[/color]
[Turn 1] [color=yellow]AI Spawning for Side 2 (Sathar: false)[/color]
[DEBUG] _update_deployment_ui called - Subphase: 2, my_side_id: 1
DEBUG: ghost input dist: 2 | start: (0, 0, 0) | target: (-2, 0, 2) | facing: 3
[Turn 1] Movement Phase: Sathar
[Turn 1] Movement Phase: Sathar
* test_preview_max_range
[DEBUG] _build_repair_panel called
[Turn 1] [DEBUG] Initializing repair_panel
[Turn 1] [DEBUG] Initializing repair_panel
[DEBUG] GameManager: Peer 1 NOT in Lobby Teams. Defaulting to 0 (Spectator). Teams: {  }
[Turn 1] Network: Default Assignment (Host=1, Client=2). My Side: 1
[Turn 1] Network: Default Assignment (Host=1, Client=2). My Side: 1
[Turn 1] Offline Mode: Starting Game immediately.
[Turn 1] Offline Mode: Starting Game immediately.
[Turn 1] Game Setup Received: Seed 220158764
[Turn 1] Game Setup Received: Seed 220158764
[SCENARIO] Sathar Entry Edge: 5 (Vec: (1, -1, 0)), Facing: 2
[Turn 1] Loading Scenario: Surprise Attack!
[Turn 1] Loading Scenario: Surprise Attack!
[DEBUG] Ship Station Alpha loaded with Orbit Dir 1
[Turn 1] Defiant docked at Station Alpha
[Turn 1] Defiant docked at Station Alpha
[Turn 1] Stiletto docked at Station Alpha
[Turn 1] Stiletto docked at Station Alpha
[Turn 1] [color=cyan]=== DEPLOYMENT Phase ===[/color]
[Turn 1] [color=cyan]=== DEPLOYMENT Phase ===[/color]
[Turn 1] [color=yellow]AI Spawning for Side 2 (Sathar: false)[/color]
[Turn 1] [color=yellow]AI Spawning for Side 2 (Sathar: false)[/color]
[DEBUG] _update_deployment_ui called - Subphase: 2, my_side_id: 1
* test_right_click_commits_path
[DEBUG] _build_repair_panel called
[Turn 1] [DEBUG] Initializing repair_panel
[Turn 1] [DEBUG] Initializing repair_panel
[DEBUG] GameManager: Peer 1 NOT in Lobby Teams. Defaulting to 0 (Spectator). Teams: {  }
[Turn 1] Network: Default Assignment (Host=1, Client=2). My Side: 1
[Turn 1] Network: Default Assignment (Host=1, Client=2). My Side: 1
[Turn 1] Offline Mode: Starting Game immediately.
[Turn 1] Offline Mode: Starting Game immediately.
[Turn 1] Game Setup Received: Seed 2904397646
[Turn 1] Game Setup Received: Seed 2904397646
[SCENARIO] Sathar Entry Edge: 2 (Vec: (-1, 1, 0)), Facing: 5
[Turn 1] Loading Scenario: Surprise Attack!
[Turn 1] Loading Scenario: Surprise Attack!
[DEBUG] Ship Station Alpha loaded with Orbit Dir 1
[Turn 1] Defiant docked at Station Alpha
[Turn 1] Defiant docked at Station Alpha
[Turn 1] Stiletto docked at Station Alpha
[Turn 1] Stiletto docked at Station Alpha
[Turn 1] [color=cyan]=== DEPLOYMENT Phase ===[/color]
[Turn 1] [color=cyan]=== DEPLOYMENT Phase ===[/color]
[Turn 1] [color=yellow]AI Spawning for Side 2 (Sathar: false)[/color]
[Turn 1] [color=yellow]AI Spawning for Side 2 (Sathar: false)[/color]
[DEBUG] _update_deployment_ui called - Subphase: 2, my_side_id: 1
[Turn 1] Right Click: Committing Move...
[Turn 1] Right Click: Committing Move...
DEBUG: _on_commit_move for TestShip
DEBUG: Path size: 1
DEBUG: Calling register_movement_plan locally
[Turn 1] Orders Received for TestShip
[Turn 1] Orders Received for TestShip
[1m6/6 passed.
[0m[4m

test/unit/test_gravity_wells.gd
[0m* test_gravity_exit_costs_mr
[DEBUG] _build_repair_panel called
[Turn 1] [DEBUG] Initializing repair_panel
[Turn 1] [DEBUG] Initializing repair_panel
[DEBUG] GameManager: Peer 1 NOT in Lobby Teams. Defaulting to 0 (Spectator). Teams: {  }
[Turn 1] Network: Default Assignment (Host=1, Client=2). My Side: 1
[Turn 1] Network: Default Assignment (Host=1, Client=2). My Side: 1
[Turn 1] Offline Mode: Starting Game immediately.
[Turn 1] Offline Mode: Starting Game immediately.
[Turn 1] Game Setup Received: Seed 2930753253
[Turn 1] Game Setup Received: Seed 2930753253
[SCENARIO] Sathar Entry Edge: 5 (Vec: (1, -1, 0)), Facing: 2
[Turn 1] Loading Scenario: Surprise Attack!
[Turn 1] Loading Scenario: Surprise Attack!
[DEBUG] Ship Station Alpha loaded with Orbit Dir 1
[Turn 1] Defiant docked at Station Alpha
[Turn 1] Defiant docked at Station Alpha
[Turn 1] Stiletto docked at Station Alpha
[Turn 1] Stiletto docked at Station Alpha
[Turn 1] [color=cyan]=== DEPLOYMENT Phase ===[/color]
[Turn 1] [color=cyan]=== DEPLOYMENT Phase ===[/color]
[Turn 1] [color=yellow]AI Spawning for Side 2 (Sathar: false)[/color]
[Turn 1] [color=yellow]AI Spawning for Side 2 (Sathar: false)[/color]
[DEBUG] _update_deployment_ui called - Subphase: 2, my_side_id: 1
[Turn 1] Selected TestShip
[Turn 1] Selected TestShip
DEBUG: ghost input dist: 1 | start: (1, -1, 0) | target: (0, -1, 1) | facing: 3
[Turn 1] Movement Phase: Sathar
[Turn 1] Movement Phase: Sathar
* test_gravity_involuntary_facing_change
[DEBUG] _build_repair_panel called
[Turn 1] [DEBUG] Initializing repair_panel
[Turn 1] [DEBUG] Initializing repair_panel
[DEBUG] GameManager: Peer 1 NOT in Lobby Teams. Defaulting to 0 (Spectator). Teams: {  }
[Turn 1] Network: Default Assignment (Host=1, Client=2). My Side: 1
[Turn 1] Network: Default Assignment (Host=1, Client=2). My Side: 1
[Turn 1] Offline Mode: Starting Game immediately.
[Turn 1] Offline Mode: Starting Game immediately.
[Turn 1] Game Setup Received: Seed 595780902
[Turn 1] Game Setup Received: Seed 595780902
[SCENARIO] Sathar Entry Edge: 5 (Vec: (1, -1, 0)), Facing: 2
[Turn 1] Loading Scenario: Surprise Attack!
[Turn 1] Loading Scenario: Surprise Attack!
[DEBUG] Ship Station Alpha loaded with Orbit Dir 1
[Turn 1] Defiant docked at Station Alpha
[Turn 1] Defiant docked at Station Alpha
[Turn 1] Stiletto docked at Station Alpha
[Turn 1] Stiletto docked at Station Alpha
[Turn 1] [color=cyan]=== DEPLOYMENT Phase ===[/color]
[Turn 1] [color=cyan]=== DEPLOYMENT Phase ===[/color]
[Turn 1] [color=yellow]AI Spawning for Side 2 (Sathar: false)[/color]
[Turn 1] [color=yellow]AI Spawning for Side 2 (Sathar: false)[/color]
[DEBUG] _update_deployment_ui called - Subphase: 2, my_side_id: 1
[Turn 1] Selected TestShip
[Turn 1] Selected TestShip
DEBUG: ghost input dist: 2 | start: (1, -1, 0) | target: (-1, -1, 2) | facing: 3
[Turn 1] Movement Phase: Sathar
[Turn 1] Movement Phase: Sathar
[Turn 1] Gravity overwhelmed MR! Involuntary Facing Change down gravity well.
[Turn 1] Gravity overwhelmed MR! Involuntary Facing Change down gravity well.
* test_gravity_inward_turn_free
[DEBUG] _build_repair_panel called
[Turn 1] [DEBUG] Initializing repair_panel
[Turn 1] [DEBUG] Initializing repair_panel
[DEBUG] GameManager: Peer 1 NOT in Lobby Teams. Defaulting to 0 (Spectator). Teams: {  }
[Turn 1] Network: Default Assignment (Host=1, Client=2). My Side: 1
[Turn 1] Network: Default Assignment (Host=1, Client=2). My Side: 1
[Turn 1] Offline Mode: Starting Game immediately.
[Turn 1] Offline Mode: Starting Game immediately.
[Turn 1] Game Setup Received: Seed 1503332973
[Turn 1] Game Setup Received: Seed 1503332973
[SCENARIO] Sathar Entry Edge: 0 (Vec: (1, 0, -1)), Facing: 3
[Turn 1] Loading Scenario: Surprise Attack!
[Turn 1] Loading Scenario: Surprise Attack!
[DEBUG] Ship Station Alpha loaded with Orbit Dir 1
[Turn 1] Defiant docked at Station Alpha
[Turn 1] Defiant docked at Station Alpha
[Turn 1] Stiletto docked at Station Alpha
[Turn 1] Stiletto docked at Station Alpha
[Turn 1] [color=cyan]=== DEPLOYMENT Phase ===[/color]
[Turn 1] [color=cyan]=== DEPLOYMENT Phase ===[/color]
[Turn 1] [color=yellow]AI Spawning for Side 2 (Sathar: false)[/color]
[Turn 1] [color=yellow]AI Spawning for Side 2 (Sathar: false)[/color]
[DEBUG] _update_deployment_ui called - Subphase: 2, my_side_id: 1
[Turn 1] Selected TestShip
[Turn 1] Selected TestShip
DEBUG: ghost input dist: 1 | start: (1, -1, 0) | target: (1, -2, 1) | facing: 4
[Turn 1] Movement Phase: Sathar
[Turn 1] Movement Phase: Sathar
[Turn 1] Movement Phase: Sathar
[Turn 1] Movement Phase: Sathar
[Turn 1] Movement Phase: Sathar
[Turn 1] Movement Phase: Sathar
[Turn 1] Movement Phase: Sathar
[Turn 1] Movement Phase: Sathar
[1m3/3 passed.
[0m[4m

test/unit/test_hex_grid.gd
[0m* test_cube_round_trip
* test_hex_distance
* test_get_neighbors
* test_get_line_coords
[1m4/4 passed.
[0m[4m

test/unit/test_last_stand_crash.gd
[0m* test_last_stand_load
[DEBUG] _build_repair_panel called
[Turn 1] [DEBUG] Initializing repair_panel
[Turn 1] [DEBUG] Initializing repair_panel
[DEBUG] GameManager: Peer 1 NOT in Lobby Teams. Defaulting to 0 (Spectator). Teams: {  }
[Turn 1] Network: Default Assignment (Host=1, Client=2). My Side: 1
[Turn 1] Network: Default Assignment (Host=1, Client=2). My Side: 1
[Turn 1] Offline Mode: Starting Game immediately.
[Turn 1] Offline Mode: Starting Game immediately.
[Turn 1] Game Setup Received: Seed 2809840070
[Turn 1] Game Setup Received: Seed 2809840070
[SCENARIO] Sathar Entry Edge: 1 (Vec: (0, 1, -1)), Facing: 4
[Turn 1] Loading Scenario: Surprise Attack!
[Turn 1] Loading Scenario: Surprise Attack!
[DEBUG] Ship Station Alpha loaded with Orbit Dir 1
[Turn 1] Defiant docked at Station Alpha
[Turn 1] Defiant docked at Station Alpha
[Turn 1] Stiletto docked at Station Alpha
[Turn 1] Stiletto docked at Station Alpha
[Turn 1] [color=cyan]=== DEPLOYMENT Phase ===[/color]
[Turn 1] [color=cyan]=== DEPLOYMENT Phase ===[/color]
[Turn 1] [color=yellow]AI Spawning for Side 2 (Sathar: false)[/color]
[Turn 1] [color=yellow]AI Spawning for Side 2 (Sathar: false)[/color]
[DEBUG] _update_deployment_ui called - Subphase: 2, my_side_id: 1
[Turn 1] Game Setup Received: Seed 1234
[Turn 1] Game Setup Received: Seed 1234
[Turn 1] Loading Scenario: The Last Stand
[Turn 1] Loading Scenario: The Last Stand
[DEBUG] Ship Fortress K'zdit loaded with Orbit Dir -1
[Turn 1] Fighter a docked at Fortress K'zdit
[Turn 1] Fighter a docked at Fortress K'zdit
[Turn 1] Fighter b docked at Fortress K'zdit
[Turn 1] Fighter b docked at Fortress K'zdit
[Turn 1] Fighter A docked at Infamous
[Turn 1] Fighter A docked at Infamous
[Turn 1] Fighter B docked at Infamous
[Turn 1] Fighter B docked at Infamous
[Turn 1] [color=cyan]=== DEPLOYMENT Phase ===[/color]
[Turn 1] [color=cyan]=== DEPLOYMENT Phase ===[/color]
[DEBUG] _update_deployment_ui called - Subphase: 1, my_side_id: 1
[1m1/1 passed.
[0m[4m

test/unit/test_last_stand_load.gd
[0m* test_last_stand_load
[DEBUG] _build_repair_panel called
[Turn 1] [DEBUG] Initializing repair_panel
[Turn 1] [DEBUG] Initializing repair_panel
[DEBUG] GameManager: Peer 1 NOT in Lobby Teams. Defaulting to 0 (Spectator). Teams: {  }
[Turn 1] Network: Default Assignment (Host=1, Client=2). My Side: 1
[Turn 1] Network: Default Assignment (Host=1, Client=2). My Side: 1
[Turn 1] Offline Mode: Starting Game immediately.
[Turn 1] Offline Mode: Starting Game immediately.
[Turn 1] Game Setup Received: Seed 3328653730
[Turn 1] Game Setup Received: Seed 3328653730
[SCENARIO] Sathar Entry Edge: 5 (Vec: (1, -1, 0)), Facing: 2
[Turn 1] Loading Scenario: Surprise Attack!
[Turn 1] Loading Scenario: Surprise Attack!
[DEBUG] Ship Station Alpha loaded with Orbit Dir 1
[Turn 1] Defiant docked at Station Alpha
[Turn 1] Defiant docked at Station Alpha
[Turn 1] Stiletto docked at Station Alpha
[Turn 1] Stiletto docked at Station Alpha
[Turn 1] [color=cyan]=== DEPLOYMENT Phase ===[/color]
[Turn 1] [color=cyan]=== DEPLOYMENT Phase ===[/color]
[Turn 1] [color=yellow]AI Spawning for Side 2 (Sathar: false)[/color]
[Turn 1] [color=yellow]AI Spawning for Side 2 (Sathar: false)[/color]
[DEBUG] _update_deployment_ui called - Subphase: 2, my_side_id: 1
[Turn 1] Game Setup Received: Seed 1234
[Turn 1] Game Setup Received: Seed 1234
[Turn 1] Loading Scenario: The Last Stand
[Turn 1] Loading Scenario: The Last Stand
[DEBUG] Ship Fortress K'zdit loaded with Orbit Dir -1
[Turn 1] Fighter a docked at Fortress K'zdit
[Turn 1] Fighter a docked at Fortress K'zdit
[Turn 1] Fighter b docked at Fortress K'zdit
[Turn 1] Fighter b docked at Fortress K'zdit
[Turn 1] Fighter A docked at Infamous
[Turn 1] Fighter A docked at Infamous
[Turn 1] Fighter B docked at Infamous
[Turn 1] Fighter B docked at Infamous
[Turn 1] [color=cyan]=== DEPLOYMENT Phase ===[/color]
[Turn 1] [color=cyan]=== DEPLOYMENT Phase ===[/color]
[DEBUG] _update_deployment_ui called - Subphase: 1, my_side_id: 1
[1m1/1 passed.
[0m[4m

test/unit/test_minimap_view.gd
[0m* test_view_rect_logic
[DEBUG] _build_repair_panel called
[Turn 1] [DEBUG] Initializing repair_panel
[Turn 1] [DEBUG] Initializing repair_panel
[DEBUG] GameManager: Peer 1 NOT in Lobby Teams. Defaulting to 0 (Spectator). Teams: {  }
[Turn 1] Network: Default Assignment (Host=1, Client=2). My Side: 1
[Turn 1] Network: Default Assignment (Host=1, Client=2). My Side: 1
[Turn 1] Offline Mode: Starting Game immediately.
[Turn 1] Offline Mode: Starting Game immediately.
[Turn 1] Game Setup Received: Seed 2382621869
[Turn 1] Game Setup Received: Seed 2382621869
[SCENARIO] Sathar Entry Edge: 2 (Vec: (-1, 1, 0)), Facing: 5
[Turn 1] Loading Scenario: Surprise Attack!
[Turn 1] Loading Scenario: Surprise Attack!
[DEBUG] Ship Station Alpha loaded with Orbit Dir 1
[Turn 1] Defiant docked at Station Alpha
[Turn 1] Defiant docked at Station Alpha
[Turn 1] Stiletto docked at Station Alpha
[Turn 1] Stiletto docked at Station Alpha
[Turn 1] [color=cyan]=== DEPLOYMENT Phase ===[/color]
[Turn 1] [color=cyan]=== DEPLOYMENT Phase ===[/color]
[Turn 1] [color=yellow]AI Spawning for Side 2 (Sathar: false)[/color]
[Turn 1] [color=yellow]AI Spawning for Side 2 (Sathar: false)[/color]
[DEBUG] _update_deployment_ui called - Subphase: 2, my_side_id: 1
[DEBUG] _build_repair_panel called
[Turn 1] [DEBUG] Initializing repair_panel
[Turn 1] [DEBUG] Initializing repair_panel
[DEBUG] GameManager: Peer 1 NOT in Lobby Teams. Defaulting to 0 (Spectator). Teams: {  }
[Turn 1] Network: Default Assignment (Host=1, Client=2). My Side: 1
[Turn 1] Network: Default Assignment (Host=1, Client=2). My Side: 1
[Turn 1] Offline Mode: Starting Game immediately.
[Turn 1] Offline Mode: Starting Game immediately.
[Turn 1] Game Setup Received: Seed 678378206
[Turn 1] Game Setup Received: Seed 678378206
[SCENARIO] Sathar Entry Edge: 3 (Vec: (-1, 0, 1)), Facing: 0
[Turn 1] Loading Scenario: Surprise Attack!
[Turn 1] Loading Scenario: Surprise Attack!
[DEBUG] Ship Station Alpha2 loaded with Orbit Dir 1
[Turn 1] [color=cyan]=== DEPLOYMENT Phase ===[/color]
[Turn 1] [color=cyan]=== DEPLOYMENT Phase ===[/color]
[DEBUG] _update_deployment_ui called - Subphase: 2, my_side_id: 1
[1m1/1 passed.
[0m[4m

test/unit/test_mouse_facing.gd
[0m* test_mouse_over_left_turn_preview
[DEBUG] _build_repair_panel called
[Turn 1] [DEBUG] Initializing repair_panel
[Turn 1] [DEBUG] Initializing repair_panel
[DEBUG] GameManager: Peer 1 NOT in Lobby Teams. Defaulting to 0 (Spectator). Teams: {  }
[Turn 1] Network: Default Assignment (Host=1, Client=2). My Side: 1
[Turn 1] Network: Default Assignment (Host=1, Client=2). My Side: 1
[Turn 1] Offline Mode: Starting Game immediately.
[Turn 1] Offline Mode: Starting Game immediately.
[Turn 1] Game Setup Received: Seed 610553810
[Turn 1] Game Setup Received: Seed 610553810
[SCENARIO] Sathar Entry Edge: 0 (Vec: (1, 0, -1)), Facing: 3
[Turn 1] Loading Scenario: Surprise Attack!
[Turn 1] Loading Scenario: Surprise Attack!
[DEBUG] Ship Station Alpha loaded with Orbit Dir 1
[Turn 1] Defiant docked at Station Alpha
[Turn 1] Defiant docked at Station Alpha
[Turn 1] Stiletto docked at Station Alpha
[Turn 1] Stiletto docked at Station Alpha
[Turn 1] [color=cyan]=== DEPLOYMENT Phase ===[/color]
[Turn 1] [color=cyan]=== DEPLOYMENT Phase ===[/color]
[Turn 1] [color=yellow]AI Spawning for Side 2 (Sathar: false)[/color]
[Turn 1] [color=yellow]AI Spawning for Side 2 (Sathar: false)[/color]
[DEBUG] _update_deployment_ui called - Subphase: 2, my_side_id: 1
* test_turn_after_move_preview
[DEBUG] _build_repair_panel called
[Turn 1] [DEBUG] Initializing repair_panel
[Turn 1] [DEBUG] Initializing repair_panel
[DEBUG] GameManager: Peer 1 NOT in Lobby Teams. Defaulting to 0 (Spectator). Teams: {  }
[Turn 1] Network: Default Assignment (Host=1, Client=2). My Side: 1
[Turn 1] Network: Default Assignment (Host=1, Client=2). My Side: 1
[Turn 1] Offline Mode: Starting Game immediately.
[Turn 1] Offline Mode: Starting Game immediately.
[Turn 1] Game Setup Received: Seed 1417585278
[Turn 1] Game Setup Received: Seed 1417585278
[SCENARIO] Sathar Entry Edge: 2 (Vec: (-1, 1, 0)), Facing: 5
[Turn 1] Loading Scenario: Surprise Attack!
[Turn 1] Loading Scenario: Surprise Attack!
[DEBUG] Ship Station Alpha loaded with Orbit Dir 1
[Turn 1] Defiant docked at Station Alpha
[Turn 1] Defiant docked at Station Alpha
[Turn 1] Stiletto docked at Station Alpha
[Turn 1] Stiletto docked at Station Alpha
[Turn 1] [color=cyan]=== DEPLOYMENT Phase ===[/color]
[Turn 1] [color=cyan]=== DEPLOYMENT Phase ===[/color]
[Turn 1] [color=yellow]AI Spawning for Side 2 (Sathar: false)[/color]
[Turn 1] [color=yellow]AI Spawning for Side 2 (Sathar: false)[/color]
[DEBUG] _update_deployment_ui called - Subphase: 2, my_side_id: 1
[Turn 1] Movement Phase: Sathar
[Turn 1] Movement Phase: Sathar
* test_mouse_over_right_turn_preview
[DEBUG] _build_repair_panel called
[Turn 1] [DEBUG] Initializing repair_panel
[Turn 1] [DEBUG] Initializing repair_panel
[DEBUG] GameManager: Peer 1 NOT in Lobby Teams. Defaulting to 0 (Spectator). Teams: {  }
[Turn 1] Network: Default Assignment (Host=1, Client=2). My Side: 1
[Turn 1] Network: Default Assignment (Host=1, Client=2). My Side: 1
[Turn 1] Offline Mode: Starting Game immediately.
[Turn 1] Offline Mode: Starting Game immediately.
[Turn 1] Game Setup Received: Seed 4100156936
[Turn 1] Game Setup Received: Seed 4100156936
[SCENARIO] Sathar Entry Edge: 3 (Vec: (-1, 0, 1)), Facing: 0
[Turn 1] Loading Scenario: Surprise Attack!
[Turn 1] Loading Scenario: Surprise Attack!
[DEBUG] Ship Station Alpha loaded with Orbit Dir 1
[Turn 1] Defiant docked at Station Alpha
[Turn 1] Defiant docked at Station Alpha
[Turn 1] Stiletto docked at Station Alpha
[Turn 1] Stiletto docked at Station Alpha
[Turn 1] [color=cyan]=== DEPLOYMENT Phase ===[/color]
[Turn 1] [color=cyan]=== DEPLOYMENT Phase ===[/color]
[Turn 1] [color=yellow]AI Spawning for Side 2 (Sathar: false)[/color]
[Turn 1] [color=yellow]AI Spawning for Side 2 (Sathar: false)[/color]
[DEBUG] _update_deployment_ui called - Subphase: 2, my_side_id: 1
DEBUG _can_withdraw: rejected bad scen_key: surprise_attack
* test_mouse_over_invalid_turn_preview
[DEBUG] _build_repair_panel called
[Turn 1] [DEBUG] Initializing repair_panel
[Turn 1] [DEBUG] Initializing repair_panel
[DEBUG] GameManager: Peer 1 NOT in Lobby Teams. Defaulting to 0 (Spectator). Teams: {  }
[Turn 1] Network: Default Assignment (Host=1, Client=2). My Side: 1
[Turn 1] Network: Default Assignment (Host=1, Client=2). My Side: 1
[Turn 1] Offline Mode: Starting Game immediately.
[Turn 1] Offline Mode: Starting Game immediately.
[Turn 1] Game Setup Received: Seed 2304515188
[Turn 1] Game Setup Received: Seed 2304515188
[SCENARIO] Sathar Entry Edge: 4 (Vec: (0, -1, 1)), Facing: 1
[Turn 1] Loading Scenario: Surprise Attack!
[Turn 1] Loading Scenario: Surprise Attack!
[DEBUG] Ship Station Alpha loaded with Orbit Dir 1
[Turn 1] Defiant docked at Station Alpha
[Turn 1] Defiant docked at Station Alpha
[Turn 1] Stiletto docked at Station Alpha
[Turn 1] Stiletto docked at Station Alpha
[Turn 1] [color=cyan]=== DEPLOYMENT Phase ===[/color]
[Turn 1] [color=cyan]=== DEPLOYMENT Phase ===[/color]
[Turn 1] [color=yellow]AI Spawning for Side 2 (Sathar: false)[/color]
[Turn 1] [color=yellow]AI Spawning for Side 2 (Sathar: false)[/color]
[DEBUG] _update_deployment_ui called - Subphase: 2, my_side_id: 1
* test_speed_0_free_rotation_preview
[DEBUG] _build_repair_panel called
[Turn 1] [DEBUG] Initializing repair_panel
[Turn 1] [DEBUG] Initializing repair_panel
[DEBUG] GameManager: Peer 1 NOT in Lobby Teams. Defaulting to 0 (Spectator). Teams: {  }
[Turn 1] Network: Default Assignment (Host=1, Client=2). My Side: 1
[Turn 1] Network: Default Assignment (Host=1, Client=2). My Side: 1
[Turn 1] Offline Mode: Starting Game immediately.
[Turn 1] Offline Mode: Starting Game immediately.
[Turn 1] Game Setup Received: Seed 404206785
[Turn 1] Game Setup Received: Seed 404206785
[SCENARIO] Sathar Entry Edge: 2 (Vec: (-1, 1, 0)), Facing: 5
[Turn 1] Loading Scenario: Surprise Attack!
[Turn 1] Loading Scenario: Surprise Attack!
[DEBUG] Ship Station Alpha loaded with Orbit Dir 1
[Turn 1] Defiant docked at Station Alpha
[Turn 1] Defiant docked at Station Alpha
[Turn 1] Stiletto docked at Station Alpha
[Turn 1] Stiletto docked at Station Alpha
[Turn 1] [color=cyan]=== DEPLOYMENT Phase ===[/color]
[Turn 1] [color=cyan]=== DEPLOYMENT Phase ===[/color]
[Turn 1] [color=yellow]AI Spawning for Side 2 (Sathar: false)[/color]
[Turn 1] [color=yellow]AI Spawning for Side 2 (Sathar: false)[/color]
[DEBUG] _update_deployment_ui called - Subphase: 2, my_side_id: 1
DEBUG _can_withdraw: rejected bad scen_key: surprise_attack
[1m5/5 passed.
[0m[4m

test/unit/test_mouse_facing_cost.gd
[0m* test_mouse_turn_consumes_mr
[DEBUG] _build_repair_panel called
[Turn 1] [DEBUG] Initializing repair_panel
[Turn 1] [DEBUG] Initializing repair_panel
[DEBUG] GameManager: Peer 1 NOT in Lobby Teams. Defaulting to 0 (Spectator). Teams: {  }
[Turn 1] Network: Default Assignment (Host=1, Client=2). My Side: 1
[Turn 1] Network: Default Assignment (Host=1, Client=2). My Side: 1
[Turn 1] Offline Mode: Starting Game immediately.
[Turn 1] Offline Mode: Starting Game immediately.
[Turn 1] Game Setup Received: Seed 3488606214
[Turn 1] Game Setup Received: Seed 3488606214
[SCENARIO] Sathar Entry Edge: 3 (Vec: (-1, 0, 1)), Facing: 0
[Turn 1] Loading Scenario: Surprise Attack!
[Turn 1] Loading Scenario: Surprise Attack!
[DEBUG] Ship Station Alpha loaded with Orbit Dir 1
[Turn 1] Defiant docked at Station Alpha
[Turn 1] Defiant docked at Station Alpha
[Turn 1] Stiletto docked at Station Alpha
[Turn 1] Stiletto docked at Station Alpha
[Turn 1] [color=cyan]=== DEPLOYMENT Phase ===[/color]
[Turn 1] [color=cyan]=== DEPLOYMENT Phase ===[/color]
[Turn 1] [color=yellow]AI Spawning for Side 2 (Sathar: false)[/color]
[Turn 1] [color=yellow]AI Spawning for Side 2 (Sathar: false)[/color]
[DEBUG] _update_deployment_ui called - Subphase: 2, my_side_id: 1
[Turn 1] Movement Phase: Sathar
[Turn 1] Movement Phase: Sathar
* test_mouse_turn_undo_refunds_mr
[DEBUG] _build_repair_panel called
[Turn 1] [DEBUG] Initializing repair_panel
[Turn 1] [DEBUG] Initializing repair_panel
[DEBUG] GameManager: Peer 1 NOT in Lobby Teams. Defaulting to 0 (Spectator). Teams: {  }
[Turn 1] Network: Default Assignment (Host=1, Client=2). My Side: 1
[Turn 1] Network: Default Assignment (Host=1, Client=2). My Side: 1
[Turn 1] Offline Mode: Starting Game immediately.
[Turn 1] Offline Mode: Starting Game immediately.
[Turn 1] Game Setup Received: Seed 2159814951
[Turn 1] Game Setup Received: Seed 2159814951
[SCENARIO] Sathar Entry Edge: 5 (Vec: (1, -1, 0)), Facing: 2
[Turn 1] Loading Scenario: Surprise Attack!
[Turn 1] Loading Scenario: Surprise Attack!
[DEBUG] Ship Station Alpha loaded with Orbit Dir 1
[Turn 1] Defiant docked at Station Alpha
[Turn 1] Defiant docked at Station Alpha
[Turn 1] Stiletto docked at Station Alpha
[Turn 1] Stiletto docked at Station Alpha
[Turn 1] [color=cyan]=== DEPLOYMENT Phase ===[/color]
[Turn 1] [color=cyan]=== DEPLOYMENT Phase ===[/color]
[Turn 1] [color=yellow]AI Spawning for Side 2 (Sathar: false)[/color]
[Turn 1] [color=yellow]AI Spawning for Side 2 (Sathar: false)[/color]
[DEBUG] _update_deployment_ui called - Subphase: 2, my_side_id: 1
[Turn 1] Movement Phase: Sathar
[Turn 1] Movement Phase: Sathar
[Turn 1] Movement Phase: Sathar
[Turn 1] Movement Phase: Sathar
* test_mouse_turn_blocked_if_no_mr
[DEBUG] _build_repair_panel called
[Turn 1] [DEBUG] Initializing repair_panel
[Turn 1] [DEBUG] Initializing repair_panel
[DEBUG] GameManager: Peer 1 NOT in Lobby Teams. Defaulting to 0 (Spectator). Teams: {  }
[Turn 1] Network: Default Assignment (Host=1, Client=2). My Side: 1
[Turn 1] Network: Default Assignment (Host=1, Client=2). My Side: 1
[Turn 1] Offline Mode: Starting Game immediately.
[Turn 1] Offline Mode: Starting Game immediately.
[Turn 1] Game Setup Received: Seed 66926952
[Turn 1] Game Setup Received: Seed 66926952
[SCENARIO] Sathar Entry Edge: 5 (Vec: (1, -1, 0)), Facing: 2
[Turn 1] Loading Scenario: Surprise Attack!
[Turn 1] Loading Scenario: Surprise Attack!
[DEBUG] Ship Station Alpha loaded with Orbit Dir 1
[Turn 1] Defiant docked at Station Alpha
[Turn 1] Defiant docked at Station Alpha
[Turn 1] Stiletto docked at Station Alpha
[Turn 1] Stiletto docked at Station Alpha
[Turn 1] [color=cyan]=== DEPLOYMENT Phase ===[/color]
[Turn 1] [color=cyan]=== DEPLOYMENT Phase ===[/color]
[Turn 1] [color=yellow]AI Spawning for Side 2 (Sathar: false)[/color]
[Turn 1] [color=yellow]AI Spawning for Side 2 (Sathar: false)[/color]
[DEBUG] _update_deployment_ui called - Subphase: 2, my_side_id: 1
[1m3/3 passed.
[0m[4m

test/unit/test_movement_constraints.gd
[0m* test_cannot_turn_at_start_if_speed_gt_0
[DEBUG] _build_repair_panel called
[Turn 1] [DEBUG] Initializing repair_panel
[Turn 1] [DEBUG] Initializing repair_panel
[DEBUG] GameManager: Peer 1 NOT in Lobby Teams. Defaulting to 0 (Spectator). Teams: {  }
[Turn 1] Network: Default Assignment (Host=1, Client=2). My Side: 1
[Turn 1] Network: Default Assignment (Host=1, Client=2). My Side: 1
[Turn 1] Offline Mode: Starting Game immediately.
[Turn 1] Offline Mode: Starting Game immediately.
[Turn 1] Game Setup Received: Seed 778656503
[Turn 1] Game Setup Received: Seed 778656503
[SCENARIO] Sathar Entry Edge: 4 (Vec: (0, -1, 1)), Facing: 1
[Turn 1] Loading Scenario: Surprise Attack!
[Turn 1] Loading Scenario: Surprise Attack!
[DEBUG] Ship Station Alpha loaded with Orbit Dir 1
[Turn 1] Defiant docked at Station Alpha
[Turn 1] Defiant docked at Station Alpha
[Turn 1] Stiletto docked at Station Alpha
[Turn 1] Stiletto docked at Station Alpha
[Turn 1] [color=cyan]=== DEPLOYMENT Phase ===[/color]
[Turn 1] [color=cyan]=== DEPLOYMENT Phase ===[/color]
[Turn 1] [color=yellow]AI Spawning for Side 2 (Sathar: false)[/color]
[Turn 1] [color=yellow]AI Spawning for Side 2 (Sathar: false)[/color]
[DEBUG] _update_deployment_ui called - Subphase: 2, my_side_id: 1
* test_can_turn_freely_at_start_if_speed_0
[DEBUG] _build_repair_panel called
[Turn 1] [DEBUG] Initializing repair_panel
[Turn 1] [DEBUG] Initializing repair_panel
[DEBUG] GameManager: Peer 1 NOT in Lobby Teams. Defaulting to 0 (Spectator). Teams: {  }
[Turn 1] Network: Default Assignment (Host=1, Client=2). My Side: 1
[Turn 1] Network: Default Assignment (Host=1, Client=2). My Side: 1
[Turn 1] Offline Mode: Starting Game immediately.
[Turn 1] Offline Mode: Starting Game immediately.
[Turn 1] Game Setup Received: Seed 577267656
[Turn 1] Game Setup Received: Seed 577267656
[SCENARIO] Sathar Entry Edge: 0 (Vec: (1, 0, -1)), Facing: 3
[Turn 1] Loading Scenario: Surprise Attack!
[Turn 1] Loading Scenario: Surprise Attack!
[DEBUG] Ship Station Alpha loaded with Orbit Dir 1
[Turn 1] Defiant docked at Station Alpha
[Turn 1] Defiant docked at Station Alpha
[Turn 1] Stiletto docked at Station Alpha
[Turn 1] Stiletto docked at Station Alpha
[Turn 1] [color=cyan]=== DEPLOYMENT Phase ===[/color]
[Turn 1] [color=cyan]=== DEPLOYMENT Phase ===[/color]
[Turn 1] [color=yellow]AI Spawning for Side 2 (Sathar: false)[/color]
[Turn 1] [color=yellow]AI Spawning for Side 2 (Sathar: false)[/color]
[DEBUG] _update_deployment_ui called - Subphase: 2, my_side_id: 1
* test_undo_turn_logic
[DEBUG] _build_repair_panel called
[Turn 1] [DEBUG] Initializing repair_panel
[Turn 1] [DEBUG] Initializing repair_panel
[DEBUG] GameManager: Peer 1 NOT in Lobby Teams. Defaulting to 0 (Spectator). Teams: {  }
[Turn 1] Network: Default Assignment (Host=1, Client=2). My Side: 1
[Turn 1] Network: Default Assignment (Host=1, Client=2). My Side: 1
[Turn 1] Offline Mode: Starting Game immediately.
[Turn 1] Offline Mode: Starting Game immediately.
[Turn 1] Game Setup Received: Seed 885815698
[Turn 1] Game Setup Received: Seed 885815698
[SCENARIO] Sathar Entry Edge: 5 (Vec: (1, -1, 0)), Facing: 2
[Turn 1] Loading Scenario: Surprise Attack!
[Turn 1] Loading Scenario: Surprise Attack!
[DEBUG] Ship Station Alpha loaded with Orbit Dir 1
[Turn 1] Defiant docked at Station Alpha
[Turn 1] Defiant docked at Station Alpha
[Turn 1] Stiletto docked at Station Alpha
[Turn 1] Stiletto docked at Station Alpha
[Turn 1] [color=cyan]=== DEPLOYMENT Phase ===[/color]
[Turn 1] [color=cyan]=== DEPLOYMENT Phase ===[/color]
[Turn 1] [color=yellow]AI Spawning for Side 2 (Sathar: false)[/color]
[Turn 1] [color=yellow]AI Spawning for Side 2 (Sathar: false)[/color]
[DEBUG] _update_deployment_ui called - Subphase: 2, my_side_id: 1
[Turn 1] Movement Phase: Sathar
[Turn 1] Movement Phase: Sathar
[Turn 1] Movement Phase: Sathar
[Turn 1] Movement Phase: Sathar
[Turn 1] Movement Phase: Sathar
[Turn 1] Movement Phase: Sathar
[1m3/3 passed.
[0m[4m

test/unit/test_movement_execution.gd
[0m* test_execute_all_movement_advances_side
[DEBUG] _build_repair_panel called
[Turn 1] [DEBUG] Initializing repair_panel
[Turn 1] [DEBUG] Initializing repair_panel
[DEBUG] GameManager: Peer 1 NOT in Lobby Teams. Defaulting to 0 (Spectator). Teams: {  }
[Turn 1] Network: Default Assignment (Host=1, Client=2). My Side: 1
[Turn 1] Network: Default Assignment (Host=1, Client=2). My Side: 1
[Turn 1] Offline Mode: Starting Game immediately.
[Turn 1] Offline Mode: Starting Game immediately.
[Turn 1] Game Setup Received: Seed 784533212
[Turn 1] Game Setup Received: Seed 784533212
[SCENARIO] Sathar Entry Edge: 5 (Vec: (1, -1, 0)), Facing: 2
[Turn 1] Loading Scenario: Surprise Attack!
[Turn 1] Loading Scenario: Surprise Attack!
[DEBUG] Ship Station Alpha loaded with Orbit Dir 1
[Turn 1] Defiant docked at Station Alpha
[Turn 1] Defiant docked at Station Alpha
[Turn 1] Stiletto docked at Station Alpha
[Turn 1] Stiletto docked at Station Alpha
[Turn 1] [color=cyan]=== DEPLOYMENT Phase ===[/color]
[Turn 1] [color=cyan]=== DEPLOYMENT Phase ===[/color]
[Turn 1] [color=yellow]AI Spawning for Side 2 (Sathar: false)[/color]
[Turn 1] [color=yellow]AI Spawning for Side 2 (Sathar: false)[/color]
[DEBUG] _update_deployment_ui called - Subphase: 2, my_side_id: 1
[DEBUG] _build_repair_panel called
[Turn 1] [DEBUG] Initializing repair_panel
[Turn 1] [DEBUG] Initializing repair_panel
[DEBUG] GameManager: Peer 1 NOT in Lobby Teams. Defaulting to 0 (Spectator). Teams: {  }
[Turn 1] Network: Default Assignment (Host=1, Client=2). My Side: 1
[Turn 1] Network: Default Assignment (Host=1, Client=2). My Side: 1
[Turn 1] Offline Mode: Starting Game immediately.
[Turn 1] Offline Mode: Starting Game immediately.
[Turn 1] Game Setup Received: Seed 1348375819
[Turn 1] Game Setup Received: Seed 1348375819
[SCENARIO] Sathar Entry Edge: 2 (Vec: (-1, 1, 0)), Facing: 5
[Turn 1] Loading Scenario: Surprise Attack!
[Turn 1] Loading Scenario: Surprise Attack!
[DEBUG] Ship Station Alpha2 loaded with Orbit Dir 1
[Turn 1] [color=cyan]=== DEPLOYMENT Phase ===[/color]
[Turn 1] [color=cyan]=== DEPLOYMENT Phase ===[/color]
[DEBUG] _update_deployment_ui called - Subphase: 2, my_side_id: 1
>>> DIAGNOSTIC: execute_all_movement running for side: 1 on peer: Offline
[Turn 1] Executing Movement Phase for Side Sathar
[Turn 1] Executing Movement Phase for Side Sathar
[Turn 1] [color=yellow]EXECUTE LOOP: Checking Ship Venemous2 (Class: Destroyer, Mines: 0)[/color]
[Turn 1] [color=yellow]EXECUTE LOOP: Checking Ship Venemous2 (Class: Destroyer, Mines: 0)[/color]
[Turn 1] [color=yellow]EXECUTE LOOP: Checking Ship Perdition2 (Class: Heavy Cruiser, Mines: 0)[/color]
[Turn 1] [color=yellow]EXECUTE LOOP: Checking Ship Perdition2 (Class: Heavy Cruiser, Mines: 0)[/color]
[Turn 1] [color=yellow]EXECUTE LOOP: Checking Ship Ship1 (Class: Scout, Mines: 0)[/color]
[Turn 1] [color=yellow]EXECUTE LOOP: Checking Ship Ship1 (Class: Scout, Mines: 0)[/color]
>>> DIAGNOSTIC: Entering Mine Detonations. Active Mines: 0 on peer: Offline
[Turn 1] [color=cyan]!!! DEBUG !!! Entering Mine Detonations. Active Mines: 0[/color]
[Turn 1] [color=cyan]!!! DEBUG !!! Entering Mine Detonations. Active Mines: 0[/color]
[Turn 1] [color=cyan]!!! DEBUG !!! Entering Seeker Movement. Active Seekers: 0[/color]
[Turn 1] [color=cyan]!!! DEBUG !!! Entering Seeker Movement. Active Seekers: 0[/color]
[Turn 1] Movement Phase Complete for Side 1. Starting Combat.
[Turn 1] Movement Phase Complete for Side 1. Starting Combat.
[DEBUG] start_combat_passive: Side 2 firing (Opponent of Moving Side 1)
[Turn 1] Combat Planning: Side 2
[Turn 1] Combat Planning: Side 2
[DEBUG] TARGET CHECK P2. Ships: 4
[DEBUG] VALID: Station Alpha2 found target with Laser Battery
* test_execute_all_movement_second_side_transitions_to_combat_passive
[DEBUG] _build_repair_panel called
[Turn 1] [DEBUG] Initializing repair_panel
[Turn 1] [DEBUG] Initializing repair_panel
[DEBUG] GameManager: Peer 1 NOT in Lobby Teams. Defaulting to 0 (Spectator). Teams: {  }
[Turn 1] Network: Default Assignment (Host=1, Client=2). My Side: 1
[Turn 1] Network: Default Assignment (Host=1, Client=2). My Side: 1
[Turn 1] Offline Mode: Starting Game immediately.
[Turn 1] Offline Mode: Starting Game immediately.
[Turn 1] Game Setup Received: Seed 452063270
[Turn 1] Game Setup Received: Seed 452063270
[SCENARIO] Sathar Entry Edge: 2 (Vec: (-1, 1, 0)), Facing: 5
[Turn 1] Loading Scenario: Surprise Attack!
[Turn 1] Loading Scenario: Surprise Attack!
[DEBUG] Ship Station Alpha loaded with Orbit Dir 1
[Turn 1] Defiant docked at Station Alpha
[Turn 1] Defiant docked at Station Alpha
[Turn 1] Stiletto docked at Station Alpha
[Turn 1] Stiletto docked at Station Alpha
[Turn 1] [color=cyan]=== DEPLOYMENT Phase ===[/color]
[Turn 1] [color=cyan]=== DEPLOYMENT Phase ===[/color]
[Turn 1] [color=yellow]AI Spawning for Side 2 (Sathar: false)[/color]
[Turn 1] [color=yellow]AI Spawning for Side 2 (Sathar: false)[/color]
[DEBUG] _update_deployment_ui called - Subphase: 2, my_side_id: 1
[DEBUG] _build_repair_panel called
[Turn 1] [DEBUG] Initializing repair_panel
[Turn 1] [DEBUG] Initializing repair_panel
[DEBUG] GameManager: Peer 1 NOT in Lobby Teams. Defaulting to 0 (Spectator). Teams: {  }
[Turn 1] Network: Default Assignment (Host=1, Client=2). My Side: 1
[Turn 1] Network: Default Assignment (Host=1, Client=2). My Side: 1
[Turn 1] Offline Mode: Starting Game immediately.
[Turn 1] Offline Mode: Starting Game immediately.
[Turn 1] Game Setup Received: Seed 2129866940
[Turn 1] Game Setup Received: Seed 2129866940
[SCENARIO] Sathar Entry Edge: 0 (Vec: (1, 0, -1)), Facing: 3
[Turn 1] Loading Scenario: Surprise Attack!
[Turn 1] Loading Scenario: Surprise Attack!
[DEBUG] Ship Station Alpha2 loaded with Orbit Dir 1
[Turn 1] [color=cyan]=== DEPLOYMENT Phase ===[/color]
[Turn 1] [color=cyan]=== DEPLOYMENT Phase ===[/color]
[DEBUG] _update_deployment_ui called - Subphase: 2, my_side_id: 1
>>> DIAGNOSTIC: execute_all_movement running for side: 2 on peer: Offline
[Turn 1] Executing Movement Phase for Side UPF
[Turn 1] Executing Movement Phase for Side UPF
[Turn 1] [color=yellow]EXECUTE LOOP: Checking Ship Station Alpha2 (Class: Space Station, Mines: 0)[/color]
[Turn 1] [color=yellow]EXECUTE LOOP: Checking Ship Station Alpha2 (Class: Space Station, Mines: 0)[/color]
[Turn 1] [color=yellow]EXECUTE LOOP: Checking Ship Defiant2 (Class: Frigate, Mines: 0)[/color]
[Turn 1] [color=yellow]EXECUTE LOOP: Checking Ship Defiant2 (Class: Frigate, Mines: 0)[/color]
[Turn 1] Defiant2 docked at Station Alpha2.
[Turn 1] Defiant2 docked at Station Alpha2.
[Turn 1] [color=yellow]EXECUTE LOOP: Checking Ship Stiletto2 (Class: Assault Scout, Mines: 0)[/color]
[Turn 1] [color=yellow]EXECUTE LOOP: Checking Ship Stiletto2 (Class: Assault Scout, Mines: 0)[/color]
[Turn 1] Stiletto2 docked at Station Alpha2.
[Turn 1] Stiletto2 docked at Station Alpha2.
[Turn 1] [color=yellow]EXECUTE LOOP: Checking Ship Ship2 (Class: Scout, Mines: 0)[/color]
[Turn 1] [color=yellow]EXECUTE LOOP: Checking Ship Ship2 (Class: Scout, Mines: 0)[/color]
>>> DIAGNOSTIC: Entering Mine Detonations. Active Mines: 0 on peer: Offline
[Turn 1] [color=cyan]!!! DEBUG !!! Entering Mine Detonations. Active Mines: 0[/color]
[Turn 1] [color=cyan]!!! DEBUG !!! Entering Mine Detonations. Active Mines: 0[/color]
[Turn 1] [color=cyan]!!! DEBUG !!! Entering Seeker Movement. Active Seekers: 0[/color]
[Turn 1] [color=cyan]!!! DEBUG !!! Entering Seeker Movement. Active Seekers: 0[/color]
[Turn 1] Movement Phase Complete for Side 2. Starting Combat.
[Turn 1] Movement Phase Complete for Side 2. Starting Combat.
[DEBUG] start_combat_passive: Side 1 firing (Opponent of Moving Side 2)
[Turn 1] Combat Planning: Side 1
[Turn 1] Combat Planning: Side 1
[DEBUG] TARGET CHECK P1. Ships: 3
[DEBUG] Weapon Torpedoes N/A for Venemous2 (Phase 3, Fired false)
[DEBUG] Weapon Torpedoes N/A for Perdition2 (Phase 3, Fired false)
[DEBUG] NO TARGETS FOUND for P1
[Turn 1] No valid targets for Side 1. Skipping...
[Turn 1] No valid targets for Side 1. Skipping...
[33m    5 Orphans[0m
[33m        * [@Button@9823:<Button#2238969810689>]
        * [@Button@9824:<Button#2239020142339>]
        * [@HSeparator@9825:<HSeparator#2239070473991>]
        * [@Button@9826:<Button#2239104028426>]
        * [@Button@9822:<Button#2238919479139>][0m
[33m5 orphans[0m
[1m2/2 passed.
[0m[4m

test/unit/test_movement_sync.gd
[0m* test_rpc_sync_updates_state
[DEBUG] _build_repair_panel called
[Turn 1] [DEBUG] Initializing repair_panel
[Turn 1] [DEBUG] Initializing repair_panel
[DEBUG] GameManager: Peer 1 NOT in Lobby Teams. Defaulting to 0 (Spectator). Teams: {  }
[Turn 1] Network: Default Assignment (Host=1, Client=2). My Side: 1
[Turn 1] Network: Default Assignment (Host=1, Client=2). My Side: 1
[Turn 1] Offline Mode: Starting Game immediately.
[Turn 1] Offline Mode: Starting Game immediately.
[Turn 1] Game Setup Received: Seed 3846892676
[Turn 1] Game Setup Received: Seed 3846892676
[SCENARIO] Sathar Entry Edge: 4 (Vec: (0, -1, 1)), Facing: 1
[Turn 1] Loading Scenario: Surprise Attack!
[Turn 1] Loading Scenario: Surprise Attack!
[DEBUG] Ship Station Alpha loaded with Orbit Dir 1
[Turn 1] Defiant docked at Station Alpha
[Turn 1] Defiant docked at Station Alpha
[Turn 1] Stiletto docked at Station Alpha
[Turn 1] Stiletto docked at Station Alpha
[Turn 1] [color=cyan]=== DEPLOYMENT Phase ===[/color]
[Turn 1] [color=cyan]=== DEPLOYMENT Phase ===[/color]
[Turn 1] [color=yellow]AI Spawning for Side 2 (Sathar: false)[/color]
[Turn 1] [color=yellow]AI Spawning for Side 2 (Sathar: false)[/color]
[DEBUG] _update_deployment_ui called - Subphase: 2, my_side_id: 1
[Turn 1] Synced Orders for TestShip
[Turn 1] Synced Orders for TestShip
* test_register_triggers_sync_on_server
[DEBUG] _build_repair_panel called
[Turn 1] [DEBUG] Initializing repair_panel
[Turn 1] [DEBUG] Initializing repair_panel
[DEBUG] GameManager: Peer 1 NOT in Lobby Teams. Defaulting to 0 (Spectator). Teams: {  }
[Turn 1] Network: Default Assignment (Host=1, Client=2). My Side: 1
[Turn 1] Network: Default Assignment (Host=1, Client=2). My Side: 1
[Turn 1] Offline Mode: Starting Game immediately.
[Turn 1] Offline Mode: Starting Game immediately.
[Turn 1] Game Setup Received: Seed 465795468
[Turn 1] Game Setup Received: Seed 465795468
[SCENARIO] Sathar Entry Edge: 3 (Vec: (-1, 0, 1)), Facing: 0
[Turn 1] Loading Scenario: Surprise Attack!
[Turn 1] Loading Scenario: Surprise Attack!
[DEBUG] Ship Station Alpha loaded with Orbit Dir 1
[Turn 1] Defiant docked at Station Alpha
[Turn 1] Defiant docked at Station Alpha
[Turn 1] Stiletto docked at Station Alpha
[Turn 1] Stiletto docked at Station Alpha
[Turn 1] [color=cyan]=== DEPLOYMENT Phase ===[/color]
[Turn 1] [color=cyan]=== DEPLOYMENT Phase ===[/color]
[Turn 1] [color=yellow]AI Spawning for Side 2 (Sathar: false)[/color]
[Turn 1] [color=yellow]AI Spawning for Side 2 (Sathar: false)[/color]
[DEBUG] _update_deployment_ui called - Subphase: 2, my_side_id: 1
[1m2/2 passed.
[0m[4m

test/unit/test_movement_ui_visuals.gd
[0mDEBUG: test_movement_ui_visuals.gd loaded and running.
* test_ui_shows_waiting_status
[DEBUG] _build_repair_panel called
[Turn 1] [DEBUG] Initializing repair_panel
[Turn 1] [DEBUG] Initializing repair_panel
[DEBUG] GameManager: Peer 1 NOT in Lobby Teams. Defaulting to 0 (Spectator). Teams: {  }
[Turn 1] Network: Default Assignment (Host=1, Client=2). My Side: 1
[Turn 1] Network: Default Assignment (Host=1, Client=2). My Side: 1
[Turn 1] Offline Mode: Starting Game immediately.
[Turn 1] Offline Mode: Starting Game immediately.
[Turn 1] Game Setup Received: Seed 2925531822
[Turn 1] Game Setup Received: Seed 2925531822
[SCENARIO] Sathar Entry Edge: 0 (Vec: (1, 0, -1)), Facing: 3
[Turn 1] Loading Scenario: Surprise Attack!
[Turn 1] Loading Scenario: Surprise Attack!
[DEBUG] Ship Station Alpha loaded with Orbit Dir 1
[Turn 1] Defiant docked at Station Alpha
[Turn 1] Defiant docked at Station Alpha
[Turn 1] Stiletto docked at Station Alpha
[Turn 1] Stiletto docked at Station Alpha
[Turn 1] [color=cyan]=== DEPLOYMENT Phase ===[/color]
[Turn 1] [color=cyan]=== DEPLOYMENT Phase ===[/color]
[Turn 1] [color=yellow]AI Spawning for Side 2 (Sathar: false)[/color]
[Turn 1] [color=yellow]AI Spawning for Side 2 (Sathar: false)[/color]
[DEBUG] _update_deployment_ui called - Subphase: 2, my_side_id: 1
* test_ui_shows_planned_status_green
[DEBUG] _build_repair_panel called
[Turn 1] [DEBUG] Initializing repair_panel
[Turn 1] [DEBUG] Initializing repair_panel
[DEBUG] GameManager: Peer 1 NOT in Lobby Teams. Defaulting to 0 (Spectator). Teams: {  }
[Turn 1] Network: Default Assignment (Host=1, Client=2). My Side: 1
[Turn 1] Network: Default Assignment (Host=1, Client=2). My Side: 1
[Turn 1] Offline Mode: Starting Game immediately.
[Turn 1] Offline Mode: Starting Game immediately.
[Turn 1] Game Setup Received: Seed 1724737954
[Turn 1] Game Setup Received: Seed 1724737954
[SCENARIO] Sathar Entry Edge: 3 (Vec: (-1, 0, 1)), Facing: 0
[Turn 1] Loading Scenario: Surprise Attack!
[Turn 1] Loading Scenario: Surprise Attack!
[DEBUG] Ship Station Alpha loaded with Orbit Dir 1
[Turn 1] Defiant docked at Station Alpha
[Turn 1] Defiant docked at Station Alpha
[Turn 1] Stiletto docked at Station Alpha
[Turn 1] Stiletto docked at Station Alpha
[Turn 1] [color=cyan]=== DEPLOYMENT Phase ===[/color]
[Turn 1] [color=cyan]=== DEPLOYMENT Phase ===[/color]
[Turn 1] [color=yellow]AI Spawning for Side 2 (Sathar: false)[/color]
[Turn 1] [color=yellow]AI Spawning for Side 2 (Sathar: false)[/color]
[DEBUG] _update_deployment_ui called - Subphase: 2, my_side_id: 1
DEBUG: Planet Hexes: [(0, 0, 0), (10, -10, 0)]
* test_ui_shows_danger_status_red
[DEBUG] _build_repair_panel called
[Turn 1] [DEBUG] Initializing repair_panel
[Turn 1] [DEBUG] Initializing repair_panel
[DEBUG] GameManager: Peer 1 NOT in Lobby Teams. Defaulting to 0 (Spectator). Teams: {  }
[Turn 1] Network: Default Assignment (Host=1, Client=2). My Side: 1
[Turn 1] Network: Default Assignment (Host=1, Client=2). My Side: 1
[Turn 1] Offline Mode: Starting Game immediately.
[Turn 1] Offline Mode: Starting Game immediately.
[Turn 1] Game Setup Received: Seed 1956172535
[Turn 1] Game Setup Received: Seed 1956172535
[SCENARIO] Sathar Entry Edge: 2 (Vec: (-1, 1, 0)), Facing: 5
[Turn 1] Loading Scenario: Surprise Attack!
[Turn 1] Loading Scenario: Surprise Attack!
[DEBUG] Ship Station Alpha loaded with Orbit Dir 1
[Turn 1] Defiant docked at Station Alpha
[Turn 1] Defiant docked at Station Alpha
[Turn 1] Stiletto docked at Station Alpha
[Turn 1] Stiletto docked at Station Alpha
[Turn 1] [color=cyan]=== DEPLOYMENT Phase ===[/color]
[Turn 1] [color=cyan]=== DEPLOYMENT Phase ===[/color]
[Turn 1] [color=yellow]AI Spawning for Side 2 (Sathar: false)[/color]
[Turn 1] [color=yellow]AI Spawning for Side 2 (Sathar: false)[/color]
[DEBUG] _update_deployment_ui called - Subphase: 2, my_side_id: 1
* test_ui_shows_moved_status_cyan
[DEBUG] _build_repair_panel called
[Turn 1] [DEBUG] Initializing repair_panel
[Turn 1] [DEBUG] Initializing repair_panel
[DEBUG] GameManager: Peer 1 NOT in Lobby Teams. Defaulting to 0 (Spectator). Teams: {  }
[Turn 1] Network: Default Assignment (Host=1, Client=2). My Side: 1
[Turn 1] Network: Default Assignment (Host=1, Client=2). My Side: 1
[Turn 1] Offline Mode: Starting Game immediately.
[Turn 1] Offline Mode: Starting Game immediately.
[Turn 1] Game Setup Received: Seed 3873684549
[Turn 1] Game Setup Received: Seed 3873684549
[SCENARIO] Sathar Entry Edge: 0 (Vec: (1, 0, -1)), Facing: 3
[Turn 1] Loading Scenario: Surprise Attack!
[Turn 1] Loading Scenario: Surprise Attack!
[DEBUG] Ship Station Alpha loaded with Orbit Dir 1
[Turn 1] Defiant docked at Station Alpha
[Turn 1] Defiant docked at Station Alpha
[Turn 1] Stiletto docked at Station Alpha
[Turn 1] Stiletto docked at Station Alpha
[Turn 1] [color=cyan]=== DEPLOYMENT Phase ===[/color]
[Turn 1] [color=cyan]=== DEPLOYMENT Phase ===[/color]
[Turn 1] [color=yellow]AI Spawning for Side 2 (Sathar: false)[/color]
[Turn 1] [color=yellow]AI Spawning for Side 2 (Sathar: false)[/color]
[DEBUG] _update_deployment_ui called - Subphase: 2, my_side_id: 1
[1m4/4 passed.
[0m[4m

test/unit/test_movement_viz.gd
[0m* test_draw_weapon_ranges_no_crash
[DEBUG] _build_repair_panel called
[Turn 1] [DEBUG] Initializing repair_panel
[Turn 1] [DEBUG] Initializing repair_panel
[DEBUG] GameManager: Peer 1 NOT in Lobby Teams. Defaulting to 0 (Spectator). Teams: {  }
[Turn 1] Network: Default Assignment (Host=1, Client=2). My Side: 1
[Turn 1] Network: Default Assignment (Host=1, Client=2). My Side: 1
[Turn 1] Offline Mode: Starting Game immediately.
[Turn 1] Offline Mode: Starting Game immediately.
[Turn 1] Game Setup Received: Seed 615008173
[Turn 1] Game Setup Received: Seed 615008173
[SCENARIO] Sathar Entry Edge: 4 (Vec: (0, -1, 1)), Facing: 1
[Turn 1] Loading Scenario: Surprise Attack!
[Turn 1] Loading Scenario: Surprise Attack!
[DEBUG] Ship Station Alpha loaded with Orbit Dir 1
[Turn 1] Defiant docked at Station Alpha
[Turn 1] Defiant docked at Station Alpha
[Turn 1] Stiletto docked at Station Alpha
[Turn 1] Stiletto docked at Station Alpha
[Turn 1] [color=cyan]=== DEPLOYMENT Phase ===[/color]
[Turn 1] [color=cyan]=== DEPLOYMENT Phase ===[/color]
[Turn 1] [color=yellow]AI Spawning for Side 2 (Sathar: false)[/color]
[Turn 1] [color=yellow]AI Spawning for Side 2 (Sathar: false)[/color]
[DEBUG] _update_deployment_ui called - Subphase: 2, my_side_id: 1
[33m    1 Orphans[0m
[33m        * [GhostShip:<Node2D#2524232815056>(Ship.gd)][0m
* test_draw_weapon_ranges_ff_handling
[DEBUG] _build_repair_panel called
[Turn 1] [DEBUG] Initializing repair_panel
[Turn 1] [DEBUG] Initializing repair_panel
[DEBUG] GameManager: Peer 1 NOT in Lobby Teams. Defaulting to 0 (Spectator). Teams: {  }
[Turn 1] Network: Default Assignment (Host=1, Client=2). My Side: 1
[Turn 1] Network: Default Assignment (Host=1, Client=2). My Side: 1
[Turn 1] Offline Mode: Starting Game immediately.
[Turn 1] Offline Mode: Starting Game immediately.
[Turn 1] Game Setup Received: Seed 994463102
[Turn 1] Game Setup Received: Seed 994463102
[SCENARIO] Sathar Entry Edge: 2 (Vec: (-1, 1, 0)), Facing: 5
[Turn 1] Loading Scenario: Surprise Attack!
[Turn 1] Loading Scenario: Surprise Attack!
[DEBUG] Ship Station Alpha loaded with Orbit Dir 1
[Turn 1] Defiant docked at Station Alpha
[Turn 1] Defiant docked at Station Alpha
[Turn 1] Stiletto docked at Station Alpha
[Turn 1] Stiletto docked at Station Alpha
[Turn 1] [color=cyan]=== DEPLOYMENT Phase ===[/color]
[Turn 1] [color=cyan]=== DEPLOYMENT Phase ===[/color]
[Turn 1] [color=yellow]AI Spawning for Side 2 (Sathar: false)[/color]
[Turn 1] [color=yellow]AI Spawning for Side 2 (Sathar: false)[/color]
[DEBUG] _update_deployment_ui called - Subphase: 2, my_side_id: 1
[33m    1 Orphans[0m
[33m        * [GhostShip:<Node2D#2563827044465>(Ship.gd)][0m
* test_integration_draw_call
[DEBUG] _build_repair_panel called
[Turn 1] [DEBUG] Initializing repair_panel
[Turn 1] [DEBUG] Initializing repair_panel
[DEBUG] GameManager: Peer 1 NOT in Lobby Teams. Defaulting to 0 (Spectator). Teams: {  }
[Turn 1] Network: Default Assignment (Host=1, Client=2). My Side: 1
[Turn 1] Network: Default Assignment (Host=1, Client=2). My Side: 1
[Turn 1] Offline Mode: Starting Game immediately.
[Turn 1] Offline Mode: Starting Game immediately.
[Turn 1] Game Setup Received: Seed 963525187
[Turn 1] Game Setup Received: Seed 963525187
[SCENARIO] Sathar Entry Edge: 2 (Vec: (-1, 1, 0)), Facing: 5
[Turn 1] Loading Scenario: Surprise Attack!
[Turn 1] Loading Scenario: Surprise Attack!
[DEBUG] Ship Station Alpha loaded with Orbit Dir 1
[Turn 1] Defiant docked at Station Alpha
[Turn 1] Defiant docked at Station Alpha
[Turn 1] Stiletto docked at Station Alpha
[Turn 1] Stiletto docked at Station Alpha
[Turn 1] [color=cyan]=== DEPLOYMENT Phase ===[/color]
[Turn 1] [color=cyan]=== DEPLOYMENT Phase ===[/color]
[Turn 1] [color=yellow]AI Spawning for Side 2 (Sathar: false)[/color]
[Turn 1] [color=yellow]AI Spawning for Side 2 (Sathar: false)[/color]
[DEBUG] _update_deployment_ui called - Subphase: 2, my_side_id: 1
[33m    1 Orphans[0m
[33m        * [GhostInstance:<Node2D#2603337388479>(Ship.gd)][0m
[33m3 orphans[0m
[1m3/3 passed.
[0m[4m

test/unit/test_multi_stack.gd
[0m* test_multi_enemy_stack_targeting
[DEBUG] _build_repair_panel called
[Turn 1] [DEBUG] Initializing repair_panel
[Turn 1] [DEBUG] Initializing repair_panel
[DEBUG] GameManager: Peer 1 NOT in Lobby Teams. Defaulting to 0 (Spectator). Teams: {  }
[Turn 1] Network: Default Assignment (Host=1, Client=2). My Side: 1
[Turn 1] Network: Default Assignment (Host=1, Client=2). My Side: 1
[Turn 1] Offline Mode: Starting Game immediately.
[Turn 1] Offline Mode: Starting Game immediately.
[Turn 1] Game Setup Received: Seed 228772589
[Turn 1] Game Setup Received: Seed 228772589
[SCENARIO] Sathar Entry Edge: 5 (Vec: (1, -1, 0)), Facing: 2
[Turn 1] Loading Scenario: Surprise Attack!
[Turn 1] Loading Scenario: Surprise Attack!
[DEBUG] Ship Station Alpha loaded with Orbit Dir 1
[Turn 1] Defiant docked at Station Alpha
[Turn 1] Defiant docked at Station Alpha
[Turn 1] Stiletto docked at Station Alpha
[Turn 1] Stiletto docked at Station Alpha
[Turn 1] [color=cyan]=== DEPLOYMENT Phase ===[/color]
[Turn 1] [color=cyan]=== DEPLOYMENT Phase ===[/color]
[Turn 1] [color=yellow]AI Spawning for Side 2 (Sathar: false)[/color]
[Turn 1] [color=yellow]AI Spawning for Side 2 (Sathar: false)[/color]
[DEBUG] _update_deployment_ui called - Subphase: 2, my_side_id: 1
[Turn 1] Planned: ? Friendly -> ? Enemy_A (Laser)
[Turn 1] Planned: ? Friendly -> ? Enemy_A (Laser)
[Turn 1] Planned: ? Friendly -> ? Enemy_A (Laser)
[Turn 1] Planned: ? Friendly -> ? Enemy_A (Laser)
[33m    3 Orphans[0m
[33m        * [@Button@11565:<Button#2643334271506>]
        * [@HSeparator@11566:<HSeparator#2643384603157>]
        * [@Button@11567:<Button#2643418157591>][0m
[33m3 orphans[0m
[1m1/1 passed.
[0m[4m

test/unit/test_network_visualization.gd
[0m* test_should_show_movement_plan_friendly
[DEBUG] _build_repair_panel called
[Turn 1] [DEBUG] Initializing repair_panel
[Turn 1] [DEBUG] Initializing repair_panel
[DEBUG] GameManager: Peer 1 NOT in Lobby Teams. Defaulting to 0 (Spectator). Teams: {  }
[Turn 1] Network: Default Assignment (Host=1, Client=2). My Side: 1
[Turn 1] Network: Default Assignment (Host=1, Client=2). My Side: 1
[Turn 1] Offline Mode: Starting Game immediately.
[Turn 1] Offline Mode: Starting Game immediately.
[Turn 1] Game Setup Received: Seed 1328730938
[Turn 1] Game Setup Received: Seed 1328730938
[SCENARIO] Sathar Entry Edge: 0 (Vec: (1, 0, -1)), Facing: 3
[Turn 1] Loading Scenario: Surprise Attack!
[Turn 1] Loading Scenario: Surprise Attack!
[DEBUG] Ship Station Alpha loaded with Orbit Dir 1
[Turn 1] Defiant docked at Station Alpha
[Turn 1] Defiant docked at Station Alpha
[Turn 1] Stiletto docked at Station Alpha
[Turn 1] Stiletto docked at Station Alpha
[Turn 1] [color=cyan]=== DEPLOYMENT Phase ===[/color]
[Turn 1] [color=cyan]=== DEPLOYMENT Phase ===[/color]
[Turn 1] [color=yellow]AI Spawning for Side 2 (Sathar: false)[/color]
[Turn 1] [color=yellow]AI Spawning for Side 2 (Sathar: false)[/color]
[DEBUG] _update_deployment_ui called - Subphase: 2, my_side_id: 1
* test_should_show_movement_plan_enemy
[DEBUG] _build_repair_panel called
[Turn 1] [DEBUG] Initializing repair_panel
[Turn 1] [DEBUG] Initializing repair_panel
[DEBUG] GameManager: Peer 1 NOT in Lobby Teams. Defaulting to 0 (Spectator). Teams: {  }
[Turn 1] Network: Default Assignment (Host=1, Client=2). My Side: 1
[Turn 1] Network: Default Assignment (Host=1, Client=2). My Side: 1
[Turn 1] Offline Mode: Starting Game immediately.
[Turn 1] Offline Mode: Starting Game immediately.
[Turn 1] Game Setup Received: Seed 1579189014
[Turn 1] Game Setup Received: Seed 1579189014
[SCENARIO] Sathar Entry Edge: 5 (Vec: (1, -1, 0)), Facing: 2
[Turn 1] Loading Scenario: Surprise Attack!
[Turn 1] Loading Scenario: Surprise Attack!
[DEBUG] Ship Station Alpha loaded with Orbit Dir 1
[Turn 1] Defiant docked at Station Alpha
[Turn 1] Defiant docked at Station Alpha
[Turn 1] Stiletto docked at Station Alpha
[Turn 1] Stiletto docked at Station Alpha
[Turn 1] [color=cyan]=== DEPLOYMENT Phase ===[/color]
[Turn 1] [color=cyan]=== DEPLOYMENT Phase ===[/color]
[Turn 1] [color=yellow]AI Spawning for Side 2 (Sathar: false)[/color]
[Turn 1] [color=yellow]AI Spawning for Side 2 (Sathar: false)[/color]
[DEBUG] _update_deployment_ui called - Subphase: 2, my_side_id: 1
[1m2/2 passed.
[0m[4m

test/unit/test_phase_indicator.gd
[0m* test_phase_indicator_initial_state
[DEBUG] _build_repair_panel called
[Turn 1] [DEBUG] Initializing repair_panel
[Turn 1] [DEBUG] Initializing repair_panel
[DEBUG] GameManager: Peer 1 NOT in Lobby Teams. Defaulting to 0 (Spectator). Teams: {  }
[Turn 1] Network: Default Assignment (Host=1, Client=2). My Side: 1
[Turn 1] Network: Default Assignment (Host=1, Client=2). My Side: 1
[Turn 1] Offline Mode: Starting Game immediately.
[Turn 1] Offline Mode: Starting Game immediately.
[Turn 1] Game Setup Received: Seed 3099260610
[Turn 1] Game Setup Received: Seed 3099260610
[SCENARIO] Sathar Entry Edge: 3 (Vec: (-1, 0, 1)), Facing: 0
[Turn 1] Loading Scenario: Surprise Attack!
[Turn 1] Loading Scenario: Surprise Attack!
[DEBUG] Ship Station Alpha loaded with Orbit Dir 1
[Turn 1] Defiant docked at Station Alpha
[Turn 1] Defiant docked at Station Alpha
[Turn 1] Stiletto docked at Station Alpha
[Turn 1] Stiletto docked at Station Alpha
[Turn 1] [color=cyan]=== DEPLOYMENT Phase ===[/color]
[Turn 1] [color=cyan]=== DEPLOYMENT Phase ===[/color]
[Turn 1] [color=yellow]AI Spawning for Side 2 (Sathar: false)[/color]
[Turn 1] [color=yellow]AI Spawning for Side 2 (Sathar: false)[/color]
[DEBUG] _update_deployment_ui called - Subphase: 2, my_side_id: 1
[DEBUG] _build_repair_panel called
[Turn 1] [DEBUG] Initializing repair_panel
[Turn 1] [DEBUG] Initializing repair_panel
[DEBUG] GameManager: Peer 1 NOT in Lobby Teams. Defaulting to 0 (Spectator). Teams: {  }
[Turn 1] Network: Default Assignment (Host=1, Client=2). My Side: 1
[Turn 1] Network: Default Assignment (Host=1, Client=2). My Side: 1
[Turn 1] Offline Mode: Starting Game immediately.
[Turn 1] Offline Mode: Starting Game immediately.
[Turn 1] Game Setup Received: Seed 843993546
[Turn 1] Game Setup Received: Seed 843993546
[SCENARIO] Sathar Entry Edge: 3 (Vec: (-1, 0, 1)), Facing: 0
[Turn 1] Loading Scenario: Surprise Attack!
[Turn 1] Loading Scenario: Surprise Attack!
[DEBUG] Ship Station Alpha2 loaded with Orbit Dir 1
[Turn 1] [color=cyan]=== DEPLOYMENT Phase ===[/color]
[Turn 1] [color=cyan]=== DEPLOYMENT Phase ===[/color]
[DEBUG] _update_deployment_ui called - Subphase: 2, my_side_id: 1
* test_phase_indicator_updates_on_turn_start
[DEBUG] _build_repair_panel called
[Turn 1] [DEBUG] Initializing repair_panel
[Turn 1] [DEBUG] Initializing repair_panel
[DEBUG] GameManager: Peer 1 NOT in Lobby Teams. Defaulting to 0 (Spectator). Teams: {  }
[Turn 1] Network: Default Assignment (Host=1, Client=2). My Side: 1
[Turn 1] Network: Default Assignment (Host=1, Client=2). My Side: 1
[Turn 1] Offline Mode: Starting Game immediately.
[Turn 1] Offline Mode: Starting Game immediately.
[Turn 1] Game Setup Received: Seed 2723121788
[Turn 1] Game Setup Received: Seed 2723121788
[SCENARIO] Sathar Entry Edge: 3 (Vec: (-1, 0, 1)), Facing: 0
[Turn 1] Loading Scenario: Surprise Attack!
[Turn 1] Loading Scenario: Surprise Attack!
[DEBUG] Ship Station Alpha loaded with Orbit Dir 1
[Turn 1] Defiant docked at Station Alpha
[Turn 1] Defiant docked at Station Alpha
[Turn 1] Stiletto docked at Station Alpha
[Turn 1] Stiletto docked at Station Alpha
[Turn 1] [color=cyan]=== DEPLOYMENT Phase ===[/color]
[Turn 1] [color=cyan]=== DEPLOYMENT Phase ===[/color]
[Turn 1] [color=yellow]AI Spawning for Side 2 (Sathar: false)[/color]
[Turn 1] [color=yellow]AI Spawning for Side 2 (Sathar: false)[/color]
[DEBUG] _update_deployment_ui called - Subphase: 2, my_side_id: 1
[DEBUG] _build_repair_panel called
[Turn 1] [DEBUG] Initializing repair_panel
[Turn 1] [DEBUG] Initializing repair_panel
[DEBUG] GameManager: Peer 1 NOT in Lobby Teams. Defaulting to 0 (Spectator). Teams: {  }
[Turn 1] Network: Default Assignment (Host=1, Client=2). My Side: 1
[Turn 1] Network: Default Assignment (Host=1, Client=2). My Side: 1
[Turn 1] Offline Mode: Starting Game immediately.
[Turn 1] Offline Mode: Starting Game immediately.
[Turn 1] Game Setup Received: Seed 4162110443
[Turn 1] Game Setup Received: Seed 4162110443
[SCENARIO] Sathar Entry Edge: 1 (Vec: (0, 1, -1)), Facing: 4
[Turn 1] Loading Scenario: Surprise Attack!
[Turn 1] Loading Scenario: Surprise Attack!
[DEBUG] Ship Station Alpha2 loaded with Orbit Dir 1
[Turn 1] [color=cyan]=== DEPLOYMENT Phase ===[/color]
[Turn 1] [color=cyan]=== DEPLOYMENT Phase ===[/color]
[DEBUG] _update_deployment_ui called - Subphase: 2, my_side_id: 1
[Turn 1] === Turn Start: Side UPF ===
[Turn 1] === Turn Start: Side UPF ===
DEBUG: start_movement_phase. Side: 1 Available: 1
DEBUG: First available: Friendly ID: 1 Moved: false
DEBUG: Skip Auto-Orbit Check: Friendly (Class: Scout, Orbit: 0)
[DEBUG] Standard move start for Friendly
DEBUG _can_withdraw: rejected bad scen_key: surprise_attack
DEBUG LABEL (Turn Start): Turn 1, Active: UPF, Phase: Movement
* test_phase_indicator_updates_on_combat_active
[DEBUG] _build_repair_panel called
[Turn 1] [DEBUG] Initializing repair_panel
[Turn 1] [DEBUG] Initializing repair_panel
[DEBUG] GameManager: Peer 1 NOT in Lobby Teams. Defaulting to 0 (Spectator). Teams: {  }
[Turn 1] Network: Default Assignment (Host=1, Client=2). My Side: 1
[Turn 1] Network: Default Assignment (Host=1, Client=2). My Side: 1
[Turn 1] Offline Mode: Starting Game immediately.
[Turn 1] Offline Mode: Starting Game immediately.
[Turn 1] Game Setup Received: Seed 1719656472
[Turn 1] Game Setup Received: Seed 1719656472
[SCENARIO] Sathar Entry Edge: 3 (Vec: (-1, 0, 1)), Facing: 0
[Turn 1] Loading Scenario: Surprise Attack!
[Turn 1] Loading Scenario: Surprise Attack!
[DEBUG] Ship Station Alpha loaded with Orbit Dir 1
[Turn 1] Defiant docked at Station Alpha
[Turn 1] Defiant docked at Station Alpha
[Turn 1] Stiletto docked at Station Alpha
[Turn 1] Stiletto docked at Station Alpha
[Turn 1] [color=cyan]=== DEPLOYMENT Phase ===[/color]
[Turn 1] [color=cyan]=== DEPLOYMENT Phase ===[/color]
[Turn 1] [color=yellow]AI Spawning for Side 2 (Sathar: false)[/color]
[Turn 1] [color=yellow]AI Spawning for Side 2 (Sathar: false)[/color]
[DEBUG] _update_deployment_ui called - Subphase: 2, my_side_id: 1
[DEBUG] _build_repair_panel called
[Turn 1] [DEBUG] Initializing repair_panel
[Turn 1] [DEBUG] Initializing repair_panel
[DEBUG] GameManager: Peer 1 NOT in Lobby Teams. Defaulting to 0 (Spectator). Teams: {  }
[Turn 1] Network: Default Assignment (Host=1, Client=2). My Side: 1
[Turn 1] Network: Default Assignment (Host=1, Client=2). My Side: 1
[Turn 1] Offline Mode: Starting Game immediately.
[Turn 1] Offline Mode: Starting Game immediately.
[Turn 1] Game Setup Received: Seed 3038165607
[Turn 1] Game Setup Received: Seed 3038165607
[SCENARIO] Sathar Entry Edge: 2 (Vec: (-1, 1, 0)), Facing: 5
[Turn 1] Loading Scenario: Surprise Attack!
[Turn 1] Loading Scenario: Surprise Attack!
[DEBUG] Ship Station Alpha2 loaded with Orbit Dir 1
[Turn 1] [color=cyan]=== DEPLOYMENT Phase ===[/color]
[Turn 1] [color=cyan]=== DEPLOYMENT Phase ===[/color]
[DEBUG] _update_deployment_ui called - Subphase: 2, my_side_id: 1
[DEBUG] start_combat_active: Side 1 firing (Active Side)
[Turn 1] Combat Planning: Side 1
[Turn 1] Combat Planning: Side 1
[DEBUG] TARGET CHECK P1. Ships: 1
[DEBUG] NO TARGETS FOUND for P1
[Turn 1] No valid targets for Side 1. Skipping...
[Turn 1] No valid targets for Side 1. Skipping...
DEBUG LABEL (Active): Turn 1, Active: UPF, Phase: Active Combat
[33m    3 Orphans[0m
[33m        * [@Button@12948:<Button#2937606639584>]
        * [@HSeparator@12949:<HSeparator#2937656971236>]
        * [@Button@12950:<Button#2937690525675>][0m
* test_phase_indicator_updates_on_combat_passive
[DEBUG] _build_repair_panel called
[Turn 1] [DEBUG] Initializing repair_panel
[Turn 1] [DEBUG] Initializing repair_panel
[DEBUG] GameManager: Peer 1 NOT in Lobby Teams. Defaulting to 0 (Spectator). Teams: {  }
[Turn 1] Network: Default Assignment (Host=1, Client=2). My Side: 1
[Turn 1] Network: Default Assignment (Host=1, Client=2). My Side: 1
[Turn 1] Offline Mode: Starting Game immediately.
[Turn 1] Offline Mode: Starting Game immediately.
[Turn 1] Game Setup Received: Seed 27029687
[Turn 1] Game Setup Received: Seed 27029687
[SCENARIO] Sathar Entry Edge: 3 (Vec: (-1, 0, 1)), Facing: 0
[Turn 1] Loading Scenario: Surprise Attack!
[Turn 1] Loading Scenario: Surprise Attack!
[DEBUG] Ship Station Alpha loaded with Orbit Dir 1
[Turn 1] Defiant docked at Station Alpha
[Turn 1] Defiant docked at Station Alpha
[Turn 1] Stiletto docked at Station Alpha
[Turn 1] Stiletto docked at Station Alpha
[Turn 1] [color=cyan]=== DEPLOYMENT Phase ===[/color]
[Turn 1] [color=cyan]=== DEPLOYMENT Phase ===[/color]
[Turn 1] [color=yellow]AI Spawning for Side 2 (Sathar: false)[/color]
[Turn 1] [color=yellow]AI Spawning for Side 2 (Sathar: false)[/color]
[DEBUG] _update_deployment_ui called - Subphase: 2, my_side_id: 1
[DEBUG] _build_repair_panel called
[Turn 1] [DEBUG] Initializing repair_panel
[Turn 1] [DEBUG] Initializing repair_panel
[DEBUG] GameManager: Peer 1 NOT in Lobby Teams. Defaulting to 0 (Spectator). Teams: {  }
[Turn 1] Network: Default Assignment (Host=1, Client=2). My Side: 1
[Turn 1] Network: Default Assignment (Host=1, Client=2). My Side: 1
[Turn 1] Offline Mode: Starting Game immediately.
[Turn 1] Offline Mode: Starting Game immediately.
[Turn 1] Game Setup Received: Seed 1119209416
[Turn 1] Game Setup Received: Seed 1119209416
[SCENARIO] Sathar Entry Edge: 0 (Vec: (1, 0, -1)), Facing: 3
[Turn 1] Loading Scenario: Surprise Attack!
[Turn 1] Loading Scenario: Surprise Attack!
[DEBUG] Ship Station Alpha2 loaded with Orbit Dir 1
[Turn 1] [color=cyan]=== DEPLOYMENT Phase ===[/color]
[Turn 1] [color=cyan]=== DEPLOYMENT Phase ===[/color]
[DEBUG] _update_deployment_ui called - Subphase: 2, my_side_id: 1
[DEBUG] start_combat_passive: Side 2 firing (Opponent of Moving Side 1)
[Turn 1] Combat Planning: Side 2
[Turn 1] Combat Planning: Side 2
[DEBUG] TARGET CHECK P2. Ships: 0
[DEBUG] NO TARGETS FOUND for P2
[Turn 1] No valid targets for Side 2. Skipping...
[Turn 1] No valid targets for Side 2. Skipping...
DEBUG LABEL (Passive): Turn 1, Active: UPF, Phase: Reactive Combat: (Sathar)
[33m3 orphans[0m
[1m4/4 passed.
[0m[4m

test/unit/test_planet_los.gd
[0m* test_planet_blocks_los
[DEBUG] _build_repair_panel called
[Turn 1] [DEBUG] Initializing repair_panel
[Turn 1] [DEBUG] Initializing repair_panel
[DEBUG] GameManager: Peer 1 NOT in Lobby Teams. Defaulting to 0 (Spectator). Teams: {  }
[Turn 1] Network: Default Assignment (Host=1, Client=2). My Side: 1
[Turn 1] Network: Default Assignment (Host=1, Client=2). My Side: 1
[Turn 1] Offline Mode: Starting Game immediately.
[Turn 1] Offline Mode: Starting Game immediately.
[Turn 1] Game Setup Received: Seed 2141138477
[Turn 1] Game Setup Received: Seed 2141138477
[SCENARIO] Sathar Entry Edge: 3 (Vec: (-1, 0, 1)), Facing: 0
[Turn 1] Loading Scenario: Surprise Attack!
[Turn 1] Loading Scenario: Surprise Attack!
[DEBUG] Ship Station Alpha loaded with Orbit Dir 1
[Turn 1] Defiant docked at Station Alpha
[Turn 1] Defiant docked at Station Alpha
[Turn 1] Stiletto docked at Station Alpha
[Turn 1] Stiletto docked at Station Alpha
[Turn 1] [color=cyan]=== DEPLOYMENT Phase ===[/color]
[Turn 1] [color=cyan]=== DEPLOYMENT Phase ===[/color]
[Turn 1] [color=yellow]AI Spawning for Side 2 (Sathar: false)[/color]
[Turn 1] [color=yellow]AI Spawning for Side 2 (Sathar: false)[/color]
[DEBUG] _update_deployment_ui called - Subphase: 2, my_side_id: 1
* test_planet_does_not_block_clear_los
[DEBUG] _build_repair_panel called
[Turn 1] [DEBUG] Initializing repair_panel
[Turn 1] [DEBUG] Initializing repair_panel
[DEBUG] GameManager: Peer 1 NOT in Lobby Teams. Defaulting to 0 (Spectator). Teams: {  }
[Turn 1] Network: Default Assignment (Host=1, Client=2). My Side: 1
[Turn 1] Network: Default Assignment (Host=1, Client=2). My Side: 1
[Turn 1] Offline Mode: Starting Game immediately.
[Turn 1] Offline Mode: Starting Game immediately.
[Turn 1] Game Setup Received: Seed 1085495275
[Turn 1] Game Setup Received: Seed 1085495275
[SCENARIO] Sathar Entry Edge: 0 (Vec: (1, 0, -1)), Facing: 3
[Turn 1] Loading Scenario: Surprise Attack!
[Turn 1] Loading Scenario: Surprise Attack!
[DEBUG] Ship Station Alpha loaded with Orbit Dir 1
[Turn 1] Defiant docked at Station Alpha
[Turn 1] Defiant docked at Station Alpha
[Turn 1] Stiletto docked at Station Alpha
[Turn 1] Stiletto docked at Station Alpha
[Turn 1] [color=cyan]=== DEPLOYMENT Phase ===[/color]
[Turn 1] [color=cyan]=== DEPLOYMENT Phase ===[/color]
[Turn 1] [color=yellow]AI Spawning for Side 2 (Sathar: false)[/color]
[Turn 1] [color=yellow]AI Spawning for Side 2 (Sathar: false)[/color]
[DEBUG] _update_deployment_ui called - Subphase: 2, my_side_id: 1
[1m2/2 passed.
[0m[4m

test/unit/test_planet_masking.gd
[0m* test_fire_out_of_planet
[DEBUG] _build_repair_panel called
[Turn 1] [DEBUG] Initializing repair_panel
[Turn 1] [DEBUG] Initializing repair_panel
[DEBUG] GameManager: Peer 1 NOT in Lobby Teams. Defaulting to 0 (Spectator). Teams: {  }
[Turn 1] Network: Default Assignment (Host=1, Client=2). My Side: 1
[Turn 1] Network: Default Assignment (Host=1, Client=2). My Side: 1
[Turn 1] Offline Mode: Starting Game immediately.
[Turn 1] Offline Mode: Starting Game immediately.
[Turn 1] Game Setup Received: Seed 3725281247
[Turn 1] Game Setup Received: Seed 3725281247
[SCENARIO] Sathar Entry Edge: 1 (Vec: (0, 1, -1)), Facing: 4
[Turn 1] Loading Scenario: Surprise Attack!
[Turn 1] Loading Scenario: Surprise Attack!
[DEBUG] Ship Station Alpha loaded with Orbit Dir 1
[Turn 1] Defiant docked at Station Alpha
[Turn 1] Defiant docked at Station Alpha
[Turn 1] Stiletto docked at Station Alpha
[Turn 1] Stiletto docked at Station Alpha
[Turn 1] [color=cyan]=== DEPLOYMENT Phase ===[/color]
[Turn 1] [color=cyan]=== DEPLOYMENT Phase ===[/color]
[Turn 1] [color=yellow]AI Spawning for Side 2 (Sathar: false)[/color]
[Turn 1] [color=yellow]AI Spawning for Side 2 (Sathar: false)[/color]
[DEBUG] _update_deployment_ui called - Subphase: 2, my_side_id: 1
* test_fire_into_planet
[DEBUG] _build_repair_panel called
[Turn 1] [DEBUG] Initializing repair_panel
[Turn 1] [DEBUG] Initializing repair_panel
[DEBUG] GameManager: Peer 1 NOT in Lobby Teams. Defaulting to 0 (Spectator). Teams: {  }
[Turn 1] Network: Default Assignment (Host=1, Client=2). My Side: 1
[Turn 1] Network: Default Assignment (Host=1, Client=2). My Side: 1
[Turn 1] Offline Mode: Starting Game immediately.
[Turn 1] Offline Mode: Starting Game immediately.
[Turn 1] Game Setup Received: Seed 4246520334
[Turn 1] Game Setup Received: Seed 4246520334
[SCENARIO] Sathar Entry Edge: 0 (Vec: (1, 0, -1)), Facing: 3
[Turn 1] Loading Scenario: Surprise Attack!
[Turn 1] Loading Scenario: Surprise Attack!
[DEBUG] Ship Station Alpha loaded with Orbit Dir 1
[Turn 1] Defiant docked at Station Alpha
[Turn 1] Defiant docked at Station Alpha
[Turn 1] Stiletto docked at Station Alpha
[Turn 1] Stiletto docked at Station Alpha
[Turn 1] [color=cyan]=== DEPLOYMENT Phase ===[/color]
[Turn 1] [color=cyan]=== DEPLOYMENT Phase ===[/color]
[Turn 1] [color=yellow]AI Spawning for Side 2 (Sathar: false)[/color]
[Turn 1] [color=yellow]AI Spawning for Side 2 (Sathar: false)[/color]
[DEBUG] _update_deployment_ui called - Subphase: 2, my_side_id: 1
* test_blocked_by_intermediate_planet
[DEBUG] _build_repair_panel called
[Turn 1] [DEBUG] Initializing repair_panel
[Turn 1] [DEBUG] Initializing repair_panel
[DEBUG] GameManager: Peer 1 NOT in Lobby Teams. Defaulting to 0 (Spectator). Teams: {  }
[Turn 1] Network: Default Assignment (Host=1, Client=2). My Side: 1
[Turn 1] Network: Default Assignment (Host=1, Client=2). My Side: 1
[Turn 1] Offline Mode: Starting Game immediately.
[Turn 1] Offline Mode: Starting Game immediately.
[Turn 1] Game Setup Received: Seed 201629985
[Turn 1] Game Setup Received: Seed 201629985
[SCENARIO] Sathar Entry Edge: 3 (Vec: (-1, 0, 1)), Facing: 0
[Turn 1] Loading Scenario: Surprise Attack!
[Turn 1] Loading Scenario: Surprise Attack!
[DEBUG] Ship Station Alpha loaded with Orbit Dir 1
[Turn 1] Defiant docked at Station Alpha
[Turn 1] Defiant docked at Station Alpha
[Turn 1] Stiletto docked at Station Alpha
[Turn 1] Stiletto docked at Station Alpha
[Turn 1] [color=cyan]=== DEPLOYMENT Phase ===[/color]
[Turn 1] [color=cyan]=== DEPLOYMENT Phase ===[/color]
[Turn 1] [color=yellow]AI Spawning for Side 2 (Sathar: false)[/color]
[Turn 1] [color=yellow]AI Spawning for Side 2 (Sathar: false)[/color]
[DEBUG] _update_deployment_ui called - Subphase: 2, my_side_id: 1
* test_no_block_if_clear
[DEBUG] _build_repair_panel called
[Turn 1] [DEBUG] Initializing repair_panel
[Turn 1] [DEBUG] Initializing repair_panel
[DEBUG] GameManager: Peer 1 NOT in Lobby Teams. Defaulting to 0 (Spectator). Teams: {  }
[Turn 1] Network: Default Assignment (Host=1, Client=2). My Side: 1
[Turn 1] Network: Default Assignment (Host=1, Client=2). My Side: 1
[Turn 1] Offline Mode: Starting Game immediately.
[Turn 1] Offline Mode: Starting Game immediately.
[Turn 1] Game Setup Received: Seed 1488028600
[Turn 1] Game Setup Received: Seed 1488028600
[SCENARIO] Sathar Entry Edge: 4 (Vec: (0, -1, 1)), Facing: 1
[Turn 1] Loading Scenario: Surprise Attack!
[Turn 1] Loading Scenario: Surprise Attack!
[DEBUG] Ship Station Alpha loaded with Orbit Dir 1
[Turn 1] Defiant docked at Station Alpha
[Turn 1] Defiant docked at Station Alpha
[Turn 1] Stiletto docked at Station Alpha
[Turn 1] Stiletto docked at Station Alpha
[Turn 1] [color=cyan]=== DEPLOYMENT Phase ===[/color]
[Turn 1] [color=cyan]=== DEPLOYMENT Phase ===[/color]
[Turn 1] [color=yellow]AI Spawning for Side 2 (Sathar: false)[/color]
[Turn 1] [color=yellow]AI Spawning for Side 2 (Sathar: false)[/color]
[DEBUG] _update_deployment_ui called - Subphase: 2, my_side_id: 1
[1m4/4 passed.
[0m[4m

test/unit/test_reactive_fire_odds.gd
[0m* test_best_defensive_fire_hex
[1m1/1 passed.
[0m[4m

test/unit/test_reactive_fire_range_3.gd
[0m* test_range_3_reactive_fire
[DEBUG] _build_repair_panel called
[Turn 1] [DEBUG] Initializing repair_panel
[Turn 1] [DEBUG] Initializing repair_panel
[DEBUG] GameManager: Peer 1 NOT in Lobby Teams. Defaulting to 0 (Spectator). Teams: {  }
[Turn 1] Network: Default Assignment (Host=1, Client=2). My Side: 1
[Turn 1] Network: Default Assignment (Host=1, Client=2). My Side: 1
[Turn 1] Offline Mode: Starting Game immediately.
[Turn 1] Offline Mode: Starting Game immediately.
[Turn 1] Game Setup Received: Seed 1693136929
[Turn 1] Game Setup Received: Seed 1693136929
[SCENARIO] Sathar Entry Edge: 4 (Vec: (0, -1, 1)), Facing: 1
[Turn 1] Loading Scenario: Surprise Attack!
[Turn 1] Loading Scenario: Surprise Attack!
[DEBUG] Ship Station Alpha loaded with Orbit Dir 1
[Turn 1] Defiant docked at Station Alpha
[Turn 1] Defiant docked at Station Alpha
[Turn 1] Stiletto docked at Station Alpha
[Turn 1] Stiletto docked at Station Alpha
[Turn 1] [color=cyan]=== DEPLOYMENT Phase ===[/color]
[Turn 1] [color=cyan]=== DEPLOYMENT Phase ===[/color]
[Turn 1] [color=yellow]AI Spawning for Side 2 (Sathar: false)[/color]
[Turn 1] [color=yellow]AI Spawning for Side 2 (Sathar: false)[/color]
[DEBUG] _update_deployment_ui called - Subphase: 2, my_side_id: 1
[33m    2 Orphans[0m
[33m        * [Attacker:<Node2D#3291069026049>(Ship.gd)]
        * [Defender:<Node2D#3291052249850>(Ship.gd)][0m
[33m2 orphans[0m
[1m1/1 passed.
[0m[4m

test/unit/test_scenario_generation.gd
[0m* test_generate_scenario_ships
[SCENARIO] Sathar Entry Edge: 2 (Vec: (-1, 1, 0)), Facing: 5
[1m1/1 passed.
[0m[4m

test/unit/test_scenario_loader.gd
[0m* test_load_surprise_attack_planets
[DEBUG] _build_repair_panel called
[Turn 1] [DEBUG] Initializing repair_panel
[Turn 1] [DEBUG] Initializing repair_panel
[DEBUG] GameManager: Peer 1 NOT in Lobby Teams. Defaulting to 0 (Spectator). Teams: {  }
[Turn 1] Network: Default Assignment (Host=1, Client=2). My Side: 1
[Turn 1] Network: Default Assignment (Host=1, Client=2). My Side: 1
[Turn 1] Offline Mode: Starting Game immediately.
[Turn 1] Offline Mode: Starting Game immediately.
[Turn 1] Game Setup Received: Seed 718866331
[Turn 1] Game Setup Received: Seed 718866331
[SCENARIO] Sathar Entry Edge: 0 (Vec: (1, 0, -1)), Facing: 3
[Turn 1] Loading Scenario: Surprise Attack!
[Turn 1] Loading Scenario: Surprise Attack!
[DEBUG] Ship Station Alpha loaded with Orbit Dir 1
[Turn 1] Defiant docked at Station Alpha
[Turn 1] Defiant docked at Station Alpha
[Turn 1] Stiletto docked at Station Alpha
[Turn 1] Stiletto docked at Station Alpha
[Turn 1] [color=cyan]=== DEPLOYMENT Phase ===[/color]
[Turn 1] [color=cyan]=== DEPLOYMENT Phase ===[/color]
[Turn 1] [color=yellow]AI Spawning for Side 2 (Sathar: false)[/color]
[Turn 1] [color=yellow]AI Spawning for Side 2 (Sathar: false)[/color]
[DEBUG] _update_deployment_ui called - Subphase: 2, my_side_id: 1
* test_spawn_visuals
[DEBUG] _build_repair_panel called
[Turn 1] [DEBUG] Initializing repair_panel
[Turn 1] [DEBUG] Initializing repair_panel
[DEBUG] GameManager: Peer 1 NOT in Lobby Teams. Defaulting to 0 (Spectator). Teams: {  }
[Turn 1] Network: Default Assignment (Host=1, Client=2). My Side: 1
[Turn 1] Network: Default Assignment (Host=1, Client=2). My Side: 1
[Turn 1] Offline Mode: Starting Game immediately.
[Turn 1] Offline Mode: Starting Game immediately.
[Turn 1] Game Setup Received: Seed 3321263526
[Turn 1] Game Setup Received: Seed 3321263526
[SCENARIO] Sathar Entry Edge: 2 (Vec: (-1, 1, 0)), Facing: 5
[Turn 1] Loading Scenario: Surprise Attack!
[Turn 1] Loading Scenario: Surprise Attack!
[DEBUG] Ship Station Alpha loaded with Orbit Dir 1
[Turn 1] Defiant docked at Station Alpha
[Turn 1] Defiant docked at Station Alpha
[Turn 1] Stiletto docked at Station Alpha
[Turn 1] Stiletto docked at Station Alpha
[Turn 1] [color=cyan]=== DEPLOYMENT Phase ===[/color]
[Turn 1] [color=cyan]=== DEPLOYMENT Phase ===[/color]
[Turn 1] [color=yellow]AI Spawning for Side 2 (Sathar: false)[/color]
[Turn 1] [color=yellow]AI Spawning for Side 2 (Sathar: false)[/color]
[DEBUG] _update_deployment_ui called - Subphase: 2, my_side_id: 1
[1m2/2 passed.
[0m[4m

test/unit/test_scenario_logic.gd
[0m* test_surprise_attack_debuff_logic
[DEBUG] _build_repair_panel called
[Turn 1] [DEBUG] Initializing repair_panel
[Turn 1] [DEBUG] Initializing repair_panel
[DEBUG] GameManager: Peer 1 NOT in Lobby Teams. Defaulting to 0 (Spectator). Teams: {  }
[Turn 1] Network: Default Assignment (Host=1, Client=2). My Side: 1
[Turn 1] Network: Default Assignment (Host=1, Client=2). My Side: 1
[Turn 1] Offline Mode: Starting Game immediately.
[Turn 1] Offline Mode: Starting Game immediately.
[Turn 1] Game Setup Received: Seed 1001270128
[Turn 1] Game Setup Received: Seed 1001270128
[Turn 1] Error: Scenario  not found!
[Turn 1] Error: Scenario  not found!
[Turn 1] [color=cyan]=== DEPLOYMENT Phase ===[/color]
[Turn 1] [color=cyan]=== DEPLOYMENT Phase ===[/color]
[Turn 1] [color=yellow]AI Spawning for Side 2 (Sathar: false)[/color]
[Turn 1] [color=yellow]AI Spawning for Side 2 (Sathar: false)[/color]
[DEBUG] _update_deployment_ui called - Subphase: 2, my_side_id: 1
[SCENARIO] Sathar Entry Edge: 2 (Vec: (-1, 1, 0)), Facing: 5
[Turn 1] Loading Scenario: Surprise Attack!
[Turn 1] Loading Scenario: Surprise Attack!
[DEBUG] Ship Station Alpha loaded with Orbit Dir 1
[Turn 1] Defiant docked at Station Alpha
[Turn 1] Defiant docked at Station Alpha
[Turn 1] Stiletto docked at Station Alpha
[Turn 1] Stiletto docked at Station Alpha
* test_surprise_attack_debuff_success
[DEBUG] _build_repair_panel called
[Turn 1] [DEBUG] Initializing repair_panel
[Turn 1] [DEBUG] Initializing repair_panel
[DEBUG] GameManager: Peer 1 NOT in Lobby Teams. Defaulting to 0 (Spectator). Teams: {  }
[Turn 1] Network: Default Assignment (Host=1, Client=2). My Side: 1
[Turn 1] Network: Default Assignment (Host=1, Client=2). My Side: 1
[Turn 1] Offline Mode: Starting Game immediately.
[Turn 1] Offline Mode: Starting Game immediately.
[Turn 1] Game Setup Received: Seed 1400460826
[Turn 1] Game Setup Received: Seed 1400460826
[Turn 1] Error: Scenario  not found!
[Turn 1] Error: Scenario  not found!
[Turn 1] [color=cyan]=== DEPLOYMENT Phase ===[/color]
[Turn 1] [color=cyan]=== DEPLOYMENT Phase ===[/color]
[Turn 1] [color=yellow]AI Spawning for Side 2 (Sathar: false)[/color]
[Turn 1] [color=yellow]AI Spawning for Side 2 (Sathar: false)[/color]
[DEBUG] _update_deployment_ui called - Subphase: 2, my_side_id: 1
[SCENARIO] Sathar Entry Edge: 2 (Vec: (-1, 1, 0)), Facing: 5
[Turn 1] Loading Scenario: Surprise Attack!
[Turn 1] Loading Scenario: Surprise Attack!
[DEBUG] Ship Station Alpha loaded with Orbit Dir 1
[Turn 1] Defiant docked at Station Alpha
[Turn 1] Defiant docked at Station Alpha
[Turn 1] Stiletto docked at Station Alpha
[Turn 1] Stiletto docked at Station Alpha
[Turn 1] Action 'no_fire' blocked by scenario rule!
[Turn 1] Action 'no_fire' blocked by scenario rule!
[1m2/2 passed.
[0m[4m

test/unit/test_scenario_randomization.gd
[0m* test_generate_scenario_deterministic
[SCENARIO] Sathar Entry Edge: 2 (Vec: (-1, 1, 0)), Facing: 5
[SCENARIO] Sathar Entry Edge: 2 (Vec: (-1, 1, 0)), Facing: 5
* test_generate_scenario_random
[SCENARIO] Sathar Entry Edge: 2 (Vec: (-1, 1, 0)), Facing: 5
[SCENARIO] Sathar Entry Edge: 3 (Vec: (-1, 0, 1)), Facing: 0
[1m2/2 passed.
[0m[4m

test/unit/test_security_validation.gd
[0m* test_validate_rpc_ownership
[DEBUG] _build_repair_panel called
[Turn 1] [DEBUG] Initializing repair_panel
[Turn 1] [DEBUG] Initializing repair_panel
[DEBUG] GameManager: Peer 1 NOT in Lobby Teams. Defaulting to 0 (Spectator). Teams: {  }
[Turn 1] Network: Default Assignment (Host=1, Client=2). My Side: 1
[Turn 1] Network: Default Assignment (Host=1, Client=2). My Side: 1
[Turn 1] Offline Mode: Starting Game immediately.
[Turn 1] Offline Mode: Starting Game immediately.
[Turn 1] Game Setup Received: Seed 2637767652
[Turn 1] Game Setup Received: Seed 2637767652
[Turn 1] Error: Scenario  not found!
[Turn 1] Error: Scenario  not found!
[Turn 1] [color=cyan]=== DEPLOYMENT Phase ===[/color]
[Turn 1] [color=cyan]=== DEPLOYMENT Phase ===[/color]
[Turn 1] [color=yellow]AI Spawning for Side 2 (Sathar: false)[/color]
[Turn 1] [color=yellow]AI Spawning for Side 2 (Sathar: false)[/color]
[DEBUG] _update_deployment_ui called - Subphase: 2, my_side_id: 1
[Security] Validation Failed: Sender 100 (Side 1) tried to control Side 2
[1m1/1 passed.
[0m[4m

test/unit/test_seekers.gd
[0m* test_seeker_deployment_and_activation
[DEBUG] _build_repair_panel called
[Turn 1] [DEBUG] Initializing repair_panel
[Turn 1] [DEBUG] Initializing repair_panel
[DEBUG] GameManager: Peer 1 NOT in Lobby Teams. Defaulting to 0 (Spectator). Teams: {  }
[Turn 1] Network: Default Assignment (Host=1, Client=2). My Side: 1
[Turn 1] Network: Default Assignment (Host=1, Client=2). My Side: 1
[Turn 1] Offline Mode: Starting Game immediately.
[Turn 1] Offline Mode: Starting Game immediately.
[Turn 1] Game Setup Received: Seed 419941754
[Turn 1] Game Setup Received: Seed 419941754
[Turn 1] Error: Scenario  not found!
[Turn 1] Error: Scenario  not found!
[Turn 1] [color=cyan]=== DEPLOYMENT Phase ===[/color]
[Turn 1] [color=cyan]=== DEPLOYMENT Phase ===[/color]
[Turn 1] [color=yellow]AI Spawning for Side 2 (Sathar: false)[/color]
[Turn 1] [color=yellow]AI Spawning for Side 2 (Sathar: false)[/color]
[DEBUG] _update_deployment_ui called - Subphase: 2, my_side_id: 1
SCRIPT ERROR: Invalid assignment of property or key 'time_between_phases' with value of type 'float' on a base object of type 'Node2D (GameManager)'.
          at: before_each (res://test/unit/test_seekers.gd:13)
          GDScript backtrace (most recent call first):
              [0] before_each (res://test/unit/test_seekers.gd:13)
              [1] _run_test (res://addons/gut/gut.gd:604)
              [2] _test_the_scripts (res://addons/gut/gut.gd:815)
>>> DIAGNOSTIC: execute_all_movement running for side: 1 on peer: Offline
[Turn 1] Executing Movement Phase for Side UPF
[Turn 1] Executing Movement Phase for Side UPF
[Turn 1] [color=yellow]EXECUTE LOOP: Checking Ship TestMinelayer (Class: Minelayer, Mines: 0)[/color]
[Turn 1] [color=yellow]EXECUTE LOOP: Checking Ship TestMinelayer (Class: Minelayer, Mines: 0)[/color]
[Turn 1] TestMinelayer deployed a seeker at (0.000000, 0.000000, 0.000000).
[Turn 1] TestMinelayer deployed a seeker at (0.000000, 0.000000, 0.000000).
>>> DIAGNOSTIC: Entering Mine Detonations. Active Mines: 0 on peer: Offline
[Turn 1] [color=cyan]!!! DEBUG !!! Entering Mine Detonations. Active Mines: 0[/color]
[Turn 1] [color=cyan]!!! DEBUG !!! Entering Mine Detonations. Active Mines: 0[/color]
[Turn 1] [color=cyan]!!! DEBUG !!! Entering Seeker Movement. Active Seekers: 1[/color]
[Turn 1] [color=cyan]!!! DEBUG !!! Entering Seeker Movement. Active Seekers: 1[/color]
[Turn 1] Movement Phase Complete for Side 1. Starting Combat.
[Turn 1] Movement Phase Complete for Side 1. Starting Combat.
[DEBUG] start_combat_passive: Side 2 firing (Opponent of Moving Side 1)
[Turn 1] Combat Planning: Side 2
[Turn 1] Combat Planning: Side 2
[DEBUG] TARGET CHECK P2. Ships: 0
[DEBUG] NO TARGETS FOUND for P2
[Turn 1] No valid targets for Side 2. Skipping...
[Turn 1] No valid targets for Side 2. Skipping...
[Turn 1] Seeker at (0.000000, 0.000000, 0.000000) ACTIVATED.
[Turn 1] Seeker at (0.000000, 0.000000, 0.000000) ACTIVATED.
* test_seeker_autonomous_pursuit_and_detonation
[DEBUG] _build_repair_panel called
[Turn 1] [DEBUG] Initializing repair_panel
[Turn 1] [DEBUG] Initializing repair_panel
[DEBUG] GameManager: Peer 1 NOT in Lobby Teams. Defaulting to 0 (Spectator). Teams: {  }
[Turn 1] Network: Default Assignment (Host=1, Client=2). My Side: 1
[Turn 1] Network: Default Assignment (Host=1, Client=2). My Side: 1
[Turn 1] Offline Mode: Starting Game immediately.
[Turn 1] Offline Mode: Starting Game immediately.
[Turn 1] Game Setup Received: Seed 14865981
[Turn 1] Game Setup Received: Seed 14865981
[Turn 1] Error: Scenario  not found!
[Turn 1] Error: Scenario  not found!
[Turn 1] [color=cyan]=== DEPLOYMENT Phase ===[/color]
[Turn 1] [color=cyan]=== DEPLOYMENT Phase ===[/color]
[Turn 1] [color=yellow]AI Spawning for Side 2 (Sathar: false)[/color]
[Turn 1] [color=yellow]AI Spawning for Side 2 (Sathar: false)[/color]
[DEBUG] _update_deployment_ui called - Subphase: 2, my_side_id: 1
SCRIPT ERROR: Invalid assignment of property or key 'time_between_phases' with value of type 'float' on a base object of type 'Node2D (GameManager)'.
          at: before_each (res://test/unit/test_seekers.gd:13)
          GDScript backtrace (most recent call first):
              [0] before_each (res://test/unit/test_seekers.gd:13)
              [1] _run_test (res://addons/gut/gut.gd:604)
              [2] _test_the_scripts (res://addons/gut/gut.gd:815)
[Turn 1] [color=cyan]!!! DEBUG !!! Entering Seeker Movement. Active Seekers: 1[/color]
[Turn 1] [color=cyan]!!! DEBUG !!! Entering Seeker Movement. Active Seekers: 1[/color]
[Turn 1] [color=orange]Seeker at (0.000000, 0.000000, 0.000000) activates at speed 2.[/color]
[Turn 1] [color=orange]Seeker at (0.000000, 0.000000, 0.000000) activates at speed 2.[/color]
[Turn 1] [color=cyan]!!! DEBUG !!! Entering Seeker Movement. Active Seekers: 1[/color]
[Turn 1] [color=cyan]!!! DEBUG !!! Entering Seeker Movement. Active Seekers: 1[/color]
[Turn 1] [color=orange]Seeker at (2.000000, -2.000000, 0.000000) activates at speed 4.[/color]
[Turn 1] [color=orange]Seeker at (2.000000, -2.000000, 0.000000) activates at speed 4.[/color]
[Turn 1] [color=orange]SEEKER INTERCEPT at (4.000000, -4.000000, 0.000000)![/color]
[Turn 1] [color=orange]SEEKER INTERCEPT at (4.000000, -4.000000, 0.000000)![/color]
Combat Roll: Distance 0, Chance 75%, Rolled 14
[Turn 1] Firing Ship: Autonomous Seeker, Weapon: Seeker Missile, Odds: 75%, Roll: 14, Result: HIT
[Turn 1] Firing Ship: Autonomous Seeker, Weapon: Seeker Missile, Odds: 75%, Roll: 14, Result: HIT
Damage Roll: 5d10 -> 29
Damage Roll: d100(14) + DTM(-20) = -6
[Turn 1] ? EnemyCruiser took 29 base damage array and CRITICAL HULL HIT (x2) from Seeker!
[Turn 1] ? EnemyCruiser took 29 base damage array and CRITICAL HULL HIT (x2) from Seeker!
[Turn 1] EnemyCruiser: CRITICAL HULL HIT (x2) (58 Damage)
[Turn 1] EnemyCruiser: CRITICAL HULL HIT (x2) (58 Damage)
[1m2/2 passed.
[0m[4m

test/unit/test_ship_data.gd
[0m* test_ship_initialization
* test_reset_turn_state
[1m2/2 passed.
[0m[4m

test/unit/test_ship_destruction.gd
[0m* test_ship_destruction_signal_error
[DEBUG] _build_repair_panel called
[Turn 1] [DEBUG] Initializing repair_panel
[Turn 1] [DEBUG] Initializing repair_panel
[DEBUG] GameManager: Peer 1 NOT in Lobby Teams. Defaulting to 0 (Spectator). Teams: {  }
[Turn 1] Network: Default Assignment (Host=1, Client=2). My Side: 1
[Turn 1] Network: Default Assignment (Host=1, Client=2). My Side: 1
[Turn 1] Offline Mode: Starting Game immediately.
[Turn 1] Offline Mode: Starting Game immediately.
[Turn 1] Game Setup Received: Seed 3652575612
[Turn 1] Game Setup Received: Seed 3652575612
[Turn 1] Error: Scenario  not found!
[Turn 1] Error: Scenario  not found!
[Turn 1] [color=cyan]=== DEPLOYMENT Phase ===[/color]
[Turn 1] [color=cyan]=== DEPLOYMENT Phase ===[/color]
[Turn 1] [color=yellow]AI Spawning for Side 2 (Sathar: false)[/color]
[Turn 1] [color=yellow]AI Spawning for Side 2 (Sathar: false)[/color]
[DEBUG] _update_deployment_ui called - Subphase: 2, my_side_id: 1
[SCENARIO] Sathar Entry Edge: 2 (Vec: (-1, 1, 0)), Facing: 5
[Turn 1] Loading Scenario: Surprise Attack!
[Turn 1] Loading Scenario: Surprise Attack!
[DEBUG] Ship Station Alpha loaded with Orbit Dir 1
[Turn 1] Defiant docked at Station Alpha
[Turn 1] Defiant docked at Station Alpha
[Turn 1] Stiletto docked at Station Alpha
[Turn 1] Stiletto docked at Station Alpha
[Turn 1] Ship destroyed: Station Alpha
[Turn 1] Ship destroyed: Station Alpha
[1m1/1 passed.
[0m[4m

test/unit/test_ship_list_bug.gd
[0m* test_ship_list_filtering_sathar_passive_fire
[DEBUG] _build_repair_panel called
[Turn 1] [DEBUG] Initializing repair_panel
[Turn 1] [DEBUG] Initializing repair_panel
[DEBUG] GameManager: Peer 1 NOT in Lobby Teams. Defaulting to 0 (Spectator). Teams: {  }
[Turn 1] Network: Default Assignment (Host=1, Client=2). My Side: 1
[Turn 1] Network: Default Assignment (Host=1, Client=2). My Side: 1
[Turn 1] Offline Mode: Starting Game immediately.
[Turn 1] Offline Mode: Starting Game immediately.
[Turn 1] Game Setup Received: Seed 2564680779
[Turn 1] Game Setup Received: Seed 2564680779
[Turn 1] Error: Scenario  not found!
[Turn 1] Error: Scenario  not found!
[Turn 1] [color=cyan]=== DEPLOYMENT Phase ===[/color]
[Turn 1] [color=cyan]=== DEPLOYMENT Phase ===[/color]
[Turn 1] [color=yellow]AI Spawning for Side 2 (Sathar: false)[/color]
[Turn 1] [color=yellow]AI Spawning for Side 2 (Sathar: false)[/color]
[DEBUG] _update_deployment_ui called - Subphase: 2, my_side_id: 1
[DEBUG] start_combat_passive: Side 2 firing (Opponent of Moving Side 1)
[Turn 1] Combat Planning: Side 2
[Turn 1] Combat Planning: Side 2
[DEBUG] TARGET CHECK P2. Ships: 1
[DEBUG] NO TARGETS FOUND for P2
[Turn 1] No valid targets for Side 2. Skipping...
[Turn 1] No valid targets for Side 2. Skipping...
    Button Text: [N/A] Sathar_Ship
[33m    3 Orphans[0m
[33m        * [@Button@16018:<Button#3695651590742>]
        * [@Button@16020:<Button#3695735476878>]
        * [@HSeparator@16019:<HSeparator#3695701922449>][0m
* test_ship_list_filtering_upf_active_fire
[DEBUG] _build_repair_panel called
[Turn 1] [DEBUG] Initializing repair_panel
[Turn 1] [DEBUG] Initializing repair_panel
[DEBUG] GameManager: Peer 1 NOT in Lobby Teams. Defaulting to 0 (Spectator). Teams: {  }
[Turn 1] Network: Default Assignment (Host=1, Client=2). My Side: 1
[Turn 1] Network: Default Assignment (Host=1, Client=2). My Side: 1
[Turn 1] Offline Mode: Starting Game immediately.
[Turn 1] Offline Mode: Starting Game immediately.
[Turn 1] Game Setup Received: Seed 1736159875
[Turn 1] Game Setup Received: Seed 1736159875
[Turn 1] Error: Scenario  not found!
[Turn 1] Error: Scenario  not found!
[Turn 1] [color=cyan]=== DEPLOYMENT Phase ===[/color]
[Turn 1] [color=cyan]=== DEPLOYMENT Phase ===[/color]
[Turn 1] [color=yellow]AI Spawning for Side 2 (Sathar: false)[/color]
[Turn 1] [color=yellow]AI Spawning for Side 2 (Sathar: false)[/color]
[DEBUG] _update_deployment_ui called - Subphase: 2, my_side_id: 1
[DEBUG] start_combat_active: Side 1 firing (Active Side)
[Turn 1] Combat Planning: Side 1
[Turn 1] Combat Planning: Side 1
[DEBUG] TARGET CHECK P1. Ships: 1
[DEBUG] NO TARGETS FOUND for P1
[Turn 1] No valid targets for Side 1. Skipping...
[Turn 1] No valid targets for Side 1. Skipping...
    Button Text: [N/A] UPF_Ship
[33m    3 Orphans[0m
[33m        * [@Button@16188:<Button#3734608285939>]
        * [@Button@16190:<Button#3734692172499>]
        * [@HSeparator@16189:<HSeparator#3734658618069>][0m
[33m6 orphans[0m
[1m2/2 passed.
[0m[4m

test/unit/test_ship_name_exhaustion.gd
[0m* test_ship_name_exhaustion
[CampaignManager] Successfully loaded ship_names.json dictionary.
[33m[WARNING]:  [0mTest script has 2 unfreed children.  Increase log level for more details.
[1m1/1 passed.
[0m[4m

test/unit/test_ship_status_panel.gd
[0m* test_no_damage_initial_state
* test_adf_reduction
* test_crippled_weapon
* test_system_damage
* test_fire
[1m5/5 passed.
[0m[4m

test/unit/test_side_names.gd
[0m* test_get_side_name_returns_correct_name
[DEBUG] _build_repair_panel called
[Turn 1] [DEBUG] Initializing repair_panel
[Turn 1] [DEBUG] Initializing repair_panel
[DEBUG] GameManager: Peer 1 NOT in Lobby Teams. Defaulting to 0 (Spectator). Teams: {  }
[Turn 1] Network: Default Assignment (Host=1, Client=2). My Side: 1
[Turn 1] Network: Default Assignment (Host=1, Client=2). My Side: 1
[Turn 1] Offline Mode: Starting Game immediately.
[Turn 1] Offline Mode: Starting Game immediately.
[Turn 1] Game Setup Received: Seed 1457725461
[Turn 1] Game Setup Received: Seed 1457725461
[Turn 1] Error: Scenario  not found!
[Turn 1] Error: Scenario  not found!
[Turn 1] [color=cyan]=== DEPLOYMENT Phase ===[/color]
[Turn 1] [color=cyan]=== DEPLOYMENT Phase ===[/color]
[Turn 1] [color=yellow]AI Spawning for Side 2 (Sathar: false)[/color]
[Turn 1] [color=yellow]AI Spawning for Side 2 (Sathar: false)[/color]
[DEBUG] _update_deployment_ui called - Subphase: 2, my_side_id: 1
* test_get_side_name_fallback
[DEBUG] _build_repair_panel called
[Turn 1] [DEBUG] Initializing repair_panel
[Turn 1] [DEBUG] Initializing repair_panel
[DEBUG] GameManager: Peer 1 NOT in Lobby Teams. Defaulting to 0 (Spectator). Teams: {  }
[Turn 1] Network: Default Assignment (Host=1, Client=2). My Side: 1
[Turn 1] Network: Default Assignment (Host=1, Client=2). My Side: 1
[Turn 1] Offline Mode: Starting Game immediately.
[Turn 1] Offline Mode: Starting Game immediately.
[Turn 1] Game Setup Received: Seed 422043141
[Turn 1] Game Setup Received: Seed 422043141
[SCENARIO] Sathar Entry Edge: 5 (Vec: (1, -1, 0)), Facing: 2
[Turn 1] Loading Scenario: Surprise Attack!
[Turn 1] Loading Scenario: Surprise Attack!
[DEBUG] Ship Station Alpha loaded with Orbit Dir 1
[Turn 1] Defiant docked at Station Alpha
[Turn 1] Defiant docked at Station Alpha
[Turn 1] Stiletto docked at Station Alpha
[Turn 1] Stiletto docked at Station Alpha
[Turn 1] [color=cyan]=== DEPLOYMENT Phase ===[/color]
[Turn 1] [color=cyan]=== DEPLOYMENT Phase ===[/color]
[Turn 1] [color=yellow]AI Spawning for Side 2 (Sathar: false)[/color]
[Turn 1] [color=yellow]AI Spawning for Side 2 (Sathar: false)[/color]
[DEBUG] _update_deployment_ui called - Subphase: 2, my_side_id: 1
[1m2/2 passed.
[0m[4m

test/unit/test_speed_0_facing_bug.gd
[0m* test_reproduction_speed_0_rotation_and_move
[DEBUG] _build_repair_panel called
[Turn 1] [DEBUG] Initializing repair_panel
[Turn 1] [DEBUG] Initializing repair_panel
[DEBUG] GameManager: Peer 1 NOT in Lobby Teams. Defaulting to 0 (Spectator). Teams: {  }
[Turn 1] Network: Default Assignment (Host=1, Client=2). My Side: 1
[Turn 1] Network: Default Assignment (Host=1, Client=2). My Side: 1
[Turn 1] Offline Mode: Starting Game immediately.
[Turn 1] Offline Mode: Starting Game immediately.
[Turn 1] Game Setup Received: Seed 2040268946
[Turn 1] Game Setup Received: Seed 2040268946
[SCENARIO] Sathar Entry Edge: 3 (Vec: (-1, 0, 1)), Facing: 0
[Turn 1] Loading Scenario: Surprise Attack!
[Turn 1] Loading Scenario: Surprise Attack!
[DEBUG] Ship Station Alpha loaded with Orbit Dir 1
[Turn 1] Defiant docked at Station Alpha
[Turn 1] Defiant docked at Station Alpha
[Turn 1] Stiletto docked at Station Alpha
[Turn 1] Stiletto docked at Station Alpha
[Turn 1] [color=cyan]=== DEPLOYMENT Phase ===[/color]
[Turn 1] [color=cyan]=== DEPLOYMENT Phase ===[/color]
[Turn 1] [color=yellow]AI Spawning for Side 2 (Sathar: false)[/color]
[Turn 1] [color=yellow]AI Spawning for Side 2 (Sathar: false)[/color]
[DEBUG] _update_deployment_ui called - Subphase: 2, my_side_id: 1
DEBUG _can_withdraw: rejected bad scen_key: surprise_attack
DEBUG: ghost input dist: 1 | start: (0, 0, 0) | target: (1, -1, 0) | facing: 5
DEBUG _can_withdraw: rejected bad scen_key: surprise_attack
[Turn 1] Movement Phase: Sathar
[Turn 1] Movement Phase: Sathar
[Turn 1] Movement Phase: Sathar
[Turn 1] Movement Phase: Sathar
[33m    1 Orphans[0m
[33m        * [TestShip:<Node2D#3859447550633>(Ship.gd)][0m
[33m1 orphans[0m
[1m1/1 passed.
[0m[4m

test/unit/test_stack_selection_bug.gd
[0m* test_reproduction_stack_selection_bug
[DEBUG] _build_repair_panel called
[Turn 1] [DEBUG] Initializing repair_panel
[Turn 1] [DEBUG] Initializing repair_panel
[DEBUG] GameManager: Peer 1 NOT in Lobby Teams. Defaulting to 0 (Spectator). Teams: {  }
[Turn 1] Network: Default Assignment (Host=1, Client=2). My Side: 1
[Turn 1] Network: Default Assignment (Host=1, Client=2). My Side: 1
[Turn 1] Offline Mode: Starting Game immediately.
[Turn 1] Offline Mode: Starting Game immediately.
[Turn 1] Game Setup Received: Seed 325018577
[Turn 1] Game Setup Received: Seed 325018577
[SCENARIO] Sathar Entry Edge: 2 (Vec: (-1, 1, 0)), Facing: 5
[Turn 1] Loading Scenario: Surprise Attack!
[Turn 1] Loading Scenario: Surprise Attack!
[DEBUG] Ship Station Alpha loaded with Orbit Dir 1
[Turn 1] Defiant docked at Station Alpha
[Turn 1] Defiant docked at Station Alpha
[Turn 1] Stiletto docked at Station Alpha
[Turn 1] Stiletto docked at Station Alpha
[Turn 1] [color=cyan]=== DEPLOYMENT Phase ===[/color]
[Turn 1] [color=cyan]=== DEPLOYMENT Phase ===[/color]
[Turn 1] [color=yellow]AI Spawning for Side 2 (Sathar: false)[/color]
[Turn 1] [color=yellow]AI Spawning for Side 2 (Sathar: false)[/color]
[DEBUG] _update_deployment_ui called - Subphase: 2, my_side_id: 1
[Turn 1] Planned: ? FriendlyShip -> ? EnemyShip (Laser)
[Turn 1] Planned: ? FriendlyShip -> ? EnemyShip (Laser)
[Turn 1] Planned: ? FriendlyShip -> ? EnemyShip (Laser)
[Turn 1] Planned: ? FriendlyShip -> ? EnemyShip (Laser)
[33m    3 Orphans[0m
[33m        * [@HSeparator@17152:<HSeparator#3906557971593>]
        * [@Button@17153:<Button#3906591526702>]
        * [@Button@17151:<Button#3906507641634>][0m
[33m3 orphans[0m
[1m1/1 passed.
[0m[4m

test/unit/test_turn_cycle.gd
[0m* test_turn_increment_cycle
[DEBUG] _build_repair_panel called
[Turn 1] [DEBUG] Initializing repair_panel
[Turn 1] [DEBUG] Initializing repair_panel
[DEBUG] GameManager: Peer 1 NOT in Lobby Teams. Defaulting to 0 (Spectator). Teams: {  }
[Turn 1] Network: Default Assignment (Host=1, Client=2). My Side: 1
[Turn 1] Network: Default Assignment (Host=1, Client=2). My Side: 1
[Turn 1] Offline Mode: Starting Game immediately.
[Turn 1] Offline Mode: Starting Game immediately.
[Turn 1] Game Setup Received: Seed 303396206
[Turn 1] Game Setup Received: Seed 303396206
[SCENARIO] Sathar Entry Edge: 1 (Vec: (0, 1, -1)), Facing: 4
[Turn 1] Loading Scenario: Surprise Attack!
[Turn 1] Loading Scenario: Surprise Attack!
[DEBUG] Ship Station Alpha loaded with Orbit Dir 1
[Turn 1] Defiant docked at Station Alpha
[Turn 1] Defiant docked at Station Alpha
[Turn 1] Stiletto docked at Station Alpha
[Turn 1] Stiletto docked at Station Alpha
[Turn 1] [color=cyan]=== DEPLOYMENT Phase ===[/color]
[Turn 1] [color=cyan]=== DEPLOYMENT Phase ===[/color]
[Turn 1] [color=yellow]AI Spawning for Side 2 (Sathar: false)[/color]
[Turn 1] [color=yellow]AI Spawning for Side 2 (Sathar: false)[/color]
[DEBUG] _update_deployment_ui called - Subphase: 2, my_side_id: 1
[Turn 1] === Turn Start: Side Sathar ===
[Turn 1] === Turn Start: Side Sathar ===
DEBUG: Rejected Station Alpha Side:2 CurSide:1 Moved:false
DEBUG: Rejected Defiant Side:2 CurSide:1 Moved:false
DEBUG: Rejected Stiletto Side:2 CurSide:1 Moved:false
DEBUG: start_movement_phase. Side: 1 Available: 2
DEBUG: First available: Venemous ID: 1 Moved: false
DEBUG: Skip Auto-Orbit Check: Venemous (Class: Destroyer, Orbit: 0)
DEBUG: Skip Auto-Orbit Check: Perdition (Class: Heavy Cruiser, Orbit: 0)
[DEBUG] Standard move start for Venemous
[Turn 1] Defiant Evacuation Progress: Turn 1
[Turn 1] Defiant Evacuation Progress: Turn 1
[Turn 1] Turn Segment Complete.
[Turn 1] Turn Segment Complete.
[Turn 1] === Turn Start: Side UPF ===
[Turn 1] === Turn Start: Side UPF ===
DEBUG: Rejected Venemous Side:1 CurSide:2 Moved:false
DEBUG: Rejected Perdition Side:1 CurSide:2 Moved:false
DEBUG: start_movement_phase. Side: 2 Available: 3
DEBUG: First available: Station Alpha ID: 2 Moved: false
DEBUG: Auto-Orbit Candidate Found: Station Alpha (Class: Space Station, Orbit: 1)
[DEBUG] _on_orbit: No planet found adjacent to Station Alpha at (0, 0, 0)
[DEBUG] Auto-Orbit Failed (No planet?). Defaulting to Hold Position.
[Turn 1] Not your turn! (Active: 2, You: 1)
[Turn 1] Not your turn! (Active: 2, You: 1)
[DEBUG] Standard move start for Defiant
[Turn 1] Defiant Evacuation Progress: Turn 2
[Turn 1] Defiant Evacuation Progress: Turn 2
[Turn 1] Turn Segment Complete.
[Turn 1] Turn Segment Complete.
[Turn 2] Round Complete. Starting New Round.
[Turn 2] Round Complete. Starting New Round.
[Turn 2] === Turn Start: Side Sathar ===
[Turn 2] === Turn Start: Side Sathar ===
DEBUG _can_withdraw: rejected bad scen_key: surprise_attack
DEBUG: Rejected Station Alpha Side:2 CurSide:1 Moved:false
DEBUG: Rejected Defiant Side:2 CurSide:1 Moved:false
DEBUG: Rejected Stiletto Side:2 CurSide:1 Moved:false
DEBUG: start_movement_phase. Side: 1 Available: 2
DEBUG: First available: Venemous ID: 1 Moved: false
DEBUG: Skip Auto-Orbit Check: Venemous (Class: Destroyer, Orbit: 0)
DEBUG: Skip Auto-Orbit Check: Perdition (Class: Heavy Cruiser, Orbit: 0)
[DEBUG] Standard move start for Venemous
[33m[WARNING]:  [0mTest script has 3 unfreed children.  Increase log level for more details.
[1m1/1 passed.
[0m[4m

test/unit/test_turn_restrictions.gd
[0m* test_ui_hidden_when_not_my_turn
[DEBUG] _build_repair_panel called
[Turn 1] [DEBUG] Initializing repair_panel
[Turn 1] [DEBUG] Initializing repair_panel
[DEBUG] GameManager: Peer 1 NOT in Lobby Teams. Defaulting to 0 (Spectator). Teams: {  }
[Turn 1] Network: Default Assignment (Host=1, Client=2). My Side: 1
[Turn 1] Network: Default Assignment (Host=1, Client=2). My Side: 1
[Turn 1] Offline Mode: Starting Game immediately.
[Turn 1] Offline Mode: Starting Game immediately.
[Turn 1] Game Setup Received: Seed 2914917065
[Turn 1] Game Setup Received: Seed 2914917065
[SCENARIO] Sathar Entry Edge: 4 (Vec: (0, -1, 1)), Facing: 1
[Turn 1] Loading Scenario: Surprise Attack!
[Turn 1] Loading Scenario: Surprise Attack!
[DEBUG] Ship Station Alpha loaded with Orbit Dir 1
[Turn 1] Defiant docked at Station Alpha
[Turn 1] Defiant docked at Station Alpha
[Turn 1] Stiletto docked at Station Alpha
[Turn 1] Stiletto docked at Station Alpha
[Turn 1] [color=cyan]=== DEPLOYMENT Phase ===[/color]
[Turn 1] [color=cyan]=== DEPLOYMENT Phase ===[/color]
[Turn 1] [color=yellow]AI Spawning for Side 2 (Sathar: false)[/color]
[Turn 1] [color=yellow]AI Spawning for Side 2 (Sathar: false)[/color]
[DEBUG] _update_deployment_ui called - Subphase: 2, my_side_id: 1
[33m    8 Orphans[0m
[33m        * [<PanelContainer#4026179522766>]
        * [<Button#4025944642131>]
        * [<PanelContainer#4026145968725>]
        * [<Button#4026045305503>]
        * [<Button#4025994973856>]
        * [<Button#4025894310575>]
        * [<CheckBox#4026095637195>]
        * [<Button#4025843979055>][0m
* test_ui_visible_when_my_turn
[DEBUG] _build_repair_panel called
[Turn 1] [DEBUG] Initializing repair_panel
[Turn 1] [DEBUG] Initializing repair_panel
[DEBUG] GameManager: Peer 1 NOT in Lobby Teams. Defaulting to 0 (Spectator). Teams: {  }
[Turn 1] Network: Default Assignment (Host=1, Client=2). My Side: 1
[Turn 1] Network: Default Assignment (Host=1, Client=2). My Side: 1
[Turn 1] Offline Mode: Starting Game immediately.
[Turn 1] Offline Mode: Starting Game immediately.
[Turn 1] Game Setup Received: Seed 333334550
[Turn 1] Game Setup Received: Seed 333334550
[SCENARIO] Sathar Entry Edge: 3 (Vec: (-1, 0, 1)), Facing: 0
[Turn 1] Loading Scenario: Surprise Attack!
[Turn 1] Loading Scenario: Surprise Attack!
[DEBUG] Ship Station Alpha loaded with Orbit Dir 1
[Turn 1] Defiant docked at Station Alpha
[Turn 1] Defiant docked at Station Alpha
[Turn 1] Stiletto docked at Station Alpha
[Turn 1] Stiletto docked at Station Alpha
[Turn 1] [color=cyan]=== DEPLOYMENT Phase ===[/color]
[Turn 1] [color=cyan]=== DEPLOYMENT Phase ===[/color]
[Turn 1] [color=yellow]AI Spawning for Side 2 (Sathar: false)[/color]
[Turn 1] [color=yellow]AI Spawning for Side 2 (Sathar: false)[/color]
[DEBUG] _update_deployment_ui called - Subphase: 2, my_side_id: 1
DEBUG _can_withdraw: rejected bad scen_key: surprise_attack
[33m    8 Orphans[0m
[33m        * [<CheckBox#4065975078678>]
        * [<Button#4065874415396>]
        * [<PanelContainer#4066025410392>]
        * [<PanelContainer#4066058964825>]
        * [<Button#4065924747655>]
        * [<Button#4065773753023>]
        * [<Button#4065723421382>]
        * [<Button#4065824084736>][0m
* test_ghost_ship_not_spawned_when_not_my_turn
[DEBUG] _build_repair_panel called
[Turn 1] [DEBUG] Initializing repair_panel
[Turn 1] [DEBUG] Initializing repair_panel
[DEBUG] GameManager: Peer 1 NOT in Lobby Teams. Defaulting to 0 (Spectator). Teams: {  }
[Turn 1] Network: Default Assignment (Host=1, Client=2). My Side: 1
[Turn 1] Network: Default Assignment (Host=1, Client=2). My Side: 1
[Turn 1] Offline Mode: Starting Game immediately.
[Turn 1] Offline Mode: Starting Game immediately.
[Turn 1] Game Setup Received: Seed 2792762247
[Turn 1] Game Setup Received: Seed 2792762247
[SCENARIO] Sathar Entry Edge: 1 (Vec: (0, 1, -1)), Facing: 4
[Turn 1] Loading Scenario: Surprise Attack!
[Turn 1] Loading Scenario: Surprise Attack!
[DEBUG] Ship Station Alpha loaded with Orbit Dir 1
[Turn 1] Defiant docked at Station Alpha
[Turn 1] Defiant docked at Station Alpha
[Turn 1] Stiletto docked at Station Alpha
[Turn 1] Stiletto docked at Station Alpha
[Turn 1] [color=cyan]=== DEPLOYMENT Phase ===[/color]
[Turn 1] [color=cyan]=== DEPLOYMENT Phase ===[/color]
[Turn 1] [color=yellow]AI Spawning for Side 2 (Sathar: false)[/color]
[Turn 1] [color=yellow]AI Spawning for Side 2 (Sathar: false)[/color]
[DEBUG] _update_deployment_ui called - Subphase: 2, my_side_id: 1
[33m    8 Orphans[0m
[33m        * [<Button#4105753858042>]
        * [<Button#4105602863342>]
        * [<CheckBox#4105804190040>]
        * [<Button#4105703526888>]
        * [<PanelContainer#4105888076330>]
        * [<PanelContainer#4105854521973>]
        * [<Button#4105552532183>]
        * [<Button#4105653195534>][0m
* test_ghost_ship_spawned_when_my_turn
[DEBUG] _build_repair_panel called
[Turn 1] [DEBUG] Initializing repair_panel
[Turn 1] [DEBUG] Initializing repair_panel
[DEBUG] GameManager: Peer 1 NOT in Lobby Teams. Defaulting to 0 (Spectator). Teams: {  }
[Turn 1] Network: Default Assignment (Host=1, Client=2). My Side: 1
[Turn 1] Network: Default Assignment (Host=1, Client=2). My Side: 1
[Turn 1] Offline Mode: Starting Game immediately.
[Turn 1] Offline Mode: Starting Game immediately.
[Turn 1] Game Setup Received: Seed 1594144979
[Turn 1] Game Setup Received: Seed 1594144979
[SCENARIO] Sathar Entry Edge: 2 (Vec: (-1, 1, 0)), Facing: 5
[Turn 1] Loading Scenario: Surprise Attack!
[Turn 1] Loading Scenario: Surprise Attack!
[DEBUG] Ship Station Alpha loaded with Orbit Dir 1
[Turn 1] Defiant docked at Station Alpha
[Turn 1] Defiant docked at Station Alpha
[Turn 1] Stiletto docked at Station Alpha
[Turn 1] Stiletto docked at Station Alpha
[Turn 1] [color=cyan]=== DEPLOYMENT Phase ===[/color]
[Turn 1] [color=cyan]=== DEPLOYMENT Phase ===[/color]
[Turn 1] [color=yellow]AI Spawning for Side 2 (Sathar: false)[/color]
[Turn 1] [color=yellow]AI Spawning for Side 2 (Sathar: false)[/color]
[DEBUG] _update_deployment_ui called - Subphase: 2, my_side_id: 1
[33m    8 Orphans[0m
[33m        * [<Button#4145381639820>]
        * [<Button#4145331310168>]
        * [<PanelContainer#4145482305310>]
        * [<Button#4145180316184>]
        * [<Button#4145280979575>]
        * [<Button#4145230647945>]
        * [<CheckBox#4145431974571>]
        * [<PanelContainer#4145515860745>][0m
* test_cycle_selection_disabled_when_not_my_turn
[DEBUG] _build_repair_panel called
[Turn 1] [DEBUG] Initializing repair_panel
[Turn 1] [DEBUG] Initializing repair_panel
[DEBUG] GameManager: Peer 1 NOT in Lobby Teams. Defaulting to 0 (Spectator). Teams: {  }
[Turn 1] Network: Default Assignment (Host=1, Client=2). My Side: 1
[Turn 1] Network: Default Assignment (Host=1, Client=2). My Side: 1
[Turn 1] Offline Mode: Starting Game immediately.
[Turn 1] Offline Mode: Starting Game immediately.
[Turn 1] Game Setup Received: Seed 413757601
[Turn 1] Game Setup Received: Seed 413757601
[SCENARIO] Sathar Entry Edge: 0 (Vec: (1, 0, -1)), Facing: 3
[Turn 1] Loading Scenario: Surprise Attack!
[Turn 1] Loading Scenario: Surprise Attack!
[DEBUG] Ship Station Alpha loaded with Orbit Dir 1
[Turn 1] Defiant docked at Station Alpha
[Turn 1] Defiant docked at Station Alpha
[Turn 1] Stiletto docked at Station Alpha
[Turn 1] Stiletto docked at Station Alpha
[Turn 1] [color=cyan]=== DEPLOYMENT Phase ===[/color]
[Turn 1] [color=cyan]=== DEPLOYMENT Phase ===[/color]
[Turn 1] [color=yellow]AI Spawning for Side 2 (Sathar: false)[/color]
[Turn 1] [color=yellow]AI Spawning for Side 2 (Sathar: false)[/color]
[DEBUG] _update_deployment_ui called - Subphase: 2, my_side_id: 1
[33m    8 Orphans[0m
[33m        * [<Button#4185026202762>]
        * [<Button#4184875208471>]
        * [<Button#4184975871840>]
        * [<PanelContainer#4185210752899>]
        * [<PanelContainer#4185177198594>]
        * [<CheckBox#4185126866963>]
        * [<Button#4185076535686>]
        * [<Button#4184925541095>][0m
* test_ghost_ship_update_disabled_in_process
[DEBUG] _build_repair_panel called
[Turn 1] [DEBUG] Initializing repair_panel
[Turn 1] [DEBUG] Initializing repair_panel
[DEBUG] GameManager: Peer 1 NOT in Lobby Teams. Defaulting to 0 (Spectator). Teams: {  }
[Turn 1] Network: Default Assignment (Host=1, Client=2). My Side: 1
[Turn 1] Network: Default Assignment (Host=1, Client=2). My Side: 1
[Turn 1] Offline Mode: Starting Game immediately.
[Turn 1] Offline Mode: Starting Game immediately.
[Turn 1] Game Setup Received: Seed 702484104
[Turn 1] Game Setup Received: Seed 702484104
[SCENARIO] Sathar Entry Edge: 4 (Vec: (0, -1, 1)), Facing: 1
[Turn 1] Loading Scenario: Surprise Attack!
[Turn 1] Loading Scenario: Surprise Attack!
[DEBUG] Ship Station Alpha loaded with Orbit Dir 1
[Turn 1] Defiant docked at Station Alpha
[Turn 1] Defiant docked at Station Alpha
[Turn 1] Stiletto docked at Station Alpha
[Turn 1] Stiletto docked at Station Alpha
[Turn 1] [color=cyan]=== DEPLOYMENT Phase ===[/color]
[Turn 1] [color=cyan]=== DEPLOYMENT Phase ===[/color]
[Turn 1] [color=yellow]AI Spawning for Side 2 (Sathar: false)[/color]
[Turn 1] [color=yellow]AI Spawning for Side 2 (Sathar: false)[/color]
[DEBUG] _update_deployment_ui called - Subphase: 2, my_side_id: 1
[33m    8 Orphans[0m
[33m        * [<CheckBox#4224821759796>]
        * [<Button#4224620433216>]
        * [<Button#4224670764874>]
        * [<PanelContainer#4224905645900>]
        * [<PanelContainer#4224872091471>]
        * [<Button#4224721096733>]
        * [<Button#4224570102514>]
        * [<Button#4224771429117>][0m
* test_ghost_ship_blocked_out_of_turn_own_ship
[DEBUG] _build_repair_panel called
[Turn 1] [DEBUG] Initializing repair_panel
[Turn 1] [DEBUG] Initializing repair_panel
[DEBUG] GameManager: Peer 1 NOT in Lobby Teams. Defaulting to 0 (Spectator). Teams: {  }
[Turn 1] Network: Default Assignment (Host=1, Client=2). My Side: 1
[Turn 1] Network: Default Assignment (Host=1, Client=2). My Side: 1
[Turn 1] Offline Mode: Starting Game immediately.
[Turn 1] Offline Mode: Starting Game immediately.
[Turn 1] Game Setup Received: Seed 4166216373
[Turn 1] Game Setup Received: Seed 4166216373
[SCENARIO] Sathar Entry Edge: 0 (Vec: (1, 0, -1)), Facing: 3
[Turn 1] Loading Scenario: Surprise Attack!
[Turn 1] Loading Scenario: Surprise Attack!
[DEBUG] Ship Station Alpha loaded with Orbit Dir 1
[Turn 1] Defiant docked at Station Alpha
[Turn 1] Defiant docked at Station Alpha
[Turn 1] Stiletto docked at Station Alpha
[Turn 1] Stiletto docked at Station Alpha
[Turn 1] [color=cyan]=== DEPLOYMENT Phase ===[/color]
[Turn 1] [color=cyan]=== DEPLOYMENT Phase ===[/color]
[Turn 1] [color=yellow]AI Spawning for Side 2 (Sathar: false)[/color]
[Turn 1] [color=yellow]AI Spawning for Side 2 (Sathar: false)[/color]
[DEBUG] _update_deployment_ui called - Subphase: 2, my_side_id: 1
[33m    8 Orphans[0m
[33m        * [<Button#4264667647046>]
        * [<Button#4264566984492>]
        * [<PanelContainer#4264852197190>]
        * [<PanelContainer#4264818642772>]
        * [<Button#4264717979525>]
        * [<Button#4264617316374>]
        * [<CheckBox#4264768311333>]
        * [<Button#4264516653830>][0m
[33m56 orphans[0m
[1m7/7 passed.
[0m[4m

test/unit/test_ui_weapon_highlight.gd
[0m* test_weapon_highlight
[1m1/1 passed.
[0m[4m

test/unit/test_undo_logic.gd
[0m* test_segmented_undo
[DEBUG] _build_repair_panel called
[Turn 1] [DEBUG] Initializing repair_panel
[Turn 1] [DEBUG] Initializing repair_panel
[DEBUG] GameManager: Peer 1 NOT in Lobby Teams. Defaulting to 0 (Spectator). Teams: {  }
[Turn 1] Network: Default Assignment (Host=1, Client=2). My Side: 1
[Turn 1] Network: Default Assignment (Host=1, Client=2). My Side: 1
[Turn 1] Offline Mode: Starting Game immediately.
[Turn 1] Offline Mode: Starting Game immediately.
[Turn 1] Game Setup Received: Seed 508859826
[Turn 1] Game Setup Received: Seed 508859826
[SCENARIO] Sathar Entry Edge: 1 (Vec: (0, 1, -1)), Facing: 4
[Turn 1] Loading Scenario: Surprise Attack!
[Turn 1] Loading Scenario: Surprise Attack!
[DEBUG] Ship Station Alpha loaded with Orbit Dir 1
[Turn 1] Defiant docked at Station Alpha
[Turn 1] Defiant docked at Station Alpha
[Turn 1] Stiletto docked at Station Alpha
[Turn 1] Stiletto docked at Station Alpha
[Turn 1] [color=cyan]=== DEPLOYMENT Phase ===[/color]
[Turn 1] [color=cyan]=== DEPLOYMENT Phase ===[/color]
[Turn 1] [color=yellow]AI Spawning for Side 2 (Sathar: false)[/color]
[Turn 1] [color=yellow]AI Spawning for Side 2 (Sathar: false)[/color]
[DEBUG] _update_deployment_ui called - Subphase: 2, my_side_id: 1
DEBUG: ghost input dist: 1 | start: (0, 0, 0) | target: (1, 0, -1) | facing: 0
[Turn 1] Movement Phase: Sathar
[Turn 1] Movement Phase: Sathar
[Turn 1] Movement Phase: Sathar
[Turn 1] Movement Phase: Sathar
[Turn 1] Resetting Plot...
[Turn 1] Resetting Plot...
[1m1/1 passed.
[0m[4m

test/unit/test_weapon_grouping.gd
[0m* test_weapon_grouping_logic
[1m1/1 passed.
[0m[4m

test/integration/test_acceleration_persistence.gd
[0m* test_acceleration_to_3_persists
[DEBUG] _build_repair_panel called
[Turn 1] [DEBUG] Initializing repair_panel
[Turn 1] [DEBUG] Initializing repair_panel
[DEBUG] GameManager: Peer 1 NOT in Lobby Teams. Defaulting to 0 (Spectator). Teams: {  }
[Turn 1] Network: Default Assignment (Host=1, Client=2). My Side: 1
[Turn 1] Network: Default Assignment (Host=1, Client=2). My Side: 1
[Turn 1] Offline Mode: Starting Game immediately.
[Turn 1] Offline Mode: Starting Game immediately.
[Turn 1] Game Setup Received: Seed 3549110529
[Turn 1] Game Setup Received: Seed 3549110529
[SCENARIO] Sathar Entry Edge: 0 (Vec: (1, 0, -1)), Facing: 3
[Turn 1] Loading Scenario: Surprise Attack!
[Turn 1] Loading Scenario: Surprise Attack!
[DEBUG] Ship Station Alpha loaded with Orbit Dir 1
[Turn 1] Defiant docked at Station Alpha
[Turn 1] Defiant docked at Station Alpha
[Turn 1] Stiletto docked at Station Alpha
[Turn 1] Stiletto docked at Station Alpha
[Turn 1] [color=cyan]=== DEPLOYMENT Phase ===[/color]
[Turn 1] [color=cyan]=== DEPLOYMENT Phase ===[/color]
[Turn 1] [color=yellow]AI Spawning for Side 2 (Sathar: false)[/color]
[Turn 1] [color=yellow]AI Spawning for Side 2 (Sathar: false)[/color]
[DEBUG] _update_deployment_ui called - Subphase: 2, my_side_id: 1
DEBUG: Before _on_commit_move
DEBUG: _on_commit_move for TestShip
DEBUG: Path size: 3
DEBUG: Calling register_movement_plan locally
[Turn 1] Orders Received for TestShip
[Turn 1] Orders Received for TestShip
DEBUG: After _on_commit_move
DEBUG: Before execute_all_movement
>>> DIAGNOSTIC: execute_all_movement running for side: 1 on peer: Offline
[Turn 1] Executing Movement Phase for Side UPF
[Turn 1] Executing Movement Phase for Side UPF
[Turn 1] [color=yellow]EXECUTE LOOP: Checking Ship TestShip (Class: Destroyer, Mines: 0)[/color]
[Turn 1] [color=yellow]EXECUTE LOOP: Checking Ship TestShip (Class: Destroyer, Mines: 0)[/color]
>>> DIAGNOSTIC: Entering Mine Detonations. Active Mines: 0 on peer: Offline
[Turn 1] [color=cyan]!!! DEBUG !!! Entering Mine Detonations. Active Mines: 0[/color]
[Turn 1] [color=cyan]!!! DEBUG !!! Entering Mine Detonations. Active Mines: 0[/color]
[Turn 1] [color=cyan]!!! DEBUG !!! Entering Seeker Movement. Active Seekers: 0[/color]
[Turn 1] [color=cyan]!!! DEBUG !!! Entering Seeker Movement. Active Seekers: 0[/color]
[Turn 1] Movement Phase Complete for Side 1. Starting Combat.
[Turn 1] Movement Phase Complete for Side 1. Starting Combat.
[DEBUG] start_combat_passive: Side 2 firing (Opponent of Moving Side 1)
[Turn 1] Combat Planning: Side 2
[Turn 1] Combat Planning: Side 2
[DEBUG] TARGET CHECK P2. Ships: 0
[DEBUG] NO TARGETS FOUND for P2
[Turn 1] No valid targets for Side 2. Skipping...
[Turn 1] No valid targets for Side 2. Skipping...
DEBUG: After execute_all_movement
DEBUG: _ship exists, speed is 3
    ABOUT TO TRIGGER
* test_icm_dialog_shows_target_name
[DEBUG] _build_repair_panel called
[Turn 1] [DEBUG] Initializing repair_panel
[Turn 1] [DEBUG] Initializing repair_panel
[DEBUG] GameManager: Peer 1 NOT in Lobby Teams. Defaulting to 0 (Spectator). Teams: {  }
[Turn 1] Network: Default Assignment (Host=1, Client=2). My Side: 1
[Turn 1] Network: Default Assignment (Host=1, Client=2). My Side: 1
[Turn 1] Offline Mode: Starting Game immediately.
[Turn 1] Offline Mode: Starting Game immediately.
[Turn 1] Game Setup Received: Seed 1861662834
[Turn 1] Game Setup Received: Seed 1861662834
[SCENARIO] Sathar Entry Edge: 3 (Vec: (-1, 0, 1)), Facing: 0
[Turn 1] Loading Scenario: Surprise Attack!
[Turn 1] Loading Scenario: Surprise Attack!
[DEBUG] Ship Station Alpha loaded with Orbit Dir 1
[Turn 1] Defiant docked at Station Alpha
[Turn 1] Defiant docked at Station Alpha
[Turn 1] Stiletto docked at Station Alpha
[Turn 1] Stiletto docked at Station Alpha
[Turn 1] [color=cyan]=== DEPLOYMENT Phase ===[/color]
[Turn 1] [color=cyan]=== DEPLOYMENT Phase ===[/color]
[Turn 1] [color=yellow]AI Spawning for Side 2 (Sathar: false)[/color]
[Turn 1] [color=yellow]AI Spawning for Side 2 (Sathar: false)[/color]
[DEBUG] _update_deployment_ui called - Subphase: 2, my_side_id: 1
    ABOUT TO TRIGGER
    Starting test_icm_dialog_shows_target_name
    Target Name: USSEnterprise
    GameManager IS OFfline? true
    Computer Opponents array: [ComputerOpponent_Side2:<Node#4421148740726>]
>>> TRIGGER ICM TOP. Target=USSEnterprise
>>> TRIGGER ICM MID: is_networked=false
>>> DEBUG RPC ICM: Target Name string = USSEnterprise
>>> DEBUG RPC ICM: IS AI TARGET = false
>>> DEBUG EVALUATION: target_owner=true ai_target=false local_bot=false
>>> DEBUG GameManager: Starting UI for ICM! Eligible Ships = 1
    Panel ICM exists? true
[1m2/2 passed.
[0m[4m

test/integration/test_adf_speed_limits.gd
[0m[DEBUG] _build_repair_panel called
[Turn 1] [DEBUG] Initializing repair_panel
[Turn 1] [DEBUG] Initializing repair_panel
[DEBUG] GameManager: Peer 1 NOT in Lobby Teams. Defaulting to 0 (Spectator). Teams: {  }
[Turn 1] Network: Default Assignment (Host=1, Client=2). My Side: 1
[Turn 1] Network: Default Assignment (Host=1, Client=2). My Side: 1
[Turn 1] Offline Mode: Starting Game immediately.
[Turn 1] Offline Mode: Starting Game immediately.
[Turn 1] Game Setup Received: Seed 794162079
[Turn 1] Game Setup Received: Seed 794162079
[SCENARIO] Sathar Entry Edge: 1 (Vec: (0, 1, -1)), Facing: 4
[Turn 1] Loading Scenario: Surprise Attack!
[Turn 1] Loading Scenario: Surprise Attack!
[DEBUG] Ship Station Alpha loaded with Orbit Dir 1
[Turn 1] Defiant docked at Station Alpha
[Turn 1] Defiant docked at Station Alpha
[Turn 1] Stiletto docked at Station Alpha
[Turn 1] Stiletto docked at Station Alpha
[Turn 1] [color=cyan]=== DEPLOYMENT Phase ===[/color]
[Turn 1] [color=cyan]=== DEPLOYMENT Phase ===[/color]
[Turn 1] [color=yellow]AI Spawning for Side 2 (Sathar: false)[/color]
[Turn 1] [color=yellow]AI Spawning for Side 2 (Sathar: false)[/color]
[DEBUG] _update_deployment_ui called - Subphase: 2, my_side_id: 1
* test_zero_speed_with_negative_adf_click
[Turn 1] Orders Received for ADFShip
[Turn 1] Orders Received for ADFShip
[33m[WARNING]:  [0mTest script has 2 unfreed children.  Increase log level for more details.
[1m1/1 passed.
[0m[4m

test/integration/test_batch_movement.gd
[0m* test_batch_movement_flow
[DEBUG] _build_repair_panel called
[Turn 1] [DEBUG] Initializing repair_panel
[Turn 1] [DEBUG] Initializing repair_panel
[DEBUG] GameManager: Peer 1 NOT in Lobby Teams. Defaulting to 0 (Spectator). Teams: {  }
[Turn 1] Network: Default Assignment (Host=1, Client=2). My Side: 1
[Turn 1] Network: Default Assignment (Host=1, Client=2). My Side: 1
[Turn 1] Offline Mode: Starting Game immediately.
[Turn 1] Offline Mode: Starting Game immediately.
[Turn 1] Game Setup Received: Seed 4159177270
[Turn 1] Game Setup Received: Seed 4159177270
[SCENARIO] Sathar Entry Edge: 0 (Vec: (1, 0, -1)), Facing: 3
[Turn 1] Loading Scenario: Surprise Attack!
[Turn 1] Loading Scenario: Surprise Attack!
[DEBUG] Ship Station Alpha loaded with Orbit Dir 1
[Turn 1] Defiant docked at Station Alpha
[Turn 1] Defiant docked at Station Alpha
[Turn 1] Stiletto docked at Station Alpha
[Turn 1] Stiletto docked at Station Alpha
[Turn 1] [color=cyan]=== DEPLOYMENT Phase ===[/color]
[Turn 1] [color=cyan]=== DEPLOYMENT Phase ===[/color]
[Turn 1] [color=yellow]AI Spawning for Side 2 (Sathar: false)[/color]
[Turn 1] [color=yellow]AI Spawning for Side 2 (Sathar: false)[/color]
[DEBUG] _update_deployment_ui called - Subphase: 2, my_side_id: 1
DEBUG: Rejected Station Alpha Side:2 CurSide:1 Moved:false
DEBUG: Rejected Defiant Side:2 CurSide:1 Moved:false
DEBUG: Rejected Stiletto Side:2 CurSide:1 Moved:false
DEBUG: start_movement_phase. Side: 1 Available: 4
DEBUG: First available: Venemous ID: 1 Moved: false
DEBUG: Skip Auto-Orbit Check: Venemous (Class: Destroyer, Orbit: 0)
DEBUG: Skip Auto-Orbit Check: Perdition (Class: Heavy Cruiser, Orbit: 0)
DEBUG: Skip Auto-Orbit Check: Ship1 (Class: Scout, Orbit: 0)
DEBUG: Skip Auto-Orbit Check: Ship2 (Class: Scout, Orbit: 0)
[DEBUG] Standard move start for Venemous
DEBUG: _on_commit_move for Ship1
DEBUG: Path size: 1
DEBUG: Calling register_movement_plan locally
[Turn 1] Orders Received for Ship1
[Turn 1] Orders Received for Ship1
DEBUG: _on_commit_move for Ship2
DEBUG: Path size: 1
DEBUG: Calling register_movement_plan locally
[Turn 1] Orders Received for Ship2
[Turn 1] Orders Received for Ship2
>>> DIAGNOSTIC: execute_all_movement running for side: 1 on peer: Offline
[Turn 1] Executing Movement Phase for Side Sathar
[Turn 1] Executing Movement Phase for Side Sathar
[Turn 1] [color=yellow]EXECUTE LOOP: Checking Ship Venemous (Class: Destroyer, Mines: 0)[/color]
[Turn 1] [color=yellow]EXECUTE LOOP: Checking Ship Venemous (Class: Destroyer, Mines: 0)[/color]
[Turn 1] [color=yellow]EXECUTE LOOP: Checking Ship Perdition (Class: Heavy Cruiser, Mines: 0)[/color]
[Turn 1] [color=yellow]EXECUTE LOOP: Checking Ship Perdition (Class: Heavy Cruiser, Mines: 0)[/color]
[Turn 1] [color=yellow]EXECUTE LOOP: Checking Ship Ship1 (Class: Scout, Mines: 0)[/color]
[Turn 1] [color=yellow]EXECUTE LOOP: Checking Ship Ship1 (Class: Scout, Mines: 0)[/color]
[Turn 1] [color=yellow]EXECUTE LOOP: Checking Ship Ship2 (Class: Scout, Mines: 0)[/color]
[Turn 1] [color=yellow]EXECUTE LOOP: Checking Ship Ship2 (Class: Scout, Mines: 0)[/color]
>>> DIAGNOSTIC: Entering Mine Detonations. Active Mines: 0 on peer: Offline
[Turn 1] [color=cyan]!!! DEBUG !!! Entering Mine Detonations. Active Mines: 0[/color]
[Turn 1] [color=cyan]!!! DEBUG !!! Entering Mine Detonations. Active Mines: 0[/color]
[Turn 1] [color=cyan]!!! DEBUG !!! Entering Seeker Movement. Active Seekers: 0[/color]
[Turn 1] [color=cyan]!!! DEBUG !!! Entering Seeker Movement. Active Seekers: 0[/color]
[Turn 1] Movement Phase Complete for Side 1. Starting Combat.
[Turn 1] Movement Phase Complete for Side 1. Starting Combat.
[DEBUG] start_combat_passive: Side 2 firing (Opponent of Moving Side 1)
[Turn 1] Combat Planning: Side 2
[Turn 1] Combat Planning: Side 2
[DEBUG] TARGET CHECK P2. Ships: 3
[DEBUG] VALID: Station Alpha found target with Laser Battery
* test_undo_planning
[DEBUG] _build_repair_panel called
[Turn 1] [DEBUG] Initializing repair_panel
[Turn 1] [DEBUG] Initializing repair_panel
[DEBUG] GameManager: Peer 1 NOT in Lobby Teams. Defaulting to 0 (Spectator). Teams: {  }
[Turn 1] Network: Default Assignment (Host=1, Client=2). My Side: 1
[Turn 1] Network: Default Assignment (Host=1, Client=2). My Side: 1
[Turn 1] Offline Mode: Starting Game immediately.
[Turn 1] Offline Mode: Starting Game immediately.
[Turn 1] Game Setup Received: Seed 3304217277
[Turn 1] Game Setup Received: Seed 3304217277
[SCENARIO] Sathar Entry Edge: 5 (Vec: (1, -1, 0)), Facing: 2
[Turn 1] Loading Scenario: Surprise Attack!
[Turn 1] Loading Scenario: Surprise Attack!
[DEBUG] Ship Station Alpha loaded with Orbit Dir 1
[Turn 1] Defiant docked at Station Alpha
[Turn 1] Defiant docked at Station Alpha
[Turn 1] Stiletto docked at Station Alpha
[Turn 1] Stiletto docked at Station Alpha
[Turn 1] [color=cyan]=== DEPLOYMENT Phase ===[/color]
[Turn 1] [color=cyan]=== DEPLOYMENT Phase ===[/color]
[Turn 1] [color=yellow]AI Spawning for Side 2 (Sathar: false)[/color]
[Turn 1] [color=yellow]AI Spawning for Side 2 (Sathar: false)[/color]
[DEBUG] _update_deployment_ui called - Subphase: 2, my_side_id: 1
DEBUG: Rejected Station Alpha Side:2 CurSide:1 Moved:false
DEBUG: Rejected Defiant Side:2 CurSide:1 Moved:false
DEBUG: Rejected Stiletto Side:2 CurSide:1 Moved:false
DEBUG: start_movement_phase. Side: 1 Available: 3
DEBUG: First available: Venemous ID: 1 Moved: false
DEBUG: Skip Auto-Orbit Check: Venemous (Class: Destroyer, Orbit: 0)
DEBUG: Skip Auto-Orbit Check: Perdition (Class: Heavy Cruiser, Orbit: 0)
DEBUG: Skip Auto-Orbit Check: ShipUndo (Class: Scout, Orbit: 0)
[DEBUG] Standard move start for Venemous
DEBUG: _on_commit_move for ShipUndo
DEBUG: Path size: 1
DEBUG: Calling register_movement_plan locally
[Turn 1] Orders Received for ShipUndo
[Turn 1] Orders Received for ShipUndo
[Turn 1] Orders cleared for ShipUndo
[Turn 1] Orders cleared for ShipUndo
[Turn 1] Resetting Plot...
[Turn 1] Resetting Plot...
DEBUG _can_withdraw: rejected bad scen_key: surprise_attack
[1m2/2 passed.
[0m[4m

test/integration/test_camera_zoom.gd
[0m* test_camera_exists
[DEBUG] _build_repair_panel called
[Turn 1] [DEBUG] Initializing repair_panel
[Turn 1] [DEBUG] Initializing repair_panel
[DEBUG] GameManager: Peer 1 NOT in Lobby Teams. Defaulting to 0 (Spectator). Teams: {  }
[Turn 1] Network: Default Assignment (Host=1, Client=2). My Side: 1
[Turn 1] Network: Default Assignment (Host=1, Client=2). My Side: 1
[Turn 1] Offline Mode: Starting Game immediately.
[Turn 1] Offline Mode: Starting Game immediately.
[Turn 1] Game Setup Received: Seed 2485856783
[Turn 1] Game Setup Received: Seed 2485856783
[SCENARIO] Sathar Entry Edge: 5 (Vec: (1, -1, 0)), Facing: 2
[Turn 1] Loading Scenario: Surprise Attack!
[Turn 1] Loading Scenario: Surprise Attack!
[DEBUG] Ship Station Alpha loaded with Orbit Dir 1
[Turn 1] Defiant docked at Station Alpha
[Turn 1] Defiant docked at Station Alpha
[Turn 1] Stiletto docked at Station Alpha
[Turn 1] Stiletto docked at Station Alpha
[Turn 1] [color=cyan]=== DEPLOYMENT Phase ===[/color]
[Turn 1] [color=cyan]=== DEPLOYMENT Phase ===[/color]
[Turn 1] [color=yellow]AI Spawning for Side 2 (Sathar: false)[/color]
[Turn 1] [color=yellow]AI Spawning for Side 2 (Sathar: false)[/color]
[DEBUG] _update_deployment_ui called - Subphase: 2, my_side_id: 1
* test_zoom_initialization
[DEBUG] _build_repair_panel called
[Turn 1] [DEBUG] Initializing repair_panel
[Turn 1] [DEBUG] Initializing repair_panel
[DEBUG] GameManager: Peer 1 NOT in Lobby Teams. Defaulting to 0 (Spectator). Teams: {  }
[Turn 1] Network: Default Assignment (Host=1, Client=2). My Side: 1
[Turn 1] Network: Default Assignment (Host=1, Client=2). My Side: 1
[Turn 1] Offline Mode: Starting Game immediately.
[Turn 1] Offline Mode: Starting Game immediately.
[Turn 1] Game Setup Received: Seed 884386557
[Turn 1] Game Setup Received: Seed 884386557
[SCENARIO] Sathar Entry Edge: 3 (Vec: (-1, 0, 1)), Facing: 0
[Turn 1] Loading Scenario: Surprise Attack!
[Turn 1] Loading Scenario: Surprise Attack!
[DEBUG] Ship Station Alpha loaded with Orbit Dir 1
[Turn 1] Defiant docked at Station Alpha
[Turn 1] Defiant docked at Station Alpha
[Turn 1] Stiletto docked at Station Alpha
[Turn 1] Stiletto docked at Station Alpha
[Turn 1] [color=cyan]=== DEPLOYMENT Phase ===[/color]
[Turn 1] [color=cyan]=== DEPLOYMENT Phase ===[/color]
[Turn 1] [color=yellow]AI Spawning for Side 2 (Sathar: false)[/color]
[Turn 1] [color=yellow]AI Spawning for Side 2 (Sathar: false)[/color]
[DEBUG] _update_deployment_ui called - Subphase: 2, my_side_id: 1
* test_zoom_in_input
[DEBUG] _build_repair_panel called
[Turn 1] [DEBUG] Initializing repair_panel
[Turn 1] [DEBUG] Initializing repair_panel
[DEBUG] GameManager: Peer 1 NOT in Lobby Teams. Defaulting to 0 (Spectator). Teams: {  }
[Turn 1] Network: Default Assignment (Host=1, Client=2). My Side: 1
[Turn 1] Network: Default Assignment (Host=1, Client=2). My Side: 1
[Turn 1] Offline Mode: Starting Game immediately.
[Turn 1] Offline Mode: Starting Game immediately.
[Turn 1] Game Setup Received: Seed 1683567999
[Turn 1] Game Setup Received: Seed 1683567999
[SCENARIO] Sathar Entry Edge: 0 (Vec: (1, 0, -1)), Facing: 3
[Turn 1] Loading Scenario: Surprise Attack!
[Turn 1] Loading Scenario: Surprise Attack!
[DEBUG] Ship Station Alpha loaded with Orbit Dir 1
[Turn 1] Defiant docked at Station Alpha
[Turn 1] Defiant docked at Station Alpha
[Turn 1] Stiletto docked at Station Alpha
[Turn 1] Stiletto docked at Station Alpha
[Turn 1] [color=cyan]=== DEPLOYMENT Phase ===[/color]
[Turn 1] [color=cyan]=== DEPLOYMENT Phase ===[/color]
[Turn 1] [color=yellow]AI Spawning for Side 2 (Sathar: false)[/color]
[Turn 1] [color=yellow]AI Spawning for Side 2 (Sathar: false)[/color]
[DEBUG] _update_deployment_ui called - Subphase: 2, my_side_id: 1
* test_zoom_out_input
[DEBUG] _build_repair_panel called
[Turn 1] [DEBUG] Initializing repair_panel
[Turn 1] [DEBUG] Initializing repair_panel
[DEBUG] GameManager: Peer 1 NOT in Lobby Teams. Defaulting to 0 (Spectator). Teams: {  }
[Turn 1] Network: Default Assignment (Host=1, Client=2). My Side: 1
[Turn 1] Network: Default Assignment (Host=1, Client=2). My Side: 1
[Turn 1] Offline Mode: Starting Game immediately.
[Turn 1] Offline Mode: Starting Game immediately.
[Turn 1] Game Setup Received: Seed 2552838037
[Turn 1] Game Setup Received: Seed 2552838037
[SCENARIO] Sathar Entry Edge: 4 (Vec: (0, -1, 1)), Facing: 1
[Turn 1] Loading Scenario: Surprise Attack!
[Turn 1] Loading Scenario: Surprise Attack!
[DEBUG] Ship Station Alpha loaded with Orbit Dir 1
[Turn 1] Defiant docked at Station Alpha
[Turn 1] Defiant docked at Station Alpha
[Turn 1] Stiletto docked at Station Alpha
[Turn 1] Stiletto docked at Station Alpha
[Turn 1] [color=cyan]=== DEPLOYMENT Phase ===[/color]
[Turn 1] [color=cyan]=== DEPLOYMENT Phase ===[/color]
[Turn 1] [color=yellow]AI Spawning for Side 2 (Sathar: false)[/color]
[Turn 1] [color=yellow]AI Spawning for Side 2 (Sathar: false)[/color]
[DEBUG] _update_deployment_ui called - Subphase: 2, my_side_id: 1
* test_zoom_clamping
[DEBUG] _build_repair_panel called
[Turn 1] [DEBUG] Initializing repair_panel
[Turn 1] [DEBUG] Initializing repair_panel
[DEBUG] GameManager: Peer 1 NOT in Lobby Teams. Defaulting to 0 (Spectator). Teams: {  }
[Turn 1] Network: Default Assignment (Host=1, Client=2). My Side: 1
[Turn 1] Network: Default Assignment (Host=1, Client=2). My Side: 1
[Turn 1] Offline Mode: Starting Game immediately.
[Turn 1] Offline Mode: Starting Game immediately.
[Turn 1] Game Setup Received: Seed 3211967571
[Turn 1] Game Setup Received: Seed 3211967571
[SCENARIO] Sathar Entry Edge: 3 (Vec: (-1, 0, 1)), Facing: 0
[Turn 1] Loading Scenario: Surprise Attack!
[Turn 1] Loading Scenario: Surprise Attack!
[DEBUG] Ship Station Alpha loaded with Orbit Dir 1
[Turn 1] Defiant docked at Station Alpha
[Turn 1] Defiant docked at Station Alpha
[Turn 1] Stiletto docked at Station Alpha
[Turn 1] Stiletto docked at Station Alpha
[Turn 1] [color=cyan]=== DEPLOYMENT Phase ===[/color]
[Turn 1] [color=cyan]=== DEPLOYMENT Phase ===[/color]
[Turn 1] [color=yellow]AI Spawning for Side 2 (Sathar: false)[/color]
[Turn 1] [color=yellow]AI Spawning for Side 2 (Sathar: false)[/color]
[DEBUG] _update_deployment_ui called - Subphase: 2, my_side_id: 1
* test_camera_process_zoom_smoothing
[DEBUG] _build_repair_panel called
[Turn 1] [DEBUG] Initializing repair_panel
[Turn 1] [DEBUG] Initializing repair_panel
[DEBUG] GameManager: Peer 1 NOT in Lobby Teams. Defaulting to 0 (Spectator). Teams: {  }
[Turn 1] Network: Default Assignment (Host=1, Client=2). My Side: 1
[Turn 1] Network: Default Assignment (Host=1, Client=2). My Side: 1
[Turn 1] Offline Mode: Starting Game immediately.
[Turn 1] Offline Mode: Starting Game immediately.
[Turn 1] Game Setup Received: Seed 2679351443
[Turn 1] Game Setup Received: Seed 2679351443
[SCENARIO] Sathar Entry Edge: 5 (Vec: (1, -1, 0)), Facing: 2
[Turn 1] Loading Scenario: Surprise Attack!
[Turn 1] Loading Scenario: Surprise Attack!
[DEBUG] Ship Station Alpha loaded with Orbit Dir 1
[Turn 1] Defiant docked at Station Alpha
[Turn 1] Defiant docked at Station Alpha
[Turn 1] Stiletto docked at Station Alpha
[Turn 1] Stiletto docked at Station Alpha
[Turn 1] [color=cyan]=== DEPLOYMENT Phase ===[/color]
[Turn 1] [color=cyan]=== DEPLOYMENT Phase ===[/color]
[Turn 1] [color=yellow]AI Spawning for Side 2 (Sathar: false)[/color]
[Turn 1] [color=yellow]AI Spawning for Side 2 (Sathar: false)[/color]
[DEBUG] _update_deployment_ui called - Subphase: 2, my_side_id: 1
[1m6/6 passed.
[0m[4m

test/integration/test_campaign_tactical.gd
[0m* test_campaign_scenario_generation
[DEBUG] _build_repair_panel called
[Turn 1] [DEBUG] Initializing repair_panel
[Turn 1] [DEBUG] Initializing repair_panel
[DEBUG] GameManager: Peer 1 NOT in Lobby Teams. Defaulting to 0 (Spectator). Teams: {  }
[Turn 1] Network: Default Assignment (Host=1, Client=2). My Side: 1
[Turn 1] Network: Default Assignment (Host=1, Client=2). My Side: 1
[Turn 1] Offline Mode: Starting Game immediately.
[Turn 1] Offline Mode: Starting Game immediately.
[Turn 1] Game Setup Received: Seed 1336309607
[Turn 1] Game Setup Received: Seed 1336309607
[SCENARIO] Sathar Entry Edge: 5 (Vec: (1, -1, 0)), Facing: 2
[Turn 1] Loading Scenario: Surprise Attack!
[Turn 1] Loading Scenario: Surprise Attack!
[DEBUG] Ship Station Alpha loaded with Orbit Dir 1
[Turn 1] Defiant docked at Station Alpha
[Turn 1] Defiant docked at Station Alpha
[Turn 1] Stiletto docked at Station Alpha
[Turn 1] Stiletto docked at Station Alpha
[Turn 1] [color=cyan]=== DEPLOYMENT Phase ===[/color]
[Turn 1] [color=cyan]=== DEPLOYMENT Phase ===[/color]
[Turn 1] [color=yellow]AI Spawning for Side 2 (Sathar: false)[/color]
[Turn 1] [color=yellow]AI Spawning for Side 2 (Sathar: false)[/color]
[DEBUG] _update_deployment_ui called - Subphase: 2, my_side_id: 1
[1m1/1 passed.
[0m[4m

test/integration/test_combat_flow.gd
[0m* test_turn_cycle_switch
[DEBUG] _build_repair_panel called
[Turn 1] [DEBUG] Initializing repair_panel
[Turn 1] [DEBUG] Initializing repair_panel
[DEBUG] GameManager: Peer 1 NOT in Lobby Teams. Defaulting to 0 (Spectator). Teams: {  }
[Turn 1] Network: Default Assignment (Host=1, Client=2). My Side: 1
[Turn 1] Network: Default Assignment (Host=1, Client=2). My Side: 1
[Turn 1] Offline Mode: Starting Game immediately.
[Turn 1] Offline Mode: Starting Game immediately.
[Turn 1] Game Setup Received: Seed 3647598766
[Turn 1] Game Setup Received: Seed 3647598766
[Turn 1] Loading Scenario: Campaign Encounter
[Turn 1] Loading Scenario: Campaign Encounter
[Turn 1] [color=cyan]=== DEPLOYMENT Phase ===[/color]
[Turn 1] [color=cyan]=== DEPLOYMENT Phase ===[/color]
[Turn 1] [color=yellow]AI Spawning for Side 2 (Sathar: false)[/color]
[Turn 1] [color=yellow]AI Spawning for Side 2 (Sathar: false)[/color]
[DEBUG] _update_deployment_ui called - Subphase: 1, my_side_id: 1
DEBUG: Rejected Ship2 Side:2 CurSide:1 Moved:false
DEBUG: start_movement_phase. Side: 1 Available: 1
DEBUG: First available: Ship1 ID: 1 Moved: false
DEBUG: Skip Auto-Orbit Check: Ship1 (Class: Scout, Orbit: 0)
[DEBUG] Standard move start for Ship1
DEBUG _can_withdraw: Success!
DEBUG: Rejected Ship1 Side:1 CurSide:1 Moved:true
DEBUG: Rejected Ship2 Side:2 CurSide:1 Moved:false
DEBUG: start_movement_phase. Side: 1 Available: 0
>>> DIAGNOSTIC: execute_all_movement running for side: 1 on peer: Offline
[Turn 1] Executing Movement Phase for Side UPF
[Turn 1] Executing Movement Phase for Side UPF
[Turn 1] [color=yellow]EXECUTE LOOP: Checking Ship Ship1 (Class: Scout, Mines: 0)[/color]
[Turn 1] [color=yellow]EXECUTE LOOP: Checking Ship Ship1 (Class: Scout, Mines: 0)[/color]
>>> DIAGNOSTIC: Entering Mine Detonations. Active Mines: 0 on peer: Offline
[Turn 1] [color=cyan]!!! DEBUG !!! Entering Mine Detonations. Active Mines: 0[/color]
[Turn 1] [color=cyan]!!! DEBUG !!! Entering Mine Detonations. Active Mines: 0[/color]
[Turn 1] [color=cyan]!!! DEBUG !!! Entering Seeker Movement. Active Seekers: 0[/color]
[Turn 1] [color=cyan]!!! DEBUG !!! Entering Seeker Movement. Active Seekers: 0[/color]
[Turn 1] Movement Phase Complete for Side 1. Starting Combat.
[Turn 1] Movement Phase Complete for Side 1. Starting Combat.
[DEBUG] start_combat_passive: Side 2 firing (Opponent of Moving Side 1)
[Turn 1] Combat Planning: Side 2
[Turn 1] Combat Planning: Side 2
[DEBUG] TARGET CHECK P2. Ships: 1
[DEBUG] NO TARGETS FOUND for P2
[Turn 1] No valid targets for Side 2. Skipping...
[Turn 1] No valid targets for Side 2. Skipping...
* test_ship_destruction_handling
[DEBUG] _build_repair_panel called
[Turn 1] [DEBUG] Initializing repair_panel
[Turn 1] [DEBUG] Initializing repair_panel
[DEBUG] GameManager: Peer 1 NOT in Lobby Teams. Defaulting to 0 (Spectator). Teams: {  }
[Turn 1] Network: Default Assignment (Host=1, Client=2). My Side: 1
[Turn 1] Network: Default Assignment (Host=1, Client=2). My Side: 1
[Turn 1] Offline Mode: Starting Game immediately.
[Turn 1] Offline Mode: Starting Game immediately.
[Turn 1] Game Setup Received: Seed 194059464
[Turn 1] Game Setup Received: Seed 194059464
[Turn 1] Loading Scenario: Campaign Encounter
[Turn 1] Loading Scenario: Campaign Encounter
[Turn 1] [color=cyan]=== DEPLOYMENT Phase ===[/color]
[Turn 1] [color=cyan]=== DEPLOYMENT Phase ===[/color]
[Turn 1] [color=yellow]AI Spawning for Side 2 (Sathar: false)[/color]
[Turn 1] [color=yellow]AI Spawning for Side 2 (Sathar: false)[/color]
[DEBUG] _update_deployment_ui called - Subphase: 1, my_side_id: 1
[Turn 1] Ship destroyed: Victim
[Turn 1] Ship destroyed: Victim
[Turn 1] [color=cyan]=== AFTERMATH: REPAIRS ===[/color]
[Turn 1] [color=cyan]=== AFTERMATH: REPAIRS ===[/color]
DEBUG: start_movement_phase. Side: 2 Available: 0
>>> DIAGNOSTIC: execute_all_movement running for side: 2 on peer: Offline
[Turn 1] Executing Movement Phase for Side Sathar
[Turn 1] Executing Movement Phase for Side Sathar
>>> DIAGNOSTIC: Entering Mine Detonations. Active Mines: 0 on peer: Offline
[Turn 1] [color=cyan]!!! DEBUG !!! Entering Mine Detonations. Active Mines: 0[/color]
[Turn 1] [color=cyan]!!! DEBUG !!! Entering Mine Detonations. Active Mines: 0[/color]
[Turn 1] [color=cyan]!!! DEBUG !!! Entering Seeker Movement. Active Seekers: 0[/color]
[Turn 1] [color=cyan]!!! DEBUG !!! Entering Seeker Movement. Active Seekers: 0[/color]
[Turn 1] Movement Phase Complete for Side 2. Starting Combat.
[Turn 1] Movement Phase Complete for Side 2. Starting Combat.
[DEBUG] start_combat_passive: Side 1 firing (Opponent of Moving Side 2)
[Turn 1] Combat Planning: Side 1
[Turn 1] Combat Planning: Side 1
[DEBUG] TARGET CHECK P1. Ships: 0
[DEBUG] NO TARGETS FOUND for P1
[Turn 1] No valid targets for Side 1. Skipping...
[Turn 1] No valid targets for Side 1. Skipping...
[1m2/2 passed.
[0m[4m

test/integration/test_combat_reset.gd
[0m* test_combat_target_validation
[DEBUG] _build_repair_panel called
[Turn 1] [DEBUG] Initializing repair_panel
[Turn 1] [DEBUG] Initializing repair_panel
[DEBUG] GameManager: Peer 1 NOT in Lobby Teams. Defaulting to 0 (Spectator). Teams: {  }
[Turn 1] Network: Default Assignment (Host=1, Client=2). My Side: 1
[Turn 1] Network: Default Assignment (Host=1, Client=2). My Side: 1
[Turn 1] Offline Mode: Starting Game immediately.
[Turn 1] Offline Mode: Starting Game immediately.
[Turn 1] Game Setup Received: Seed 3506381080
[Turn 1] Game Setup Received: Seed 3506381080
[Turn 1] Loading Scenario: Campaign Encounter
[Turn 1] Loading Scenario: Campaign Encounter
[Turn 1] [color=cyan]=== DEPLOYMENT Phase ===[/color]
[Turn 1] [color=cyan]=== DEPLOYMENT Phase ===[/color]
[Turn 1] [color=yellow]AI Spawning for Side 2 (Sathar: false)[/color]
[Turn 1] [color=yellow]AI Spawning for Side 2 (Sathar: false)[/color]
[DEBUG] _update_deployment_ui called - Subphase: 1, my_side_id: 1
Has _check_for_valid_combat_targets: true
[DEBUG] TARGET CHECK P1. Ships: 1
[DEBUG] VALID: Defiant found target with Laser Battery
[Turn 1] === Turn Start: Side UPF ===
[Turn 1] === Turn Start: Side UPF ===
DEBUG: Rejected Defiant Side:1 CurSide:2 Moved:false
DEBUG: start_movement_phase. Side: 2 Available: 1
DEBUG: First available: Enemy ID: 2 Moved: false
DEBUG: Skip Auto-Orbit Check: Enemy (Class: Scout, Orbit: 0)
[DEBUG] Standard move start for Enemy
DEBUG _can_withdraw: rejected enemy in range. Dist: 5 Range: 10
Defiant Weapon Fired State: false
[DEBUG] TARGET CHECK P1. Ships: 1
[DEBUG] VALID: Defiant found target with Laser Battery
[1m1/1 passed.
[0m[4m

test/integration/test_combat_sync.gd
[0m* test_rpc_add_attack
[DEBUG] _build_repair_panel called
[Turn 1] [DEBUG] Initializing repair_panel
[Turn 1] [DEBUG] Initializing repair_panel
[DEBUG] GameManager: Peer 1 NOT in Lobby Teams. Defaulting to 0 (Spectator). Teams: {  }
[Turn 1] Network: Default Assignment (Host=1, Client=2). My Side: 1
[Turn 1] Network: Default Assignment (Host=1, Client=2). My Side: 1
[Turn 1] Offline Mode: Starting Game immediately.
[Turn 1] Offline Mode: Starting Game immediately.
[Turn 1] Game Setup Received: Seed 1459940293
[Turn 1] Game Setup Received: Seed 1459940293
[Turn 1] Loading Scenario: Campaign Encounter
[Turn 1] Loading Scenario: Campaign Encounter
[Turn 1] [color=cyan]=== DEPLOYMENT Phase ===[/color]
[Turn 1] [color=cyan]=== DEPLOYMENT Phase ===[/color]
[Turn 1] [color=yellow]AI Spawning for Side 2 (Sathar: false)[/color]
[Turn 1] [color=yellow]AI Spawning for Side 2 (Sathar: false)[/color]
[DEBUG] _update_deployment_ui called - Subphase: 1, my_side_id: 1
* test_rpc_remove_attack
[DEBUG] _build_repair_panel called
[Turn 1] [DEBUG] Initializing repair_panel
[Turn 1] [DEBUG] Initializing repair_panel
[DEBUG] GameManager: Peer 1 NOT in Lobby Teams. Defaulting to 0 (Spectator). Teams: {  }
[Turn 1] Network: Default Assignment (Host=1, Client=2). My Side: 1
[Turn 1] Network: Default Assignment (Host=1, Client=2). My Side: 1
[Turn 1] Offline Mode: Starting Game immediately.
[Turn 1] Offline Mode: Starting Game immediately.
[Turn 1] Game Setup Received: Seed 1125022196
[Turn 1] Game Setup Received: Seed 1125022196
[Turn 1] Loading Scenario: Campaign Encounter
[Turn 1] Loading Scenario: Campaign Encounter
[Turn 1] [color=cyan]=== DEPLOYMENT Phase ===[/color]
[Turn 1] [color=cyan]=== DEPLOYMENT Phase ===[/color]
[Turn 1] [color=yellow]AI Spawning for Side 2 (Sathar: false)[/color]
[Turn 1] [color=yellow]AI Spawning for Side 2 (Sathar: false)[/color]
[DEBUG] _update_deployment_ui called - Subphase: 1, my_side_id: 1
[1m2/2 passed.
[0m[4m

test/integration/test_combat_validation.gd
[0m[DEBUG] _build_repair_panel called
[Turn 1] [DEBUG] Initializing repair_panel
[Turn 1] [DEBUG] Initializing repair_panel
[DEBUG] GameManager: Peer 1 NOT in Lobby Teams. Defaulting to 0 (Spectator). Teams: {  }
[Turn 1] Network: Default Assignment (Host=1, Client=2). My Side: 1
[Turn 1] Network: Default Assignment (Host=1, Client=2). My Side: 1
[Turn 1] Offline Mode: Starting Game immediately.
[Turn 1] Offline Mode: Starting Game immediately.
[Turn 1] Game Setup Received: Seed 1843648351
[Turn 1] Game Setup Received: Seed 1843648351
[Turn 1] Loading Scenario: Campaign Encounter
[Turn 1] Loading Scenario: Campaign Encounter
[Turn 1] [color=cyan]=== DEPLOYMENT Phase ===[/color]
[Turn 1] [color=cyan]=== DEPLOYMENT Phase ===[/color]
[Turn 1] [color=yellow]AI Spawning for Side 2 (Sathar: false)[/color]
[Turn 1] [color=yellow]AI Spawning for Side 2 (Sathar: false)[/color]
[DEBUG] _update_deployment_ui called - Subphase: 1, my_side_id: 1
* test_valid_target_in_range
[DEBUG] TARGET CHECK P1. Ships: 1
[DEBUG] VALID: Shooter found target with Laser
* test_docked_ship_can_fire_lasers
[DEBUG] TARGET CHECK P1. Ships: 1
[DEBUG] VALID: DockedShooter found target with Laser
[DEBUG] TARGET CHECK P1. Ships: 1
[DEBUG] Weapon Torpedo N/A for DockedShooter (Phase 1, Fired false)
[DEBUG] NO TARGETS FOUND for P1
[33m[WARNING]:  [0mTest script has 2 unfreed children.  Increase log level for more details.
[1m2/2 passed.
[0m[4m

test/integration/test_docking_rearming.gd
[0m* test_docking_rules
[DEBUG] _build_repair_panel called
[Turn 1] [DEBUG] Initializing repair_panel
[Turn 1] [DEBUG] Initializing repair_panel
[DEBUG] GameManager: Peer 1 NOT in Lobby Teams. Defaulting to 0 (Spectator). Teams: {  }
[Turn 1] Network: Default Assignment (Host=1, Client=2). My Side: 1
[Turn 1] Network: Default Assignment (Host=1, Client=2). My Side: 1
[Turn 1] Offline Mode: Starting Game immediately.
[Turn 1] Offline Mode: Starting Game immediately.
[Turn 1] Game Setup Received: Seed 2621712861
[Turn 1] Game Setup Received: Seed 2621712861
[Turn 1] Loading Scenario: Campaign Encounter
[Turn 1] Loading Scenario: Campaign Encounter
[Turn 1] [color=cyan]=== DEPLOYMENT Phase ===[/color]
[Turn 1] [color=cyan]=== DEPLOYMENT Phase ===[/color]
[Turn 1] [color=yellow]AI Spawning for Side 2 (Sathar: false)[/color]
[Turn 1] [color=yellow]AI Spawning for Side 2 (Sathar: false)[/color]
[DEBUG] _update_deployment_ui called - Subphase: 1, my_side_id: 1
* test_docked_movement_cascade
[DEBUG] _build_repair_panel called
[Turn 1] [DEBUG] Initializing repair_panel
[Turn 1] [DEBUG] Initializing repair_panel
[DEBUG] GameManager: Peer 1 NOT in Lobby Teams. Defaulting to 0 (Spectator). Teams: {  }
[Turn 1] Network: Default Assignment (Host=1, Client=2). My Side: 1
[Turn 1] Network: Default Assignment (Host=1, Client=2). My Side: 1
[Turn 1] Offline Mode: Starting Game immediately.
[Turn 1] Offline Mode: Starting Game immediately.
[Turn 1] Game Setup Received: Seed 2727445116
[Turn 1] Game Setup Received: Seed 2727445116
[Turn 1] Loading Scenario: Campaign Encounter
[Turn 1] Loading Scenario: Campaign Encounter
[Turn 1] [color=cyan]=== DEPLOYMENT Phase ===[/color]
[Turn 1] [color=cyan]=== DEPLOYMENT Phase ===[/color]
[Turn 1] [color=yellow]AI Spawning for Side 2 (Sathar: false)[/color]
[Turn 1] [color=yellow]AI Spawning for Side 2 (Sathar: false)[/color]
[DEBUG] _update_deployment_ui called - Subphase: 1, my_side_id: 1
* test_undock_on_move
[DEBUG] _build_repair_panel called
[Turn 1] [DEBUG] Initializing repair_panel
[Turn 1] [DEBUG] Initializing repair_panel
[DEBUG] GameManager: Peer 1 NOT in Lobby Teams. Defaulting to 0 (Spectator). Teams: {  }
[Turn 1] Network: Default Assignment (Host=1, Client=2). My Side: 1
[Turn 1] Network: Default Assignment (Host=1, Client=2). My Side: 1
[Turn 1] Offline Mode: Starting Game immediately.
[Turn 1] Offline Mode: Starting Game immediately.
[Turn 1] Game Setup Received: Seed 2965467278
[Turn 1] Game Setup Received: Seed 2965467278
[Turn 1] Loading Scenario: Campaign Encounter
[Turn 1] Loading Scenario: Campaign Encounter
[Turn 1] [color=cyan]=== DEPLOYMENT Phase ===[/color]
[Turn 1] [color=cyan]=== DEPLOYMENT Phase ===[/color]
[Turn 1] [color=yellow]AI Spawning for Side 2 (Sathar: false)[/color]
[Turn 1] [color=yellow]AI Spawning for Side 2 (Sathar: false)[/color]
[DEBUG] _update_deployment_ui called - Subphase: 1, my_side_id: 1
[Turn 1] Orders Received for TestFighter
[Turn 1] Orders Received for TestFighter
[Turn 1] F TestFighter auto-undocked for maneuver.
[Turn 1] F TestFighter auto-undocked for maneuver.
* test_rearm_mechanics
[DEBUG] _build_repair_panel called
[Turn 1] [DEBUG] Initializing repair_panel
[Turn 1] [DEBUG] Initializing repair_panel
[DEBUG] GameManager: Peer 1 NOT in Lobby Teams. Defaulting to 0 (Spectator). Teams: {  }
[Turn 1] Network: Default Assignment (Host=1, Client=2). My Side: 1
[Turn 1] Network: Default Assignment (Host=1, Client=2). My Side: 1
[Turn 1] Offline Mode: Starting Game immediately.
[Turn 1] Offline Mode: Starting Game immediately.
[Turn 1] Game Setup Received: Seed 1767794747
[Turn 1] Game Setup Received: Seed 1767794747
[Turn 1] Loading Scenario: Campaign Encounter
[Turn 1] Loading Scenario: Campaign Encounter
[Turn 1] [color=cyan]=== DEPLOYMENT Phase ===[/color]
[Turn 1] [color=cyan]=== DEPLOYMENT Phase ===[/color]
[Turn 1] [color=yellow]AI Spawning for Side 2 (Sathar: false)[/color]
[Turn 1] [color=yellow]AI Spawning for Side 2 (Sathar: false)[/color]
[DEBUG] _update_deployment_ui called - Subphase: 1, my_side_id: 1
[1m4/4 passed.
[0m[4m

test/integration/test_full_turn_loop.gd
[0m* test_full_turn_loop
[DEBUG] _build_repair_panel called
[Turn 1] [DEBUG] Initializing repair_panel
[Turn 1] [DEBUG] Initializing repair_panel
[DEBUG] GameManager: Peer 1 NOT in Lobby Teams. Defaulting to 0 (Spectator). Teams: {  }
[Turn 1] Network: Default Assignment (Host=1, Client=2). My Side: 1
[Turn 1] Network: Default Assignment (Host=1, Client=2). My Side: 1
[Turn 1] Offline Mode: Starting Game immediately.
[Turn 1] Offline Mode: Starting Game immediately.
[Turn 1] Game Setup Received: Seed 4199780736
[Turn 1] Game Setup Received: Seed 4199780736
[Turn 1] Error: Scenario  not found!
[Turn 1] Error: Scenario  not found!
[Turn 1] [color=cyan]=== DEPLOYMENT Phase ===[/color]
[Turn 1] [color=cyan]=== DEPLOYMENT Phase ===[/color]
[Turn 1] [color=yellow]AI Spawning for Side 2 (Sathar: false)[/color]
[Turn 1] [color=yellow]AI Spawning for Side 2 (Sathar: false)[/color]
[DEBUG] _update_deployment_ui called - Subphase: 2, my_side_id: 1
DEBUG: Rejected P2_Ship Side:2 CurSide:1 Moved:false
DEBUG: start_movement_phase. Side: 1 Available: 1
DEBUG: First available: P1_Ship ID: 1 Moved: false
DEBUG: Skip Auto-Orbit Check: P1_Ship (Class: Scout, Orbit: 0)
[DEBUG] Standard move start for P1_Ship
DEBUG _can_withdraw: rejected bad scen_key: 
DEBUG: Rejected P1_Ship Side:1 CurSide:1 Moved:true
DEBUG: Rejected P2_Ship Side:2 CurSide:1 Moved:false
DEBUG: start_movement_phase. Side: 1 Available: 0
>>> DIAGNOSTIC: execute_all_movement running for side: 1 on peer: Offline
[Turn 1] Executing Movement Phase for Side UPF
[Turn 1] Executing Movement Phase for Side UPF
[Turn 1] [color=yellow]EXECUTE LOOP: Checking Ship P1_Ship (Class: Scout, Mines: 0)[/color]
[Turn 1] [color=yellow]EXECUTE LOOP: Checking Ship P1_Ship (Class: Scout, Mines: 0)[/color]
>>> DIAGNOSTIC: Entering Mine Detonations. Active Mines: 0 on peer: Offline
[Turn 1] [color=cyan]!!! DEBUG !!! Entering Mine Detonations. Active Mines: 0[/color]
[Turn 1] [color=cyan]!!! DEBUG !!! Entering Mine Detonations. Active Mines: 0[/color]
[Turn 1] [color=cyan]!!! DEBUG !!! Entering Seeker Movement. Active Seekers: 0[/color]
[Turn 1] [color=cyan]!!! DEBUG !!! Entering Seeker Movement. Active Seekers: 0[/color]
[Turn 1] Movement Phase Complete for Side 1. Starting Combat.
[Turn 1] Movement Phase Complete for Side 1. Starting Combat.
[DEBUG] start_combat_passive: Side 2 firing (Opponent of Moving Side 1)
[Turn 1] Combat Planning: Side 2
[Turn 1] Combat Planning: Side 2
[DEBUG] TARGET CHECK P2. Ships: 1
[DEBUG] NO TARGETS FOUND for P2
[Turn 1] No valid targets for Side 2. Skipping...
[Turn 1] No valid targets for Side 2. Skipping...
[Turn 1] Turn Segment Complete.
[Turn 1] Turn Segment Complete.
[DEBUG] start_combat_active: Side 1 firing (Active Side)
[Turn 1] Combat Planning: Side 1
[Turn 1] Combat Planning: Side 1
[DEBUG] TARGET CHECK P1. Ships: 1
[DEBUG] NO TARGETS FOUND for P1
[Turn 1] No valid targets for Side 1. Skipping...
[Turn 1] No valid targets for Side 1. Skipping...
[Turn 1] Turn Segment Complete.
[Turn 1] Turn Segment Complete.
[Turn 1] === Turn Start: Side UPF ===
[Turn 1] === Turn Start: Side UPF ===
DEBUG: Rejected P1_Ship Side:1 CurSide:2 Moved:false
DEBUG: start_movement_phase. Side: 2 Available: 1
DEBUG: First available: P2_Ship ID: 2 Moved: false
DEBUG: Skip Auto-Orbit Check: P2_Ship (Class: Scout, Orbit: 0)
[DEBUG] Standard move start for P2_Ship
DEBUG _can_withdraw: rejected bad scen_key: 
DEBUG: Rejected P1_Ship Side:1 CurSide:2 Moved:false
DEBUG: Rejected P2_Ship Side:2 CurSide:2 Moved:true
DEBUG: start_movement_phase. Side: 2 Available: 0
>>> DIAGNOSTIC: execute_all_movement running for side: 2 on peer: Offline
[Turn 1] Executing Movement Phase for Side UPF
[Turn 1] Executing Movement Phase for Side UPF
[Turn 1] [color=yellow]EXECUTE LOOP: Checking Ship P2_Ship (Class: Scout, Mines: 0)[/color]
[Turn 1] [color=yellow]EXECUTE LOOP: Checking Ship P2_Ship (Class: Scout, Mines: 0)[/color]
>>> DIAGNOSTIC: Entering Mine Detonations. Active Mines: 0 on peer: Offline
[Turn 1] [color=cyan]!!! DEBUG !!! Entering Mine Detonations. Active Mines: 0[/color]
[Turn 1] [color=cyan]!!! DEBUG !!! Entering Mine Detonations. Active Mines: 0[/color]
[Turn 1] [color=cyan]!!! DEBUG !!! Entering Seeker Movement. Active Seekers: 0[/color]
[Turn 1] [color=cyan]!!! DEBUG !!! Entering Seeker Movement. Active Seekers: 0[/color]
[Turn 1] Movement Phase Complete for Side 2. Starting Combat.
[Turn 1] Movement Phase Complete for Side 2. Starting Combat.
[DEBUG] start_combat_passive: Side 1 firing (Opponent of Moving Side 2)
[Turn 1] Combat Planning: Side 1
[Turn 1] Combat Planning: Side 1
[DEBUG] TARGET CHECK P1. Ships: 1
[DEBUG] NO TARGETS FOUND for P1
[Turn 1] No valid targets for Side 1. Skipping...
[Turn 1] No valid targets for Side 1. Skipping...
[Turn 1] Turn Segment Complete.
[Turn 1] Turn Segment Complete.
[DEBUG] start_combat_active: Side 2 firing (Active Side)
[Turn 1] Combat Planning: Side 2
[Turn 1] Combat Planning: Side 2
[DEBUG] TARGET CHECK P2. Ships: 1
[DEBUG] NO TARGETS FOUND for P2
[Turn 1] No valid targets for Side 2. Skipping...
[Turn 1] No valid targets for Side 2. Skipping...
[Turn 1] Turn Segment Complete.
[Turn 1] Turn Segment Complete.
[Turn 2] Round Complete. Starting New Round.
[Turn 2] Round Complete. Starting New Round.
[Turn 2] === Turn Start: Side UPF ===
[Turn 2] === Turn Start: Side UPF ===
DEBUG: Rejected P2_Ship Side:2 CurSide:1 Moved:false
DEBUG: start_movement_phase. Side: 1 Available: 1
DEBUG: First available: P1_Ship ID: 1 Moved: false
DEBUG: Skip Auto-Orbit Check: P1_Ship (Class: Scout, Orbit: 0)
[DEBUG] Standard move start for P1_Ship
DEBUG _can_withdraw: rejected bad scen_key: 
[33m    15 Orphans[0m
[33m        * [@Button@22812:<Button#5319216335387>]
        * [@HSeparator@22811:<HSeparator#5319182780956>]
        * [@Button@22823:<Button#5350505843386>]
        * [@Button@22822:<Button#5350455511739>]
        * [@Button@22820:<Button#5350371625739>]
        * [@HSeparator@22821:<HSeparator#5350421957391>]
        * [@Button@22825:<Button#5350589729591>]
        * [@HSeparator@22824:<HSeparator#5350556175161>]
        * [@Button@22804:<Button#5308646690298>]
        * [@HSeparator@22808:<HSeparator#5308831239688>]
        * [@Button@22809:<Button#5308864794122>]
        * [@HSeparator@22805:<HSeparator#5308697021965>]
        * [@Button@22806:<Button#5308730576398>]
        * [@Button@22810:<Button#5319132450342>]
        * [@Button@22807:<Button#5308780908073>][0m
[33m15 orphans[0m
[1m1/1 passed.
[0m[4m

test/integration/test_full_turn_with_casualties.gd
[0m* test_turn_continues_after_casualty
[DEBUG] _build_repair_panel called
[Turn 1] [DEBUG] Initializing repair_panel
[Turn 1] [DEBUG] Initializing repair_panel
[DEBUG] GameManager: Peer 1 NOT in Lobby Teams. Defaulting to 0 (Spectator). Teams: {  }
[Turn 1] Network: Default Assignment (Host=1, Client=2). My Side: 1
[Turn 1] Network: Default Assignment (Host=1, Client=2). My Side: 1
[Turn 1] Offline Mode: Starting Game immediately.
[Turn 1] Offline Mode: Starting Game immediately.
[Turn 1] Game Setup Received: Seed 2243734659
[Turn 1] Game Setup Received: Seed 2243734659
[Turn 1] Error: Scenario  not found!
[Turn 1] Error: Scenario  not found!
[Turn 1] [color=cyan]=== DEPLOYMENT Phase ===[/color]
[Turn 1] [color=cyan]=== DEPLOYMENT Phase ===[/color]
[Turn 1] [color=yellow]AI Spawning for Side 2 (Sathar: false)[/color]
[Turn 1] [color=yellow]AI Spawning for Side 2 (Sathar: false)[/color]
[DEBUG] _update_deployment_ui called - Subphase: 2, my_side_id: 1
[DEBUG] _build_repair_panel called
[Turn 1] [DEBUG] Initializing repair_panel
[Turn 1] [DEBUG] Initializing repair_panel
[DEBUG] GameManager: Peer 1 NOT in Lobby Teams. Defaulting to 0 (Spectator). Teams: {  }
[Turn 1] Network: Default Assignment (Host=1, Client=2). My Side: 1
[Turn 1] Network: Default Assignment (Host=1, Client=2). My Side: 1
[Turn 1] Offline Mode: Starting Game immediately.
[Turn 1] Offline Mode: Starting Game immediately.
[Turn 1] Game Setup Received: Seed 1981136197
[Turn 1] Game Setup Received: Seed 1981136197
[Turn 1] Error: Scenario  not found!
[Turn 1] Error: Scenario  not found!
[Turn 1] [color=cyan]=== DEPLOYMENT Phase ===[/color]
[Turn 1] [color=cyan]=== DEPLOYMENT Phase ===[/color]
[DEBUG] _update_deployment_ui called - Subphase: 2, my_side_id: 1
DEBUG: Rejected Victim Side:2 CurSide:1 Moved:false
DEBUG: start_movement_phase. Side: 1 Available: 1
DEBUG: First available: Attacker ID: 1 Moved: false
DEBUG: Skip Auto-Orbit Check: Attacker (Class: Scout, Orbit: 0)
[DEBUG] Standard move start for Attacker
DEBUG _can_withdraw: rejected bad scen_key: 
[Turn 1] Ship destroyed: Victim
[Turn 1] Ship destroyed: Victim
[Turn 1] Winner: Sathar!
[Turn 1] Winner: Sathar!
DEBUG: _handle_movement_click called with hex: (0, 0, 0)
[Turn 1] Requesting Full Stop (Speed 0)...
[Turn 1] Requesting Full Stop (Speed 0)...
DEBUG: _on_commit_move for Attacker
DEBUG: Path size: 0
DEBUG: Calling register_movement_plan locally
[Turn 1] Orders Received for Attacker
[Turn 1] Orders Received for Attacker
[1m1/1 passed.
[0m[4m

test/integration/test_hull_integrity.gd
[0m* test_hull_integrity_risk_calculation
[DEBUG] _build_repair_panel called
[Turn 1] [DEBUG] Initializing repair_panel
[Turn 1] [DEBUG] Initializing repair_panel
[DEBUG] GameManager: Peer 1 NOT in Lobby Teams. Defaulting to 0 (Spectator). Teams: {  }
[Turn 1] Network: Default Assignment (Host=1, Client=2). My Side: 1
[Turn 1] Network: Default Assignment (Host=1, Client=2). My Side: 1
[Turn 1] Offline Mode: Starting Game immediately.
[Turn 1] Offline Mode: Starting Game immediately.
[Turn 1] Game Setup Received: Seed 3644437016
[Turn 1] Game Setup Received: Seed 3644437016
[Turn 1] Error: Scenario  not found!
[Turn 1] Error: Scenario  not found!
[Turn 1] [color=cyan]=== DEPLOYMENT Phase ===[/color]
[Turn 1] [color=cyan]=== DEPLOYMENT Phase ===[/color]
[Turn 1] [color=yellow]AI Spawning for Side 2 (Sathar: false)[/color]
[Turn 1] [color=yellow]AI Spawning for Side 2 (Sathar: false)[/color]
[DEBUG] _update_deployment_ui called - Subphase: 2, my_side_id: 1
[Turn 1] Game Setup Received: Seed 12345
[Turn 1] Game Setup Received: Seed 12345
[Turn 1] Loading Scenario: Simple Test
[Turn 1] Loading Scenario: Simple Test
[Turn 1] [color=cyan]=== DEPLOYMENT Phase ===[/color]
[Turn 1] [color=cyan]=== DEPLOYMENT Phase ===[/color]
[Turn 1] [color=yellow]AI Spawning for Side 1 (Sathar: false)[/color]
[Turn 1] [color=yellow]AI Spawning for Side 1 (Sathar: false)[/color]
[DEBUG] _update_deployment_ui called - Subphase: 2, my_side_id: 0
* test_mr_used_for_plan_calculation
[DEBUG] _build_repair_panel called
[Turn 1] [DEBUG] Initializing repair_panel
[Turn 1] [DEBUG] Initializing repair_panel
[DEBUG] GameManager: Peer 1 NOT in Lobby Teams. Defaulting to 0 (Spectator). Teams: {  }
[DEBUG] GameManager: Applying Game Setup Override. My Side ID: 1
[Turn 1] Network: Host playing as Side 1
[Turn 1] Network: Host playing as Side 1
[Turn 1] Offline Mode: Starting Game immediately.
[Turn 1] Offline Mode: Starting Game immediately.
[Turn 1] Game Setup Received: Seed 3893953868
[Turn 1] Game Setup Received: Seed 3893953868
[Turn 1] Loading Scenario: Simple Test
[Turn 1] Loading Scenario: Simple Test
[Turn 1] [color=cyan]=== DEPLOYMENT Phase ===[/color]
[Turn 1] [color=cyan]=== DEPLOYMENT Phase ===[/color]
[Turn 1] [color=yellow]AI Spawning for Side 2 (Sathar: false)[/color]
[Turn 1] [color=yellow]AI Spawning for Side 2 (Sathar: false)[/color]
[DEBUG] _update_deployment_ui called - Subphase: 2, my_side_id: 1
[Turn 1] Game Setup Received: Seed 12345
[Turn 1] Game Setup Received: Seed 12345
[Turn 1] Loading Scenario: Simple Test
[Turn 1] Loading Scenario: Simple Test
[Turn 1] [color=cyan]=== DEPLOYMENT Phase ===[/color]
[Turn 1] [color=cyan]=== DEPLOYMENT Phase ===[/color]
[Turn 1] [color=yellow]AI Spawning for Side 1 (Sathar: false)[/color]
[Turn 1] [color=yellow]AI Spawning for Side 1 (Sathar: false)[/color]
[DEBUG] _update_deployment_ui called - Subphase: 2, my_side_id: 0
* test_hull_integrity_execution_destruction
[DEBUG] _build_repair_panel called
[Turn 1] [DEBUG] Initializing repair_panel
[Turn 1] [DEBUG] Initializing repair_panel
[DEBUG] GameManager: Peer 1 NOT in Lobby Teams. Defaulting to 0 (Spectator). Teams: {  }
[DEBUG] GameManager: Applying Game Setup Override. My Side ID: 1
[Turn 1] Network: Host playing as Side 1
[Turn 1] Network: Host playing as Side 1
[Turn 1] Offline Mode: Starting Game immediately.
[Turn 1] Offline Mode: Starting Game immediately.
[Turn 1] Game Setup Received: Seed 2051537476
[Turn 1] Game Setup Received: Seed 2051537476
[Turn 1] Loading Scenario: Simple Test
[Turn 1] Loading Scenario: Simple Test
[Turn 1] [color=cyan]=== DEPLOYMENT Phase ===[/color]
[Turn 1] [color=cyan]=== DEPLOYMENT Phase ===[/color]
[Turn 1] [color=yellow]AI Spawning for Side 2 (Sathar: false)[/color]
[Turn 1] [color=yellow]AI Spawning for Side 2 (Sathar: false)[/color]
[DEBUG] _update_deployment_ui called - Subphase: 2, my_side_id: 1
[Turn 1] Game Setup Received: Seed 12345
[Turn 1] Game Setup Received: Seed 12345
[Turn 1] Loading Scenario: Simple Test
[Turn 1] Loading Scenario: Simple Test
[Turn 1] [color=cyan]=== DEPLOYMENT Phase ===[/color]
[Turn 1] [color=cyan]=== DEPLOYMENT Phase ===[/color]
[Turn 1] [color=yellow]AI Spawning for Side 1 (Sathar: false)[/color]
[Turn 1] [color=yellow]AI Spawning for Side 1 (Sathar: false)[/color]
[DEBUG] _update_deployment_ui called - Subphase: 2, my_side_id: 0
[Turn 1] Orders Received for Test Ship 1
[Turn 1] Orders Received for Test Ship 1
[Turn 1] [color=yellow]Hull Integrity Check for Test Ship 1: Roll 21 vs 147% Risk[/color]
[Turn 1] [color=yellow]Hull Integrity Check for Test Ship 1: Roll 21 vs 147% Risk[/color]
[Turn 1] [color=red]CRITICAL: Test Ship 1 broke apart due to structural failure during maneuvering![/color]
[Turn 1] [color=red]CRITICAL: Test Ship 1 broke apart due to structural failure during maneuvering![/color]
[1m3/3 passed.
[0m[4m

test/integration/test_initiative_order.gd
[0m* test_initiative_order_p2_first
[DEBUG] _build_repair_panel called
[Turn 1] [DEBUG] Initializing repair_panel
[Turn 1] [DEBUG] Initializing repair_panel
[DEBUG] GameManager: Peer 1 NOT in Lobby Teams. Defaulting to 0 (Spectator). Teams: {  }
[Turn 1] Network: Default Assignment (Host=1, Client=2). My Side: 1
[Turn 1] Network: Default Assignment (Host=1, Client=2). My Side: 1
[Turn 1] Offline Mode: Starting Game immediately.
[Turn 1] Offline Mode: Starting Game immediately.
[Turn 1] Game Setup Received: Seed 2800189465
[Turn 1] Game Setup Received: Seed 2800189465
[Turn 1] Error: Scenario none not found!
[Turn 1] Error: Scenario none not found!
[Turn 1] [color=cyan]=== DEPLOYMENT Phase ===[/color]
[Turn 1] [color=cyan]=== DEPLOYMENT Phase ===[/color]
[Turn 1] [color=yellow]AI Spawning for Side 2 (Sathar: false)[/color]
[Turn 1] [color=yellow]AI Spawning for Side 2 (Sathar: false)[/color]
[DEBUG] _update_deployment_ui called - Subphase: 2, my_side_id: 1
DEBUG: Rejected SatharShip Side:1 CurSide:2 Moved:false
DEBUG: start_movement_phase. Side: 2 Available: 1
DEBUG: First available: UPFShip ID: 2 Moved: false
DEBUG: Skip Auto-Orbit Check: UPFShip (Class: Scout, Orbit: 0)
[DEBUG] Standard move start for UPFShip
DEBUG _can_withdraw: rejected bad scen_key: none
DEBUG: Rejected SatharShip Side:1 CurSide:2 Moved:false
DEBUG: Rejected UPFShip Side:2 CurSide:2 Moved:true
DEBUG: start_movement_phase. Side: 2 Available: 0
>>> DIAGNOSTIC: execute_all_movement running for side: 2 on peer: Offline
[Turn 1] Executing Movement Phase for Side UPF
[Turn 1] Executing Movement Phase for Side UPF
[Turn 1] [color=yellow]EXECUTE LOOP: Checking Ship UPFShip (Class: Scout, Mines: 0)[/color]
[Turn 1] [color=yellow]EXECUTE LOOP: Checking Ship UPFShip (Class: Scout, Mines: 0)[/color]
>>> DIAGNOSTIC: Entering Mine Detonations. Active Mines: 0 on peer: Offline
[Turn 1] [color=cyan]!!! DEBUG !!! Entering Mine Detonations. Active Mines: 0[/color]
[Turn 1] [color=cyan]!!! DEBUG !!! Entering Mine Detonations. Active Mines: 0[/color]
[Turn 1] [color=cyan]!!! DEBUG !!! Entering Seeker Movement. Active Seekers: 0[/color]
[Turn 1] [color=cyan]!!! DEBUG !!! Entering Seeker Movement. Active Seekers: 0[/color]
[Turn 1] Movement Phase Complete for Side 2. Starting Combat.
[Turn 1] Movement Phase Complete for Side 2. Starting Combat.
[DEBUG] start_combat_passive: Side 1 firing (Opponent of Moving Side 2)
[Turn 1] Combat Planning: Side 1
[Turn 1] Combat Planning: Side 1
[DEBUG] TARGET CHECK P1. Ships: 1
[DEBUG] NO TARGETS FOUND for P1
[Turn 1] No valid targets for Side 1. Skipping...
[Turn 1] No valid targets for Side 1. Skipping...
[Turn 1] Turn Segment Complete.
[Turn 1] Turn Segment Complete.
[DEBUG] start_combat_active: Side 2 firing (Active Side)
[Turn 1] Combat Planning: Side 2
[Turn 1] Combat Planning: Side 2
[DEBUG] TARGET CHECK P2. Ships: 1
[DEBUG] NO TARGETS FOUND for P2
[Turn 1] No valid targets for Side 2. Skipping...
[Turn 1] No valid targets for Side 2. Skipping...
[Turn 1] Turn Segment Complete.
[Turn 1] Turn Segment Complete.
[Turn 1] === Turn Start: Side UPF ===
[Turn 1] === Turn Start: Side UPF ===
DEBUG: Rejected UPFShip Side:2 CurSide:1 Moved:false
DEBUG: start_movement_phase. Side: 1 Available: 1
DEBUG: First available: SatharShip ID: 1 Moved: false
DEBUG: Skip Auto-Orbit Check: SatharShip (Class: Scout, Orbit: 0)
[DEBUG] Standard move start for SatharShip
DEBUG _can_withdraw: rejected bad scen_key: none
[33m    6 Orphans[0m
[33m        * [@HSeparator@23867:<HSeparator#5650750901398>]
        * [@Button@23871:<Button#5650918673559>]
        * [@Button@23869:<Button#5650834787821>]
        * [@HSeparator@23870:<HSeparator#5650885119523>]
        * [@Button@23866:<Button#5650700570177>]
        * [@Button@23868:<Button#5650784456260>][0m
[33m6 orphans[0m
[1m1/1 passed.
[0m[4m

test/integration/test_load_ship.gd
[0m* test_load_ship
SUCCESSFULLY LOADED SHIP.GD
[1m1/1 passed.
[0m[4m

test/integration/test_min_speed_skip.gd
[0m* test_skip_turn_with_min_speed
[DEBUG] _build_repair_panel called
[Turn 1] [DEBUG] Initializing repair_panel
[Turn 1] [DEBUG] Initializing repair_panel
[DEBUG] GameManager: Peer 1 NOT in Lobby Teams. Defaulting to 0 (Spectator). Teams: {  }
[Turn 1] Network: Default Assignment (Host=1, Client=2). My Side: 1
[Turn 1] Network: Default Assignment (Host=1, Client=2). My Side: 1
[Turn 1] Offline Mode: Starting Game immediately.
[Turn 1] Offline Mode: Starting Game immediately.
[Turn 1] Game Setup Received: Seed 3421777352
[Turn 1] Game Setup Received: Seed 3421777352
[Turn 1] Error: Scenario none not found!
[Turn 1] Error: Scenario none not found!
[Turn 1] [color=cyan]=== DEPLOYMENT Phase ===[/color]
[Turn 1] [color=cyan]=== DEPLOYMENT Phase ===[/color]
[Turn 1] [color=yellow]AI Spawning for Side 2 (Sathar: false)[/color]
[Turn 1] [color=yellow]AI Spawning for Side 2 (Sathar: false)[/color]
[DEBUG] _update_deployment_ui called - Subphase: 2, my_side_id: 1
>>> DIAGNOSTIC: execute_all_movement running for side: 1 on peer: Offline
[Turn 1] Executing Movement Phase for Side UPF
[Turn 1] Executing Movement Phase for Side UPF
[Turn 1] [color=yellow]EXECUTE LOOP: Checking Ship FastShip (Class: Assault Scout, Mines: 0)[/color]
[Turn 1] [color=yellow]EXECUTE LOOP: Checking Ship FastShip (Class: Assault Scout, Mines: 0)[/color]
>>> DIAGNOSTIC: Entering Mine Detonations. Active Mines: 0 on peer: Offline
[Turn 1] [color=cyan]!!! DEBUG !!! Entering Mine Detonations. Active Mines: 0[/color]
[Turn 1] [color=cyan]!!! DEBUG !!! Entering Mine Detonations. Active Mines: 0[/color]
[Turn 1] [color=cyan]!!! DEBUG !!! Entering Seeker Movement. Active Seekers: 0[/color]
[Turn 1] [color=cyan]!!! DEBUG !!! Entering Seeker Movement. Active Seekers: 0[/color]
[Turn 1] Movement Phase Complete for Side 1. Starting Combat.
[Turn 1] Movement Phase Complete for Side 1. Starting Combat.
[DEBUG] start_combat_passive: Side 2 firing (Opponent of Moving Side 1)
[Turn 1] Combat Planning: Side 2
[Turn 1] Combat Planning: Side 2
[DEBUG] TARGET CHECK P2. Ships: 0
[DEBUG] NO TARGETS FOUND for P2
[Turn 1] No valid targets for Side 2. Skipping...
[Turn 1] No valid targets for Side 2. Skipping...
[1m1/1 passed.
[0m[4m

test/integration/test_mines_and_minelayer.gd
[0m* test_minelayer_places_mine_and_detonates
[DEBUG] _build_repair_panel called
[Turn 1] [DEBUG] Initializing repair_panel
[Turn 1] [DEBUG] Initializing repair_panel
[DEBUG] GameManager: Peer 1 NOT in Lobby Teams. Defaulting to 0 (Spectator). Teams: {  }
[Turn 1] Network: Default Assignment (Host=1, Client=2). My Side: 1
[Turn 1] Network: Default Assignment (Host=1, Client=2). My Side: 1
[Turn 1] Offline Mode: Starting Game immediately.
[Turn 1] Offline Mode: Starting Game immediately.
[Turn 1] Game Setup Received: Seed 2761632494
[Turn 1] Game Setup Received: Seed 2761632494
[Turn 1] Error: Scenario none not found!
[Turn 1] Error: Scenario none not found!
[Turn 1] [color=cyan]=== DEPLOYMENT Phase ===[/color]
[Turn 1] [color=cyan]=== DEPLOYMENT Phase ===[/color]
[Turn 1] [color=yellow]AI Spawning for Side 2 (Sathar: false)[/color]
[Turn 1] [color=yellow]AI Spawning for Side 2 (Sathar: false)[/color]
[DEBUG] _update_deployment_ui called - Subphase: 2, my_side_id: 1
[DEBUG] _build_repair_panel called
[Turn 1] [DEBUG] Initializing repair_panel
[Turn 1] [DEBUG] Initializing repair_panel
[Turn 1] Mine placement mode ON. Click valid path hexes to drop.
[Turn 1] Mine placement mode ON. Click valid path hexes to drop.
DEBUG: _handle_movement_click called with hex: (5, -5, 0)
[Turn 1] Planned mine drop at (5.000000, -5.000000, 0.000000).
[Turn 1] Planned mine drop at (5.000000, -5.000000, 0.000000).
[Turn 1] Movement Phase: Side 1
[Turn 1] Movement Phase: Side 1
DEBUG: _on_commit_move for UPF_Minelayer_Test
DEBUG: Path size: 1
DEBUG: Calling register_movement_plan locally
[Turn 1] Orders Received for UPF_Minelayer_Test
[Turn 1] Orders Received for UPF_Minelayer_Test
>>> DIAGNOSTIC: execute_all_movement running for side: 1 on peer: Offline
[Turn 1] Executing Movement Phase for Side UPF
[Turn 1] Executing Movement Phase for Side UPF
[Turn 1] [color=yellow]EXECUTE LOOP: Checking Ship UPF_Minelayer_Test (Class: Minelayer, Mines: 1)[/color]
[Turn 1] [color=yellow]EXECUTE LOOP: Checking Ship UPF_Minelayer_Test (Class: Minelayer, Mines: 1)[/color]
[Turn 1] UPF_Minelayer_Test laid a spatial mine at (5.000000, -5.000000, 0.000000).
[Turn 1] UPF_Minelayer_Test laid a spatial mine at (5.000000, -5.000000, 0.000000).
>>> DIAGNOSTIC: Entering Mine Detonations. Active Mines: 1 on peer: Offline
[Turn 1] [color=cyan]!!! DEBUG !!! Entering Mine Detonations. Active Mines: 1[/color]
[Turn 1] [color=cyan]!!! DEBUG !!! Entering Mine Detonations. Active Mines: 1[/color]
[Turn 1] [color=cyan]  Mine at (5.000000, -5.000000, 0.000000) (Side 1)[/color]
[Turn 1] [color=cyan]  Mine at (5.000000, -5.000000, 0.000000) (Side 1)[/color]
[Turn 1] [color=cyan]  Checking ship Sathar_Frigate_Test (Side 2) at (7.000000, -5.000000, -2.000000) with path [][/color]
[Turn 1] [color=cyan]  Checking ship Sathar_Frigate_Test (Side 2) at (7.000000, -5.000000, -2.000000) with path [][/color]
[Turn 1] Mines check complete. Hit ships size: 0
[Turn 1] Mines check complete. Hit ships size: 0
[Turn 1] [color=cyan]!!! DEBUG !!! Entering Seeker Movement. Active Seekers: 0[/color]
[Turn 1] [color=cyan]!!! DEBUG !!! Entering Seeker Movement. Active Seekers: 0[/color]
[Turn 1] Movement Phase Complete for Side 1. Starting Combat.
[Turn 1] Movement Phase Complete for Side 1. Starting Combat.
[DEBUG] start_combat_passive: Side 2 firing (Opponent of Moving Side 1)
[Turn 1] Combat Planning: Side 2
[Turn 1] Combat Planning: Side 2
[DEBUG] TARGET CHECK P2. Ships: 1
[DEBUG] VALID: Sathar_Frigate_Test found target with Laser Battery
DEBUG: _on_commit_move for Sathar_Frigate_Test
DEBUG: Path size: 2
DEBUG: Calling register_movement_plan locally
[Turn 1] Orders Received for Sathar_Frigate_Test
[Turn 1] Orders Received for Sathar_Frigate_Test
>>> DIAGNOSTIC: execute_all_movement running for side: 2 on peer: Offline
[Turn 1] Executing Movement Phase for Side UPF
[Turn 1] Executing Movement Phase for Side UPF
[Turn 1] [color=yellow]EXECUTE LOOP: Checking Ship Sathar_Frigate_Test (Class: Frigate, Mines: 0)[/color]
[Turn 1] [color=yellow]EXECUTE LOOP: Checking Ship Sathar_Frigate_Test (Class: Frigate, Mines: 0)[/color]
>>> DIAGNOSTIC: Entering Mine Detonations. Active Mines: 1 on peer: Offline
[Turn 1] [color=cyan]!!! DEBUG !!! Entering Mine Detonations. Active Mines: 1[/color]
[Turn 1] [color=cyan]!!! DEBUG !!! Entering Mine Detonations. Active Mines: 1[/color]
[Turn 1] [color=cyan]  Mine at (5.000000, -5.000000, 0.000000) (Side 1)[/color]
[Turn 1] [color=cyan]  Mine at (5.000000, -5.000000, 0.000000) (Side 1)[/color]
[Turn 1] [color=cyan]  Checking ship Sathar_Frigate_Test (Side 2) at (5.000000, -5.000000, 0.000000) with path [(7, -5, -2), (6, -5, -1), (5, -5, 0)][/color]
[Turn 1] [color=cyan]  Checking ship Sathar_Frigate_Test (Side 2) at (5.000000, -5.000000, 0.000000) with path [(7, -5, -2), (6, -5, -1), (5, -5, 0)][/color]
[Turn 1] Target Sathar_Frigate_Test HIT by mine!
[Turn 1] Target Sathar_Frigate_Test HIT by mine!
[Turn 1] Mines check complete. Hit ships size: 1
[Turn 1] Mines check complete. Hit ships size: 1
[Turn 1] MINE DETONATED at (5.000000, -5.000000, 0.000000)!
[Turn 1] MINE DETONATED at (5.000000, -5.000000, 0.000000)!
Combat Roll: Distance 0, Chance 60%, Rolled 52
[Turn 1] Firing Ship: Spatial Mine, Weapon: Proximity Detonation, Odds: 60%, Roll: 52, Result: HIT
[Turn 1] Firing Ship: Spatial Mine, Weapon: Proximity Detonation, Odds: 60%, Roll: 52, Result: HIT
Damage Roll: 3d10+5 -> 20
[Turn 1] FG Sathar_Frigate_Test took 20 damage from spatial mine at location 5, -5!
[Turn 1] FG Sathar_Frigate_Test took 20 damage from spatial mine at location 5, -5!
[Turn 1] [color=cyan]!!! DEBUG !!! Entering Seeker Movement. Active Seekers: 0[/color]
[Turn 1] [color=cyan]!!! DEBUG !!! Entering Seeker Movement. Active Seekers: 0[/color]
[Turn 1] Movement Phase Complete for Side 2. Starting Combat.
[Turn 1] Movement Phase Complete for Side 2. Starting Combat.
[DEBUG] start_combat_passive: Side 1 firing (Opponent of Moving Side 2)
[Turn 1] Combat Planning: Side 1
[Turn 1] Combat Planning: Side 1
[DEBUG] TARGET CHECK P1. Ships: 1
[DEBUG] VALID: UPF_Minelayer_Test found target with Laser Battery A
DEBUG Target grid pos: (5, -5, 0) expected: (5, -5, 0)
DEBUG Active mines: []
[1m1/1 passed.
[0m[4m

test/integration/test_minimap_input.gd
[0m* test_minimap_click_updates_camera
[DEBUG] _build_repair_panel called
[Turn 1] [DEBUG] Initializing repair_panel
[Turn 1] [DEBUG] Initializing repair_panel
[DEBUG] GameManager: Peer 1 NOT in Lobby Teams. Defaulting to 0 (Spectator). Teams: {  }
[Turn 1] Network: Default Assignment (Host=1, Client=2). My Side: 1
[Turn 1] Network: Default Assignment (Host=1, Client=2). My Side: 1
[Turn 1] Offline Mode: Starting Game immediately.
[Turn 1] Offline Mode: Starting Game immediately.
[Turn 1] Game Setup Received: Seed 4202589042
[Turn 1] Game Setup Received: Seed 4202589042
[Turn 1] Error: Scenario none not found!
[Turn 1] Error: Scenario none not found!
[Turn 1] [color=cyan]=== DEPLOYMENT Phase ===[/color]
[Turn 1] [color=cyan]=== DEPLOYMENT Phase ===[/color]
[Turn 1] [color=yellow]AI Spawning for Side 2 (Sathar: false)[/color]
[Turn 1] [color=yellow]AI Spawning for Side 2 (Sathar: false)[/color]
[DEBUG] _update_deployment_ui called - Subphase: 2, my_side_id: 1
[DEBUG] _build_repair_panel called
[Turn 1] [DEBUG] Initializing repair_panel
[Turn 1] [DEBUG] Initializing repair_panel
[DEBUG] GameManager: Peer 1 NOT in Lobby Teams. Defaulting to 0 (Spectator). Teams: {  }
[Turn 1] Network: Default Assignment (Host=1, Client=2). My Side: 1
[Turn 1] Network: Default Assignment (Host=1, Client=2). My Side: 1
[Turn 1] Offline Mode: Starting Game immediately.
[Turn 1] Offline Mode: Starting Game immediately.
[Turn 1] Game Setup Received: Seed 3626658277
[Turn 1] Game Setup Received: Seed 3626658277
[Turn 1] Error: Scenario none not found!
[Turn 1] Error: Scenario none not found!
[Turn 1] [color=cyan]=== DEPLOYMENT Phase ===[/color]
[Turn 1] [color=cyan]=== DEPLOYMENT Phase ===[/color]
[DEBUG] _update_deployment_ui called - Subphase: 2, my_side_id: 1
[33m    [WARNING]:  [0mWarn:  Float/Int comparison.  Got FLOAT but expected INT
[33m    [WARNING]:  [0mWarn:  Float/Int comparison.  Got FLOAT but expected INT
* test_minimap_ignores_other_input
[DEBUG] _build_repair_panel called
[Turn 1] [DEBUG] Initializing repair_panel
[Turn 1] [DEBUG] Initializing repair_panel
[DEBUG] GameManager: Peer 1 NOT in Lobby Teams. Defaulting to 0 (Spectator). Teams: {  }
[Turn 1] Network: Default Assignment (Host=1, Client=2). My Side: 1
[Turn 1] Network: Default Assignment (Host=1, Client=2). My Side: 1
[Turn 1] Offline Mode: Starting Game immediately.
[Turn 1] Offline Mode: Starting Game immediately.
[Turn 1] Game Setup Received: Seed 1720114225
[Turn 1] Game Setup Received: Seed 1720114225
[Turn 1] Error: Scenario none not found!
[Turn 1] Error: Scenario none not found!
[Turn 1] [color=cyan]=== DEPLOYMENT Phase ===[/color]
[Turn 1] [color=cyan]=== DEPLOYMENT Phase ===[/color]
[Turn 1] [color=yellow]AI Spawning for Side 2 (Sathar: false)[/color]
[Turn 1] [color=yellow]AI Spawning for Side 2 (Sathar: false)[/color]
[DEBUG] _update_deployment_ui called - Subphase: 2, my_side_id: 1
[DEBUG] _build_repair_panel called
[Turn 1] [DEBUG] Initializing repair_panel
[Turn 1] [DEBUG] Initializing repair_panel
[DEBUG] GameManager: Peer 1 NOT in Lobby Teams. Defaulting to 0 (Spectator). Teams: {  }
[Turn 1] Network: Default Assignment (Host=1, Client=2). My Side: 1
[Turn 1] Network: Default Assignment (Host=1, Client=2). My Side: 1
[Turn 1] Offline Mode: Starting Game immediately.
[Turn 1] Offline Mode: Starting Game immediately.
[Turn 1] Game Setup Received: Seed 282799089
[Turn 1] Game Setup Received: Seed 282799089
[Turn 1] Error: Scenario none not found!
[Turn 1] Error: Scenario none not found!
[Turn 1] [color=cyan]=== DEPLOYMENT Phase ===[/color]
[Turn 1] [color=cyan]=== DEPLOYMENT Phase ===[/color]
[DEBUG] _update_deployment_ui called - Subphase: 2, my_side_id: 1
[1m2/2 passed.
[0m[4m

test/integration/test_movement_plotting.gd
[0m* test_movement_click_handles_ghost_input
[DEBUG] _build_repair_panel called
[Turn 1] [DEBUG] Initializing repair_panel
[Turn 1] [DEBUG] Initializing repair_panel
[DEBUG] GameManager: Peer 1 NOT in Lobby Teams. Defaulting to 0 (Spectator). Teams: {  }
[Turn 1] Network: Default Assignment (Host=1, Client=2). My Side: 1
[Turn 1] Network: Default Assignment (Host=1, Client=2). My Side: 1
[Turn 1] Offline Mode: Starting Game immediately.
[Turn 1] Offline Mode: Starting Game immediately.
[Turn 1] Game Setup Received: Seed 3428357053
[Turn 1] Game Setup Received: Seed 3428357053
[Turn 1] Error: Scenario none not found!
[Turn 1] Error: Scenario none not found!
[Turn 1] [color=cyan]=== DEPLOYMENT Phase ===[/color]
[Turn 1] [color=cyan]=== DEPLOYMENT Phase ===[/color]
[Turn 1] [color=yellow]AI Spawning for Side 2 (Sathar: false)[/color]
[Turn 1] [color=yellow]AI Spawning for Side 2 (Sathar: false)[/color]
[DEBUG] _update_deployment_ui called - Subphase: 2, my_side_id: 1
[DEBUG] _build_repair_panel called
[Turn 1] [DEBUG] Initializing repair_panel
[Turn 1] [DEBUG] Initializing repair_panel
[DEBUG] GameManager: Peer 1 NOT in Lobby Teams. Defaulting to 0 (Spectator). Teams: {  }
[Turn 1] Network: Default Assignment (Host=1, Client=2). My Side: 1
[Turn 1] Network: Default Assignment (Host=1, Client=2). My Side: 1
[Turn 1] Offline Mode: Starting Game immediately.
[Turn 1] Offline Mode: Starting Game immediately.
[Turn 1] Game Setup Received: Seed 2673091512
[Turn 1] Game Setup Received: Seed 2673091512
[Turn 1] Error: Scenario none not found!
[Turn 1] Error: Scenario none not found!
[Turn 1] [color=cyan]=== DEPLOYMENT Phase ===[/color]
[Turn 1] [color=cyan]=== DEPLOYMENT Phase ===[/color]
[DEBUG] _update_deployment_ui called - Subphase: 2, my_side_id: 1
DEBUG: start_movement_phase. Side: 1 Available: 1
DEBUG: First available: TestShip ID: 1 Moved: false
DEBUG: Skip Auto-Orbit Check: TestShip (Class: Scout, Orbit: 0)
[DEBUG] Standard move start for TestShip
DEBUG _can_withdraw: rejected bad scen_key: none
DEBUG: test_movement target_hex: (1, 0, -1)
DEBUG: Selected Ship: TestShip:<Node2D#6035016256158>
DEBUG: Ghost Ship: GhostShip_TestShip:<Node2D#6035100142972>
DEBUG: _handle_movement_click called with hex: (1, 0, -1)
DEBUG: ghost input dist: 1 | start: (0, 0, 0) | target: (1, 0, -1) | facing: 0
DEBUG _can_withdraw: rejected bad scen_key: none
[Turn 1] Movement Phase: Side 1
[Turn 1] Movement Phase: Side 1
* test_previous_path_saved_on_commit
[DEBUG] _build_repair_panel called
[Turn 1] [DEBUG] Initializing repair_panel
[Turn 1] [DEBUG] Initializing repair_panel
[DEBUG] GameManager: Peer 1 NOT in Lobby Teams. Defaulting to 0 (Spectator). Teams: {  }
[Turn 1] Network: Default Assignment (Host=1, Client=2). My Side: 1
[Turn 1] Network: Default Assignment (Host=1, Client=2). My Side: 1
[Turn 1] Offline Mode: Starting Game immediately.
[Turn 1] Offline Mode: Starting Game immediately.
[Turn 1] Game Setup Received: Seed 1669678150
[Turn 1] Game Setup Received: Seed 1669678150
[Turn 1] Error: Scenario none not found!
[Turn 1] Error: Scenario none not found!
[Turn 1] [color=cyan]=== DEPLOYMENT Phase ===[/color]
[Turn 1] [color=cyan]=== DEPLOYMENT Phase ===[/color]
[Turn 1] [color=yellow]AI Spawning for Side 2 (Sathar: false)[/color]
[Turn 1] [color=yellow]AI Spawning for Side 2 (Sathar: false)[/color]
[DEBUG] _update_deployment_ui called - Subphase: 2, my_side_id: 1
[DEBUG] _build_repair_panel called
[Turn 1] [DEBUG] Initializing repair_panel
[Turn 1] [DEBUG] Initializing repair_panel
[DEBUG] GameManager: Peer 1 NOT in Lobby Teams. Defaulting to 0 (Spectator). Teams: {  }
[Turn 1] Network: Default Assignment (Host=1, Client=2). My Side: 1
[Turn 1] Network: Default Assignment (Host=1, Client=2). My Side: 1
[Turn 1] Offline Mode: Starting Game immediately.
[Turn 1] Offline Mode: Starting Game immediately.
[Turn 1] Game Setup Received: Seed 2900302785
[Turn 1] Game Setup Received: Seed 2900302785
[Turn 1] Error: Scenario none not found!
[Turn 1] Error: Scenario none not found!
[Turn 1] [color=cyan]=== DEPLOYMENT Phase ===[/color]
[Turn 1] [color=cyan]=== DEPLOYMENT Phase ===[/color]
[DEBUG] _update_deployment_ui called - Subphase: 2, my_side_id: 1
DEBUG: start_movement_phase. Side: 1 Available: 1
DEBUG: First available: TestShip ID: 1 Moved: false
DEBUG: Skip Auto-Orbit Check: TestShip (Class: Scout, Orbit: 0)
[DEBUG] Standard move start for TestShip
DEBUG _can_withdraw: rejected bad scen_key: none
DEBUG: _handle_movement_click called with hex: (1, 0, -1)
DEBUG: ghost input dist: 1 | start: (0, 0, 0) | target: (1, 0, -1) | facing: 0
DEBUG _can_withdraw: rejected bad scen_key: none
[Turn 1] Movement Phase: Side 1
[Turn 1] Movement Phase: Side 1
[Turn 1] Orders Received for TestShip
[Turn 1] Orders Received for TestShip
>>> DIAGNOSTIC: execute_all_movement running for side: 1 on peer: Offline
[Turn 1] Executing Movement Phase for Side UPF
[Turn 1] Executing Movement Phase for Side UPF
[Turn 1] [color=yellow]EXECUTE LOOP: Checking Ship TestShip (Class: Scout, Mines: 0)[/color]
[Turn 1] [color=yellow]EXECUTE LOOP: Checking Ship TestShip (Class: Scout, Mines: 0)[/color]
>>> DIAGNOSTIC: Entering Mine Detonations. Active Mines: 0 on peer: Offline
[Turn 1] [color=cyan]!!! DEBUG !!! Entering Mine Detonations. Active Mines: 0[/color]
[Turn 1] [color=cyan]!!! DEBUG !!! Entering Mine Detonations. Active Mines: 0[/color]
[Turn 1] [color=cyan]!!! DEBUG !!! Entering Seeker Movement. Active Seekers: 0[/color]
[Turn 1] [color=cyan]!!! DEBUG !!! Entering Seeker Movement. Active Seekers: 0[/color]
[Turn 1] Movement Phase Complete for Side 1. Starting Combat.
[Turn 1] Movement Phase Complete for Side 1. Starting Combat.
[DEBUG] start_combat_passive: Side 2 firing (Opponent of Moving Side 1)
[Turn 1] Combat Planning: Side 2
[Turn 1] Combat Planning: Side 2
[DEBUG] TARGET CHECK P2. Ships: 0
[DEBUG] NO TARGETS FOUND for P2
[Turn 1] No valid targets for Side 2. Skipping...
[Turn 1] No valid targets for Side 2. Skipping...
* test_select_ship_click
[DEBUG] _build_repair_panel called
[Turn 1] [DEBUG] Initializing repair_panel
[Turn 1] [DEBUG] Initializing repair_panel
[DEBUG] GameManager: Peer 1 NOT in Lobby Teams. Defaulting to 0 (Spectator). Teams: {  }
[Turn 1] Network: Default Assignment (Host=1, Client=2). My Side: 1
[Turn 1] Network: Default Assignment (Host=1, Client=2). My Side: 1
[Turn 1] Offline Mode: Starting Game immediately.
[Turn 1] Offline Mode: Starting Game immediately.
[Turn 1] Game Setup Received: Seed 2295156074
[Turn 1] Game Setup Received: Seed 2295156074
[Turn 1] Error: Scenario none not found!
[Turn 1] Error: Scenario none not found!
[Turn 1] [color=cyan]=== DEPLOYMENT Phase ===[/color]
[Turn 1] [color=cyan]=== DEPLOYMENT Phase ===[/color]
[Turn 1] [color=yellow]AI Spawning for Side 2 (Sathar: false)[/color]
[Turn 1] [color=yellow]AI Spawning for Side 2 (Sathar: false)[/color]
[DEBUG] _update_deployment_ui called - Subphase: 2, my_side_id: 1
[DEBUG] _build_repair_panel called
[Turn 1] [DEBUG] Initializing repair_panel
[Turn 1] [DEBUG] Initializing repair_panel
[DEBUG] GameManager: Peer 1 NOT in Lobby Teams. Defaulting to 0 (Spectator). Teams: {  }
[Turn 1] Network: Default Assignment (Host=1, Client=2). My Side: 1
[Turn 1] Network: Default Assignment (Host=1, Client=2). My Side: 1
[Turn 1] Offline Mode: Starting Game immediately.
[Turn 1] Offline Mode: Starting Game immediately.
[Turn 1] Game Setup Received: Seed 3488110069
[Turn 1] Game Setup Received: Seed 3488110069
[Turn 1] Error: Scenario none not found!
[Turn 1] Error: Scenario none not found!
[Turn 1] [color=cyan]=== DEPLOYMENT Phase ===[/color]
[Turn 1] [color=cyan]=== DEPLOYMENT Phase ===[/color]
[DEBUG] _update_deployment_ui called - Subphase: 2, my_side_id: 1
DEBUG: start_movement_phase. Side: 1 Available: 1
DEBUG: First available: TestShip ID: 1 Moved: false
DEBUG: Skip Auto-Orbit Check: TestShip (Class: Scout, Orbit: 0)
[DEBUG] Standard move start for TestShip
DEBUG _can_withdraw: rejected bad scen_key: none
DEBUG: _handle_movement_click called with hex: (-2, 2, 0)
DEBUG _can_withdraw: rejected bad scen_key: none
[Turn 1] Selected OtherShip
[Turn 1] Selected OtherShip
[1m3/3 passed.
[0m[4m

test/integration/test_movement_ux.gd
[0m* test_self_click_decelerate_valid
[DEBUG] _build_repair_panel called
[Turn 1] [DEBUG] Initializing repair_panel
[Turn 1] [DEBUG] Initializing repair_panel
[DEBUG] GameManager: Peer 1 NOT in Lobby Teams. Defaulting to 0 (Spectator). Teams: {  }
[Turn 1] Network: Default Assignment (Host=1, Client=2). My Side: 1
[Turn 1] Network: Default Assignment (Host=1, Client=2). My Side: 1
[Turn 1] Offline Mode: Starting Game immediately.
[Turn 1] Offline Mode: Starting Game immediately.
[Turn 1] Game Setup Received: Seed 1360921296
[Turn 1] Game Setup Received: Seed 1360921296
[Turn 1] Error: Scenario none not found!
[Turn 1] Error: Scenario none not found!
[Turn 1] [color=cyan]=== DEPLOYMENT Phase ===[/color]
[Turn 1] [color=cyan]=== DEPLOYMENT Phase ===[/color]
[Turn 1] [color=yellow]AI Spawning for Side 2 (Sathar: false)[/color]
[Turn 1] [color=yellow]AI Spawning for Side 2 (Sathar: false)[/color]
[DEBUG] _update_deployment_ui called - Subphase: 2, my_side_id: 1
DEBUG: _handle_movement_click called with hex: (0, 0, 0)
[Turn 1] Requesting Full Stop (Speed 0)...
[Turn 1] Requesting Full Stop (Speed 0)...
DEBUG: _on_commit_move for TestShip
DEBUG: Path size: 0
DEBUG: Calling register_movement_plan locally
[Turn 1] Orders Received for TestShip
[Turn 1] Orders Received for TestShip
>>> DIAGNOSTIC: execute_all_movement running for side: 1 on peer: Offline
[Turn 1] Executing Movement Phase for Side UPF
[Turn 1] Executing Movement Phase for Side UPF
[Turn 1] [color=yellow]EXECUTE LOOP: Checking Ship TestShip (Class: Scout, Mines: 0)[/color]
[Turn 1] [color=yellow]EXECUTE LOOP: Checking Ship TestShip (Class: Scout, Mines: 0)[/color]
>>> DIAGNOSTIC: Entering Mine Detonations. Active Mines: 0 on peer: Offline
[Turn 1] [color=cyan]!!! DEBUG !!! Entering Mine Detonations. Active Mines: 0[/color]
[Turn 1] [color=cyan]!!! DEBUG !!! Entering Mine Detonations. Active Mines: 0[/color]
[Turn 1] [color=cyan]!!! DEBUG !!! Entering Seeker Movement. Active Seekers: 0[/color]
[Turn 1] [color=cyan]!!! DEBUG !!! Entering Seeker Movement. Active Seekers: 0[/color]
[Turn 1] Movement Phase Complete for Side 1. Starting Combat.
[Turn 1] Movement Phase Complete for Side 1. Starting Combat.
[DEBUG] start_combat_passive: Side 2 firing (Opponent of Moving Side 1)
[Turn 1] Combat Planning: Side 2
[Turn 1] Combat Planning: Side 2
[DEBUG] TARGET CHECK P2. Ships: 0
[DEBUG] NO TARGETS FOUND for P2
[Turn 1] No valid targets for Side 2. Skipping...
[Turn 1] No valid targets for Side 2. Skipping...
* test_self_click_decelerate_invalid
[DEBUG] _build_repair_panel called
[Turn 1] [DEBUG] Initializing repair_panel
[Turn 1] [DEBUG] Initializing repair_panel
[DEBUG] GameManager: Peer 1 NOT in Lobby Teams. Defaulting to 0 (Spectator). Teams: {  }
[Turn 1] Network: Default Assignment (Host=1, Client=2). My Side: 1
[Turn 1] Network: Default Assignment (Host=1, Client=2). My Side: 1
[Turn 1] Offline Mode: Starting Game immediately.
[Turn 1] Offline Mode: Starting Game immediately.
[Turn 1] Game Setup Received: Seed 4176346358
[Turn 1] Game Setup Received: Seed 4176346358
[Turn 1] Error: Scenario none not found!
[Turn 1] Error: Scenario none not found!
[Turn 1] [color=cyan]=== DEPLOYMENT Phase ===[/color]
[Turn 1] [color=cyan]=== DEPLOYMENT Phase ===[/color]
[Turn 1] [color=yellow]AI Spawning for Side 2 (Sathar: false)[/color]
[Turn 1] [color=yellow]AI Spawning for Side 2 (Sathar: false)[/color]
[DEBUG] _update_deployment_ui called - Subphase: 2, my_side_id: 1
DEBUG: _handle_movement_click called with hex: (0, 0, 0)
[Turn 1] Requesting Full Stop (Speed 0)...
[Turn 1] Requesting Full Stop (Speed 0)...
DEBUG: _on_commit_move for TestShip
DEBUG: Path size: 0
DEBUG: Calling register_movement_plan locally
[Security] Illegal Deceleration! Speed 3 -> 0 (Min 2, ADF 1)
[Turn 1] [Security] Move rejected: Invalid Path/Speed for TestShip
[Turn 1] [Security] Move rejected: Invalid Path/Speed for TestShip
* test_ghost_click_commit
[DEBUG] _build_repair_panel called
[Turn 1] [DEBUG] Initializing repair_panel
[Turn 1] [DEBUG] Initializing repair_panel
[DEBUG] GameManager: Peer 1 NOT in Lobby Teams. Defaulting to 0 (Spectator). Teams: {  }
[Turn 1] Network: Default Assignment (Host=1, Client=2). My Side: 1
[Turn 1] Network: Default Assignment (Host=1, Client=2). My Side: 1
[Turn 1] Offline Mode: Starting Game immediately.
[Turn 1] Offline Mode: Starting Game immediately.
[Turn 1] Game Setup Received: Seed 3342592564
[Turn 1] Game Setup Received: Seed 3342592564
[Turn 1] Error: Scenario none not found!
[Turn 1] Error: Scenario none not found!
[Turn 1] [color=cyan]=== DEPLOYMENT Phase ===[/color]
[Turn 1] [color=cyan]=== DEPLOYMENT Phase ===[/color]
[Turn 1] [color=yellow]AI Spawning for Side 2 (Sathar: false)[/color]
[Turn 1] [color=yellow]AI Spawning for Side 2 (Sathar: false)[/color]
[DEBUG] _update_deployment_ui called - Subphase: 2, my_side_id: 1
DEBUG: _handle_movement_click called with hex: (1, -1, 0)
[Turn 1] Committing move via Ghost click...
[Turn 1] Committing move via Ghost click...
DEBUG: _on_commit_move for TestShip
DEBUG: Path size: 1
DEBUG: Calling register_movement_plan locally
[Turn 1] Orders Received for TestShip
[Turn 1] Orders Received for TestShip
>>> DIAGNOSTIC: execute_all_movement running for side: 1 on peer: Offline
[Turn 1] Executing Movement Phase for Side UPF
[Turn 1] Executing Movement Phase for Side UPF
[Turn 1] [color=yellow]EXECUTE LOOP: Checking Ship TestShip (Class: Scout, Mines: 0)[/color]
[Turn 1] [color=yellow]EXECUTE LOOP: Checking Ship TestShip (Class: Scout, Mines: 0)[/color]
>>> DIAGNOSTIC: Entering Mine Detonations. Active Mines: 0 on peer: Offline
[Turn 1] [color=cyan]!!! DEBUG !!! Entering Mine Detonations. Active Mines: 0[/color]
[Turn 1] [color=cyan]!!! DEBUG !!! Entering Mine Detonations. Active Mines: 0[/color]
[Turn 1] [color=cyan]!!! DEBUG !!! Entering Seeker Movement. Active Seekers: 0[/color]
[Turn 1] [color=cyan]!!! DEBUG !!! Entering Seeker Movement. Active Seekers: 0[/color]
[Turn 1] Movement Phase Complete for Side 1. Starting Combat.
[Turn 1] Movement Phase Complete for Side 1. Starting Combat.
[DEBUG] start_combat_passive: Side 2 firing (Opponent of Moving Side 1)
[Turn 1] Combat Planning: Side 2
[Turn 1] Combat Planning: Side 2
[DEBUG] TARGET CHECK P2. Ships: 0
[DEBUG] NO TARGETS FOUND for P2
[Turn 1] No valid targets for Side 2. Skipping...
[Turn 1] No valid targets for Side 2. Skipping...
[1m3/3 passed.
[0m[4m

test/integration/test_movement_validation.gd
[0m[DEBUG] _build_repair_panel called
[Turn 1] [DEBUG] Initializing repair_panel
[Turn 1] [DEBUG] Initializing repair_panel
[DEBUG] GameManager: Peer 1 NOT in Lobby Teams. Defaulting to 0 (Spectator). Teams: {  }
[Turn 1] Network: Default Assignment (Host=1, Client=2). My Side: 1
[Turn 1] Network: Default Assignment (Host=1, Client=2). My Side: 1
[Turn 1] Offline Mode: Starting Game immediately.
[Turn 1] Offline Mode: Starting Game immediately.
[Turn 1] Game Setup Received: Seed 2948310134
[Turn 1] Game Setup Received: Seed 2948310134
[Turn 1] Error: Scenario none not found!
[Turn 1] Error: Scenario none not found!
[Turn 1] [color=cyan]=== DEPLOYMENT Phase ===[/color]
[Turn 1] [color=cyan]=== DEPLOYMENT Phase ===[/color]
[Turn 1] [color=yellow]AI Spawning for Side 2 (Sathar: false)[/color]
[Turn 1] [color=yellow]AI Spawning for Side 2 (Sathar: false)[/color]
[DEBUG] _update_deployment_ui called - Subphase: 2, my_side_id: 1
* test_teleport_exploit
[Security] Teleport attempt! (0, 0, 0) -> (10, 10, -20) (Dist 20)
[Turn 1] [Security] Move rejected: Invalid Path/Speed for TestShip
[Turn 1] [Security] Move rejected: Invalid Path/Speed for TestShip
* test_speed_limit_exploit
[Security] Illegal Acceleration! Speed 2 -> 5 (Max 3, ADF 1)
[Turn 1] [Security] Move rejected: Invalid Path/Speed for @Node2D@26776
[Turn 1] [Security] Move rejected: Invalid Path/Speed for @Node2D@26776
[33m[WARNING]:  [0mTest script has 2 unfreed children.  Increase log level for more details.
[1m2/2 passed.
[0m[4m

test/integration/test_orbit_automation.gd
[0m[DEBUG] _build_repair_panel called
[Turn 1] [DEBUG] Initializing repair_panel
[Turn 1] [DEBUG] Initializing repair_panel
[DEBUG] GameManager: Peer 1 NOT in Lobby Teams. Defaulting to 0 (Spectator). Teams: {  }
[Turn 1] Network: Default Assignment (Host=1, Client=2). My Side: 1
[Turn 1] Network: Default Assignment (Host=1, Client=2). My Side: 1
[Turn 1] Offline Mode: Starting Game immediately.
[Turn 1] Offline Mode: Starting Game immediately.
[Turn 1] Game Setup Received: Seed 959243733
[Turn 1] Game Setup Received: Seed 959243733
[Turn 1] Error: Scenario none not found!
[Turn 1] Error: Scenario none not found!
[Turn 1] [color=cyan]=== DEPLOYMENT Phase ===[/color]
[Turn 1] [color=cyan]=== DEPLOYMENT Phase ===[/color]
[Turn 1] [color=yellow]AI Spawning for Side 2 (Sathar: false)[/color]
[Turn 1] [color=yellow]AI Spawning for Side 2 (Sathar: false)[/color]
[DEBUG] _update_deployment_ui called - Subphase: 2, my_side_id: 1
* test_auto_orbit_authority_logic
DEBUG: start_movement_phase. Side: 1 Available: 1
DEBUG: First available: Station ID: 1 Moved: false
DEBUG: Auto-Orbit Candidate Found: Station (Class: Space Station, Orbit: 1)
DEBUG: _on_commit_move for Station
DEBUG: Path size: 1
DEBUG: Calling register_movement_plan locally
[Turn 1] Orders Received for Station
[Turn 1] Orders Received for Station
* test_auto_orbit_race_condition_protection
DEBUG: start_movement_phase. Side: 1 Available: 1
DEBUG: First available: @Node2D@26953 ID: 1 Moved: false
DEBUG: Auto-Orbit Candidate Found: @Node2D@26953 (Class: Space Station, Orbit: 1)
DEBUG: _on_commit_move for @Node2D@26953
DEBUG: Path size: 1
DEBUG: Calling register_movement_plan locally
[Turn 1] Orders Received for @Node2D@26953
[Turn 1] Orders Received for @Node2D@26953
[Turn 1] [color=gray]AI Poll: Movement Phase active but no unmoved ships left.[/color]
[Turn 1] [color=gray]AI Poll: Movement Phase active but no unmoved ships left.[/color]
>>> DIAGNOSTIC: execute_all_movement running for side: 2 on peer: Offline
[Turn 1] Executing Movement Phase for Side Sathar
[Turn 1] Executing Movement Phase for Side Sathar
>>> DIAGNOSTIC: Entering Mine Detonations. Active Mines: 0 on peer: Offline
[Turn 1] [color=cyan]!!! DEBUG !!! Entering Mine Detonations. Active Mines: 0[/color]
[Turn 1] [color=cyan]!!! DEBUG !!! Entering Mine Detonations. Active Mines: 0[/color]
[Turn 1] [color=cyan]!!! DEBUG !!! Entering Seeker Movement. Active Seekers: 0[/color]
[Turn 1] [color=cyan]!!! DEBUG !!! Entering Seeker Movement. Active Seekers: 0[/color]
[Turn 1] Movement Phase Complete for Side 2. Starting Combat.
[Turn 1] Movement Phase Complete for Side 2. Starting Combat.
[DEBUG] start_combat_passive: Side 1 firing (Opponent of Moving Side 2)
[Turn 1] Combat Planning: Side 1
[Turn 1] Combat Planning: Side 1
[DEBUG] TARGET CHECK P1. Ships: 1
[DEBUG] NO TARGETS FOUND for P1
[Turn 1] No valid targets for Side 1. Skipping...
[Turn 1] No valid targets for Side 1. Skipping...
[33m[WARNING]:  [0mTest script has 2 unfreed children.  Increase log level for more details.
[1m2/2 passed.
[0m[4m

test/integration/test_planet_collision.gd
[0m* test_planet_collision_destroys_ship
[DEBUG] _build_repair_panel called
[Turn 1] [DEBUG] Initializing repair_panel
[Turn 1] [DEBUG] Initializing repair_panel
[DEBUG] GameManager: Peer 1 NOT in Lobby Teams. Defaulting to 0 (Spectator). Teams: {  }
[Turn 1] Network: Default Assignment (Host=1, Client=2). My Side: 1
[Turn 1] Network: Default Assignment (Host=1, Client=2). My Side: 1
[Turn 1] Offline Mode: Starting Game immediately.
[Turn 1] Offline Mode: Starting Game immediately.
[Turn 1] Game Setup Received: Seed 2616918892
[Turn 1] Game Setup Received: Seed 2616918892
[Turn 1] Error: Scenario none not found!
[Turn 1] Error: Scenario none not found!
[Turn 1] [color=cyan]=== DEPLOYMENT Phase ===[/color]
[Turn 1] [color=cyan]=== DEPLOYMENT Phase ===[/color]
[Turn 1] [color=yellow]AI Spawning for Side 2 (Sathar: false)[/color]
[Turn 1] [color=yellow]AI Spawning for Side 2 (Sathar: false)[/color]
[DEBUG] _update_deployment_ui called - Subphase: 2, my_side_id: 1
[Turn 1] Orders Received for TestShip
[Turn 1] Orders Received for TestShip
>>> DIAGNOSTIC: execute_all_movement running for side: 1 on peer: Offline
[Turn 1] Executing Movement Phase for Side UPF
[Turn 1] Executing Movement Phase for Side UPF
[Turn 1] [color=yellow]EXECUTE LOOP: Checking Ship TestShip (Class: Scout, Mines: 0)[/color]
[Turn 1] [color=yellow]EXECUTE LOOP: Checking Ship TestShip (Class: Scout, Mines: 0)[/color]
[Turn 1] [color=red]TestShip crashed into a planet![/color]
[Turn 1] [color=red]TestShip crashed into a planet![/color]
>>> DIAGNOSTIC: Entering Mine Detonations. Active Mines: 0 on peer: Offline
[Turn 1] [color=cyan]!!! DEBUG !!! Entering Mine Detonations. Active Mines: 0[/color]
[Turn 1] [color=cyan]!!! DEBUG !!! Entering Mine Detonations. Active Mines: 0[/color]
[Turn 1] [color=cyan]!!! DEBUG !!! Entering Seeker Movement. Active Seekers: 0[/color]
[Turn 1] [color=cyan]!!! DEBUG !!! Entering Seeker Movement. Active Seekers: 0[/color]
[Turn 1] Movement Phase Complete for Side 1. Starting Combat.
[Turn 1] Movement Phase Complete for Side 1. Starting Combat.
[DEBUG] start_combat_passive: Side 2 firing (Opponent of Moving Side 1)
[Turn 1] Combat Planning: Side 2
[Turn 1] Combat Planning: Side 2
[DEBUG] TARGET CHECK P2. Ships: 0
[DEBUG] NO TARGETS FOUND for P2
[Turn 1] No valid targets for Side 2. Skipping...
[Turn 1] No valid targets for Side 2. Skipping...
* test_planet_collision_avoids_safe_path
[DEBUG] _build_repair_panel called
[Turn 1] [DEBUG] Initializing repair_panel
[Turn 1] [DEBUG] Initializing repair_panel
[DEBUG] GameManager: Peer 1 NOT in Lobby Teams. Defaulting to 0 (Spectator). Teams: {  }
[Turn 1] Network: Default Assignment (Host=1, Client=2). My Side: 1
[Turn 1] Network: Default Assignment (Host=1, Client=2). My Side: 1
[Turn 1] Offline Mode: Starting Game immediately.
[Turn 1] Offline Mode: Starting Game immediately.
[Turn 1] Game Setup Received: Seed 197761195
[Turn 1] Game Setup Received: Seed 197761195
[Turn 1] Error: Scenario none not found!
[Turn 1] Error: Scenario none not found!
[Turn 1] [color=cyan]=== DEPLOYMENT Phase ===[/color]
[Turn 1] [color=cyan]=== DEPLOYMENT Phase ===[/color]
[Turn 1] [color=yellow]AI Spawning for Side 2 (Sathar: false)[/color]
[Turn 1] [color=yellow]AI Spawning for Side 2 (Sathar: false)[/color]
[DEBUG] _update_deployment_ui called - Subphase: 2, my_side_id: 1
[Turn 1] Orders Received for SafeShip
[Turn 1] Orders Received for SafeShip
[1m2/2 passed.
[0m[4m

test/integration/test_repair_distinct_slots.gd
[0m[DEBUG] _build_repair_panel called
[Turn 1] [DEBUG] Initializing repair_panel
[Turn 1] [DEBUG] Initializing repair_panel
[DEBUG] GameManager: Peer 1 NOT in Lobby Teams. Defaulting to 0 (Spectator). Teams: {  }
[Turn 1] Network: Default Assignment (Host=1, Client=2). My Side: 1
[Turn 1] Network: Default Assignment (Host=1, Client=2). My Side: 1
[Turn 1] Offline Mode: Starting Game immediately.
[Turn 1] Offline Mode: Starting Game immediately.
[Turn 1] Game Setup Received: Seed 2003753037
[Turn 1] Game Setup Received: Seed 2003753037
[Turn 1] Error: Scenario none not found!
[Turn 1] Error: Scenario none not found!
[Turn 1] [color=cyan]=== DEPLOYMENT Phase ===[/color]
[Turn 1] [color=cyan]=== DEPLOYMENT Phase ===[/color]
[Turn 1] [color=yellow]AI Spawning for Side 2 (Sathar: false)[/color]
[Turn 1] [color=yellow]AI Spawning for Side 2 (Sathar: false)[/color]
[DEBUG] _update_deployment_ui called - Subphase: 2, my_side_id: 1
* test_distinct_adf_and_mr_slots
[DEBUG] _update_repair_ui called - Subphase: 1, my_side_id: 1
[Turn 1] [DEBUG] Updating Repair UI for Phase: 1
[Turn 1] [DEBUG] Updating Repair UI for Phase: 1
[DEBUG] _update_repair_ui FINISHED. Items in list_repair: 7
[33m[WARNING]:  [0mTest script has 2 unfreed children.  Increase log level for more details.
[1m1/1 passed.
[0m[4m

test/integration/test_repair_phase.gd
[0m* test_repair_phase_triggered_on_third_turn
[DEBUG] _build_repair_panel called
[Turn 1] [DEBUG] Initializing repair_panel
[Turn 1] [DEBUG] Initializing repair_panel
[DEBUG] GameManager: Peer 1 NOT in Lobby Teams. Defaulting to 0 (Spectator). Teams: {  }
[Turn 1] Network: Default Assignment (Host=1, Client=2). My Side: 1
[Turn 1] Network: Default Assignment (Host=1, Client=2). My Side: 1
[Turn 1] Offline Mode: Starting Game immediately.
[Turn 1] Offline Mode: Starting Game immediately.
[Turn 1] Game Setup Received: Seed 1021013118
[Turn 1] Game Setup Received: Seed 1021013118
[Turn 1] Error: Scenario none not found!
[Turn 1] Error: Scenario none not found!
[Turn 1] [color=cyan]=== DEPLOYMENT Phase ===[/color]
[Turn 1] [color=cyan]=== DEPLOYMENT Phase ===[/color]
[Turn 1] [color=yellow]AI Spawning for Side 2 (Sathar: false)[/color]
[Turn 1] [color=yellow]AI Spawning for Side 2 (Sathar: false)[/color]
[DEBUG] _update_deployment_ui called - Subphase: 2, my_side_id: 1
[Turn 1] Game Setup Received: Seed 12345
[Turn 1] Game Setup Received: Seed 12345
[Turn 1] Error: Scenario Surprise Attack! not found!
[Turn 1] Error: Scenario Surprise Attack! not found!
[Turn 1] [color=cyan]=== DEPLOYMENT Phase ===[/color]
[Turn 1] [color=cyan]=== DEPLOYMENT Phase ===[/color]
[DEBUG] _update_deployment_ui called - Subphase: 2, my_side_id: 1
[Turn 3] [color=cyan]=== REPAIR TURN Phase ===[/color]
[Turn 3] [color=cyan]=== REPAIR TURN Phase ===[/color]
[DEBUG] _update_repair_ui called - Subphase: 1, my_side_id: 1
[Turn 3] [DEBUG] Updating Repair UI for Phase: 1
[Turn 3] [DEBUG] Updating Repair UI for Phase: 1
* test_repair_phase_advances_turn_after_completion
[DEBUG] _build_repair_panel called
[Turn 1] [DEBUG] Initializing repair_panel
[Turn 1] [DEBUG] Initializing repair_panel
[DEBUG] GameManager: Peer 1 NOT in Lobby Teams. Defaulting to 0 (Spectator). Teams: {  }
[Turn 1] Network: Default Assignment (Host=1, Client=2). My Side: 1
[Turn 1] Network: Default Assignment (Host=1, Client=2). My Side: 1
[Turn 1] Offline Mode: Starting Game immediately.
[Turn 1] Offline Mode: Starting Game immediately.
[Turn 1] Game Setup Received: Seed 2444634191
[Turn 1] Game Setup Received: Seed 2444634191
[Turn 1] Error: Scenario none not found!
[Turn 1] Error: Scenario none not found!
[Turn 1] [color=cyan]=== DEPLOYMENT Phase ===[/color]
[Turn 1] [color=cyan]=== DEPLOYMENT Phase ===[/color]
[Turn 1] [color=yellow]AI Spawning for Side 2 (Sathar: false)[/color]
[Turn 1] [color=yellow]AI Spawning for Side 2 (Sathar: false)[/color]
[DEBUG] _update_deployment_ui called - Subphase: 2, my_side_id: 1
[Turn 1] Game Setup Received: Seed 12345
[Turn 1] Game Setup Received: Seed 12345
[Turn 1] Error: Scenario Surprise Attack! not found!
[Turn 1] Error: Scenario Surprise Attack! not found!
[Turn 1] [color=cyan]=== DEPLOYMENT Phase ===[/color]
[Turn 1] [color=cyan]=== DEPLOYMENT Phase ===[/color]
[DEBUG] _update_deployment_ui called - Subphase: 2, my_side_id: 1
[DEBUG] _update_repair_ui called - Subphase: 2, my_side_id: 1
[Turn 3] [DEBUG] Updating Repair UI for Phase: 2
[Turn 3] [DEBUG] Updating Repair UI for Phase: 2
[DEBUG] _update_repair_ui called - Subphase: 3, my_side_id: 1
[Turn 3] [DEBUG] Updating Repair UI for Phase: 3
[Turn 3] [DEBUG] Updating Repair UI for Phase: 3
[Turn 4] Round Complete (After Repair). Starting New Round.
[Turn 4] Round Complete (After Repair). Starting New Round.
[Turn 4] === Turn Start: Side UPF ===
[Turn 4] === Turn Start: Side UPF ===
DEBUG: start_movement_phase. Side: 1 Available: 0
[33m[WARNING]:  [0mTest script has 2 unfreed children.  Increase log level for more details.
[1m2/2 passed.
[0m[4m

test/integration/test_repair_ui_selection.gd
[0m[DEBUG] _build_repair_panel called
[Turn 1] [DEBUG] Initializing repair_panel
[Turn 1] [DEBUG] Initializing repair_panel
[DEBUG] GameManager: Peer 1 NOT in Lobby Teams. Defaulting to 0 (Spectator). Teams: {  }
[Turn 1] Network: Default Assignment (Host=1, Client=2). My Side: 1
[Turn 1] Network: Default Assignment (Host=1, Client=2). My Side: 1
[Turn 1] Offline Mode: Starting Game immediately.
[Turn 1] Offline Mode: Starting Game immediately.
[Turn 1] Game Setup Received: Seed 1758825228
[Turn 1] Game Setup Received: Seed 1758825228
[Turn 1] Error: Scenario none not found!
[Turn 1] Error: Scenario none not found!
[Turn 1] [color=cyan]=== DEPLOYMENT Phase ===[/color]
[Turn 1] [color=cyan]=== DEPLOYMENT Phase ===[/color]
[Turn 1] [color=yellow]AI Spawning for Side 2 (Sathar: false)[/color]
[Turn 1] [color=yellow]AI Spawning for Side 2 (Sathar: false)[/color]
[DEBUG] _update_deployment_ui called - Subphase: 2, my_side_id: 1
* test_repair_ui_list_filtering
* test_repair_ui_select_ship
[DEBUG] _update_repair_ui called - Subphase: 1, my_side_id: 1
[Turn 1] [DEBUG] Updating Repair UI for Phase: 1
[Turn 1] [DEBUG] Updating Repair UI for Phase: 1
[DEBUG] _update_repair_ui FINISHED. Items in list_repair: 3
[33m[WARNING]:  [0mTest script has 2 unfreed children.  Increase log level for more details.
[1m2/2 passed.
[0m[4m

test/integration/test_second_turn_combat.gd
[0m* test_second_turn_combat_skip
[DEBUG] _build_repair_panel called
[Turn 1] [DEBUG] Initializing repair_panel
[Turn 1] [DEBUG] Initializing repair_panel
[DEBUG] GameManager: Peer 1 NOT in Lobby Teams. Defaulting to 0 (Spectator). Teams: {  }
[Turn 1] Network: Default Assignment (Host=1, Client=2). My Side: 1
[Turn 1] Network: Default Assignment (Host=1, Client=2). My Side: 1
[Turn 1] Offline Mode: Starting Game immediately.
[Turn 1] Offline Mode: Starting Game immediately.
[Turn 1] Game Setup Received: Seed 971213160
[Turn 1] Game Setup Received: Seed 971213160
[Turn 1] Error: Scenario  not found!
[Turn 1] Error: Scenario  not found!
[Turn 1] [color=cyan]=== DEPLOYMENT Phase ===[/color]
[Turn 1] [color=cyan]=== DEPLOYMENT Phase ===[/color]
[Turn 1] [color=yellow]AI Spawning for Side 2 (Sathar: false)[/color]
[Turn 1] [color=yellow]AI Spawning for Side 2 (Sathar: false)[/color]
[DEBUG] _update_deployment_ui called - Subphase: 2, my_side_id: 1
DEBUG: Rejected P2_Ship Side:2 CurSide:1 Moved:false
DEBUG: start_movement_phase. Side: 1 Available: 1
DEBUG: First available: P1_Ship ID: 1 Moved: false
DEBUG: Skip Auto-Orbit Check: P1_Ship (Class: Scout, Orbit: 0)
[DEBUG] Standard move start for P1_Ship
DEBUG _can_withdraw: rejected bad scen_key: 
DEBUG: Rejected P1_Ship Side:1 CurSide:1 Moved:true
DEBUG: Rejected P2_Ship Side:2 CurSide:1 Moved:false
DEBUG: start_movement_phase. Side: 1 Available: 0
>>> DIAGNOSTIC: execute_all_movement running for side: 1 on peer: Offline
[Turn 1] Executing Movement Phase for Side UPF
[Turn 1] Executing Movement Phase for Side UPF
[Turn 1] [color=yellow]EXECUTE LOOP: Checking Ship P1_Ship (Class: Scout, Mines: 0)[/color]
[Turn 1] [color=yellow]EXECUTE LOOP: Checking Ship P1_Ship (Class: Scout, Mines: 0)[/color]
>>> DIAGNOSTIC: Entering Mine Detonations. Active Mines: 0 on peer: Offline
[Turn 1] [color=cyan]!!! DEBUG !!! Entering Mine Detonations. Active Mines: 0[/color]
[Turn 1] [color=cyan]!!! DEBUG !!! Entering Mine Detonations. Active Mines: 0[/color]
[Turn 1] [color=cyan]!!! DEBUG !!! Entering Seeker Movement. Active Seekers: 0[/color]
[Turn 1] [color=cyan]!!! DEBUG !!! Entering Seeker Movement. Active Seekers: 0[/color]
[Turn 1] Movement Phase Complete for Side 1. Starting Combat.
[Turn 1] Movement Phase Complete for Side 1. Starting Combat.
[DEBUG] start_combat_passive: Side 2 firing (Opponent of Moving Side 1)
[Turn 1] Combat Planning: Side 2
[Turn 1] Combat Planning: Side 2
[DEBUG] TARGET CHECK P2. Ships: 1
[DEBUG] VALID: P2_Ship found target with Laser
[Turn 1] Turn Segment Complete.
[Turn 1] Turn Segment Complete.
[DEBUG] start_combat_active: Side 1 firing (Active Side)
[Turn 1] Combat Planning: Side 1
[Turn 1] Combat Planning: Side 1
[DEBUG] TARGET CHECK P1. Ships: 1
[DEBUG] VALID: P1_Ship found target with Laser
[Turn 1] Turn Segment Complete.
[Turn 1] Turn Segment Complete.
[Turn 1] === Turn Start: Side UPF ===
[Turn 1] === Turn Start: Side UPF ===
DEBUG: Rejected P1_Ship Side:1 CurSide:2 Moved:false
DEBUG: start_movement_phase. Side: 2 Available: 1
DEBUG: First available: P2_Ship ID: 2 Moved: false
DEBUG: Skip Auto-Orbit Check: P2_Ship (Class: Scout, Orbit: 0)
[DEBUG] Standard move start for P2_Ship
DEBUG _can_withdraw: rejected bad scen_key: 
DEBUG: Rejected P1_Ship Side:1 CurSide:2 Moved:false
DEBUG: Rejected P2_Ship Side:2 CurSide:2 Moved:true
DEBUG: start_movement_phase. Side: 2 Available: 0
>>> DIAGNOSTIC: execute_all_movement running for side: 2 on peer: Offline
[Turn 1] Executing Movement Phase for Side UPF
[Turn 1] Executing Movement Phase for Side UPF
[Turn 1] [color=yellow]EXECUTE LOOP: Checking Ship P2_Ship (Class: Scout, Mines: 0)[/color]
[Turn 1] [color=yellow]EXECUTE LOOP: Checking Ship P2_Ship (Class: Scout, Mines: 0)[/color]
>>> DIAGNOSTIC: Entering Mine Detonations. Active Mines: 0 on peer: Offline
[Turn 1] [color=cyan]!!! DEBUG !!! Entering Mine Detonations. Active Mines: 0[/color]
[Turn 1] [color=cyan]!!! DEBUG !!! Entering Mine Detonations. Active Mines: 0[/color]
[Turn 1] [color=cyan]!!! DEBUG !!! Entering Seeker Movement. Active Seekers: 0[/color]
[Turn 1] [color=cyan]!!! DEBUG !!! Entering Seeker Movement. Active Seekers: 0[/color]
[Turn 1] Movement Phase Complete for Side 2. Starting Combat.
[Turn 1] Movement Phase Complete for Side 2. Starting Combat.
[DEBUG] start_combat_passive: Side 1 firing (Opponent of Moving Side 2)
[Turn 1] Combat Planning: Side 1
[Turn 1] Combat Planning: Side 1
[DEBUG] TARGET CHECK P1. Ships: 1
[DEBUG] VALID: P1_Ship found target with Laser
[Turn 1] Turn Segment Complete.
[Turn 1] Turn Segment Complete.
[DEBUG] start_combat_active: Side 2 firing (Active Side)
[Turn 1] Combat Planning: Side 2
[Turn 1] Combat Planning: Side 2
[DEBUG] TARGET CHECK P2. Ships: 1
[DEBUG] VALID: P2_Ship found target with Laser
[Turn 1] Turn Segment Complete.
[Turn 1] Turn Segment Complete.
[Turn 2] Round Complete. Starting New Round.
[Turn 2] Round Complete. Starting New Round.
[Turn 2] === Turn Start: Side UPF ===
[Turn 2] === Turn Start: Side UPF ===
DEBUG: Rejected P2_Ship Side:2 CurSide:1 Moved:false
DEBUG: start_movement_phase. Side: 1 Available: 1
DEBUG: First available: P1_Ship ID: 1 Moved: false
DEBUG: Skip Auto-Orbit Check: P1_Ship (Class: Scout, Orbit: 0)
[DEBUG] Standard move start for P1_Ship
DEBUG _can_withdraw: rejected bad scen_key: 
DEBUG: Rejected P1_Ship Side:1 CurSide:1 Moved:true
DEBUG: Rejected P2_Ship Side:2 CurSide:1 Moved:false
DEBUG: start_movement_phase. Side: 1 Available: 0
>>> DIAGNOSTIC: execute_all_movement running for side: 1 on peer: Offline
[Turn 2] Executing Movement Phase for Side UPF
[Turn 2] Executing Movement Phase for Side UPF
[Turn 2] [color=yellow]EXECUTE LOOP: Checking Ship P1_Ship (Class: Scout, Mines: 0)[/color]
[Turn 2] [color=yellow]EXECUTE LOOP: Checking Ship P1_Ship (Class: Scout, Mines: 0)[/color]
>>> DIAGNOSTIC: Entering Mine Detonations. Active Mines: 0 on peer: Offline
[Turn 2] [color=cyan]!!! DEBUG !!! Entering Mine Detonations. Active Mines: 0[/color]
[Turn 2] [color=cyan]!!! DEBUG !!! Entering Mine Detonations. Active Mines: 0[/color]
[Turn 2] [color=cyan]!!! DEBUG !!! Entering Seeker Movement. Active Seekers: 0[/color]
[Turn 2] [color=cyan]!!! DEBUG !!! Entering Seeker Movement. Active Seekers: 0[/color]
[Turn 2] Movement Phase Complete for Side 1. Starting Combat.
[Turn 2] Movement Phase Complete for Side 1. Starting Combat.
[DEBUG] start_combat_passive: Side 2 firing (Opponent of Moving Side 1)
[Turn 2] Combat Planning: Side 2
[Turn 2] Combat Planning: Side 2
[DEBUG] TARGET CHECK P2. Ships: 1
[DEBUG] VALID: P2_Ship found target with Laser
[DEBUG] TARGET CHECK P2. Ships: 1
[DEBUG] VALID: P2_Ship found target with Laser
[33m    18 Orphans[0m
[33m        * [@Button@28195:<Button#6787071742997>]
        * [@HSeparator@28196:<HSeparator#6787122074648>]
        * [@Button@28197:<Button#6787155629082>]
        * [@Button@28198:<Button#6787205960733>]
        * [@Button@28200:<Button#6787289846816>]
        * [@HSeparator@28199:<HSeparator#6787256292387>]
        * [@Button@28214:<Button#6822052238417>]
        * [@HSeparator@28215:<HSeparator#6822102570068>]
        * [@Button@28216:<Button#6822136124502>]
        * [@Button@28217:<Button#6822186456153>]
        * [@Button@28201:<Button#6794134951004>]
        * [@HSeparator@28202:<HSeparator#6794185282655>]
        * [@Button@28203:<Button#6794218837089>]
        * [@Button@28219:<Button#6822270342270>]
        * [@HSeparator@28221:<HSeparator#6832554775679>]
        * [@HSeparator@28218:<HSeparator#6822236787840>]
        * [@Button@28222:<Button#6832588330113>]
        * [@Button@28220:<Button#6832504444089>][0m
[33m18 orphans[0m
[1m1/1 passed.
[0m[4m

test/integration/test_shared_icm_defense.gd
[0m[DEBUG] _build_repair_panel called
[Turn 1] [DEBUG] Initializing repair_panel
[Turn 1] [DEBUG] Initializing repair_panel
[DEBUG] GameManager: Peer 1 NOT in Lobby Teams. Defaulting to 0 (Spectator). Teams: {  }
[Turn 1] Network: Default Assignment (Host=1, Client=2). My Side: 1
[Turn 1] Network: Default Assignment (Host=1, Client=2). My Side: 1
[Turn 1] Offline Mode: Starting Game immediately.
[Turn 1] Offline Mode: Starting Game immediately.
[Turn 1] Game Setup Received: Seed 1157826918
[Turn 1] Game Setup Received: Seed 1157826918
[Turn 1] Error: Scenario  not found!
[Turn 1] Error: Scenario  not found!
[Turn 1] [color=cyan]=== DEPLOYMENT Phase ===[/color]
[Turn 1] [color=cyan]=== DEPLOYMENT Phase ===[/color]
[Turn 1] [color=yellow]AI Spawning for Side 2 (Sathar: false)[/color]
[Turn 1] [color=yellow]AI Spawning for Side 2 (Sathar: false)[/color]
[DEBUG] _update_deployment_ui called - Subphase: 2, my_side_id: 1
* test_shared_icm_defense_allocations
>>> TRIGGER ICM TOP. Target=DefTarget
>>> TRIGGER ICM MID: is_networked=false
>>> DEBUG RPC ICM: Target Name string = DefTarget
>>> DEBUG RPC ICM: IS AI TARGET = false
>>> DEBUG EVALUATION: target_owner=true ai_target=false local_bot=true
[31m    [Failed]:  [0m[0] expected to equal [2]:  Should have 2 SpinBoxes for 2 eligible ships
      at line 96
[31m    [Failed]:  [0mExpected object @Node2D@28236:<Node2D#6854247714720>(GameManager.gd) to have emitted signal [icm_decision_made]:   (Signals emitted: [])
      at line 114
[31m    [Failed]:  [0mShould have emitted arguments
      at line 117
[33m[WARNING]:  [0mTest script has 2 unfreed children.  Increase log level for more details.
[1m0/1 passed.
[0m[4m

test/integration/test_speed_bleed.gd
[0m* test_speed_bleed_stationary
[DEBUG] _build_repair_panel called
[Turn 1] [DEBUG] Initializing repair_panel
[Turn 1] [DEBUG] Initializing repair_panel
[DEBUG] GameManager: Peer 1 NOT in Lobby Teams. Defaulting to 0 (Spectator). Teams: {  }
[Turn 1] Network: Default Assignment (Host=1, Client=2). My Side: 1
[Turn 1] Network: Default Assignment (Host=1, Client=2). My Side: 1
[Turn 1] Offline Mode: Starting Game immediately.
[Turn 1] Offline Mode: Starting Game immediately.
[Turn 1] Game Setup Received: Seed 1373331011
[Turn 1] Game Setup Received: Seed 1373331011
[Turn 1] Error: Scenario  not found!
[Turn 1] Error: Scenario  not found!
[Turn 1] [color=cyan]=== DEPLOYMENT Phase ===[/color]
[Turn 1] [color=cyan]=== DEPLOYMENT Phase ===[/color]
[Turn 1] [color=yellow]AI Spawning for Side 2 (Sathar: false)[/color]
[Turn 1] [color=yellow]AI Spawning for Side 2 (Sathar: false)[/color]
[DEBUG] _update_deployment_ui called - Subphase: 2, my_side_id: 1
>>> DIAGNOSTIC: execute_all_movement running for side: 1 on peer: Offline
[Turn 1] Executing Movement Phase for Side UPF
[Turn 1] Executing Movement Phase for Side UPF
[Turn 1] [color=yellow]EXECUTE LOOP: Checking Ship TestCarrier (Class: Assault Carrier, Mines: 0)[/color]
[Turn 1] [color=yellow]EXECUTE LOOP: Checking Ship TestCarrier (Class: Assault Carrier, Mines: 0)[/color]
>>> DIAGNOSTIC: Entering Mine Detonations. Active Mines: 0 on peer: Offline
[Turn 1] [color=cyan]!!! DEBUG !!! Entering Mine Detonations. Active Mines: 0[/color]
[Turn 1] [color=cyan]!!! DEBUG !!! Entering Mine Detonations. Active Mines: 0[/color]
[Turn 1] [color=cyan]!!! DEBUG !!! Entering Seeker Movement. Active Seekers: 0[/color]
[Turn 1] [color=cyan]!!! DEBUG !!! Entering Seeker Movement. Active Seekers: 0[/color]
[Turn 1] Movement Phase Complete for Side 1. Starting Combat.
[Turn 1] Movement Phase Complete for Side 1. Starting Combat.
[DEBUG] start_combat_passive: Side 2 firing (Opponent of Moving Side 1)
[Turn 1] Combat Planning: Side 2
[Turn 1] Combat Planning: Side 2
[DEBUG] TARGET CHECK P2. Ships: 0
[DEBUG] NO TARGETS FOUND for P2
[Turn 1] No valid targets for Side 2. Skipping...
[Turn 1] No valid targets for Side 2. Skipping...
>>> DIAGNOSTIC: execute_all_movement running for side: 1 on peer: Offline
[Turn 1] Executing Movement Phase for Side UPF
[Turn 1] Executing Movement Phase for Side UPF
[Turn 1] [color=yellow]EXECUTE LOOP: Checking Ship TestCarrier (Class: Assault Carrier, Mines: 0)[/color]
[Turn 1] [color=yellow]EXECUTE LOOP: Checking Ship TestCarrier (Class: Assault Carrier, Mines: 0)[/color]
>>> DIAGNOSTIC: Entering Mine Detonations. Active Mines: 0 on peer: Offline
[Turn 1] [color=cyan]!!! DEBUG !!! Entering Mine Detonations. Active Mines: 0[/color]
[Turn 1] [color=cyan]!!! DEBUG !!! Entering Mine Detonations. Active Mines: 0[/color]
[Turn 1] [color=cyan]!!! DEBUG !!! Entering Seeker Movement. Active Seekers: 0[/color]
[Turn 1] [color=cyan]!!! DEBUG !!! Entering Seeker Movement. Active Seekers: 0[/color]
[Turn 1] Movement Phase Complete for Side 1. Starting Combat.
[Turn 1] Movement Phase Complete for Side 1. Starting Combat.
[DEBUG] start_combat_passive: Side 2 firing (Opponent of Moving Side 1)
[Turn 1] Combat Planning: Side 2
[Turn 1] Combat Planning: Side 2
[DEBUG] TARGET CHECK P2. Ships: 0
[DEBUG] NO TARGETS FOUND for P2
[Turn 1] No valid targets for Side 2. Skipping...
[Turn 1] No valid targets for Side 2. Skipping...
[1m1/1 passed.
[0m[4m

test/integration/test_station_auto_orbit.gd
[0m* test_station_auto_orbit_detection
[DEBUG] _build_repair_panel called
[Turn 1] [DEBUG] Initializing repair_panel
[Turn 1] [DEBUG] Initializing repair_panel
[DEBUG] GameManager: Peer 1 NOT in Lobby Teams. Defaulting to 0 (Spectator). Teams: {  }
[Turn 1] Network: Default Assignment (Host=1, Client=2). My Side: 1
[Turn 1] Network: Default Assignment (Host=1, Client=2). My Side: 1
[Turn 1] Offline Mode: Starting Game immediately.
[Turn 1] Offline Mode: Starting Game immediately.
[Turn 1] Game Setup Received: Seed 534280045
[Turn 1] Game Setup Received: Seed 534280045
[Turn 1] Error: Scenario  not found!
[Turn 1] Error: Scenario  not found!
[Turn 1] [color=cyan]=== DEPLOYMENT Phase ===[/color]
[Turn 1] [color=cyan]=== DEPLOYMENT Phase ===[/color]
[Turn 1] [color=yellow]AI Spawning for Side 2 (Sathar: false)[/color]
[Turn 1] [color=yellow]AI Spawning for Side 2 (Sathar: false)[/color]
[DEBUG] _update_deployment_ui called - Subphase: 2, my_side_id: 1
DEBUG: start_movement_phase. Side: 2 Available: 2
DEBUG: First available: Station Alpha ID: 2 Moved: false
DEBUG: Auto-Orbit Candidate Found: Station Alpha (Class: Space Station, Orbit: 1)
DEBUG: _on_commit_move for Station Alpha
DEBUG: Path size: 1
DEBUG: Calling register_movement_plan locally
[Turn 1] Orders Received for Station Alpha
[Turn 1] Orders Received for Station Alpha
[DEBUG] Standard move start for Defiant
DEBUG _can_withdraw: rejected bad scen_key: 
[1m1/1 passed.
[0m[4m

test/integration/test_station_orbit_debug.gd
[0m* test_station_orbit_environment
[DEBUG] _build_repair_panel called
[Turn 1] [DEBUG] Initializing repair_panel
[Turn 1] [DEBUG] Initializing repair_panel
[DEBUG] GameManager: Peer 1 NOT in Lobby Teams. Defaulting to 0 (Spectator). Teams: {  }
[Turn 1] Network: Default Assignment (Host=1, Client=2). My Side: 1
[Turn 1] Network: Default Assignment (Host=1, Client=2). My Side: 1
[Turn 1] Offline Mode: Starting Game immediately.
[Turn 1] Offline Mode: Starting Game immediately.
[Turn 1] Game Setup Received: Seed 3466915951
[Turn 1] Game Setup Received: Seed 3466915951
[Turn 1] Error: Scenario  not found!
[Turn 1] Error: Scenario  not found!
[Turn 1] [color=cyan]=== DEPLOYMENT Phase ===[/color]
[Turn 1] [color=cyan]=== DEPLOYMENT Phase ===[/color]
[Turn 1] [color=yellow]AI Spawning for Side 2 (Sathar: false)[/color]
[Turn 1] [color=yellow]AI Spawning for Side 2 (Sathar: false)[/color]
[DEBUG] _update_deployment_ui called - Subphase: 2, my_side_id: 1
Planet Hexes: [(0, 0, 0)]
State Is Orbiting: true
Current Path: [(1, 0, -1)]
Commit Button Disabled: false
[1m1/1 passed.
[0m[4m

test/integration/test_station_orbit_validation.gd
[0m* test_station_orbit_validation
[DEBUG] _build_repair_panel called
[Turn 1] [DEBUG] Initializing repair_panel
[Turn 1] [DEBUG] Initializing repair_panel
[DEBUG] GameManager: Peer 1 NOT in Lobby Teams. Defaulting to 0 (Spectator). Teams: {  }
[Turn 1] Network: Default Assignment (Host=1, Client=2). My Side: 1
[Turn 1] Network: Default Assignment (Host=1, Client=2). My Side: 1
[Turn 1] Offline Mode: Starting Game immediately.
[Turn 1] Offline Mode: Starting Game immediately.
[Turn 1] Game Setup Received: Seed 3654701078
[Turn 1] Game Setup Received: Seed 3654701078
[Turn 1] Error: Scenario  not found!
[Turn 1] Error: Scenario  not found!
[Turn 1] [color=cyan]=== DEPLOYMENT Phase ===[/color]
[Turn 1] [color=cyan]=== DEPLOYMENT Phase ===[/color]
[Turn 1] [color=yellow]AI Spawning for Side 2 (Sathar: false)[/color]
[Turn 1] [color=yellow]AI Spawning for Side 2 (Sathar: false)[/color]
[DEBUG] _update_deployment_ui called - Subphase: 2, my_side_id: 1
[Security] Teleport attempt! (1, -1, 0) -> (5, 5, -10) (Dist 10)
[Security] Illegal Acceleration! Speed 0 -> 1 (Max 0, ADF 0)
[1m1/1 passed.
[0m[4m

test/integration/test_station_range.gd
[0m* test_station_rocket_battery_range_limit
[DEBUG] _build_repair_panel called
[Turn 1] [DEBUG] Initializing repair_panel
[Turn 1] [DEBUG] Initializing repair_panel
[DEBUG] GameManager: Peer 1 NOT in Lobby Teams. Defaulting to 0 (Spectator). Teams: {  }
[Turn 1] Network: Default Assignment (Host=1, Client=2). My Side: 1
[Turn 1] Network: Default Assignment (Host=1, Client=2). My Side: 1
[Turn 1] Offline Mode: Starting Game immediately.
[Turn 1] Offline Mode: Starting Game immediately.
[Turn 1] Game Setup Received: Seed 1028652290
[Turn 1] Game Setup Received: Seed 1028652290
[Turn 1] Error: Scenario  not found!
[Turn 1] Error: Scenario  not found!
[Turn 1] [color=cyan]=== DEPLOYMENT Phase ===[/color]
[Turn 1] [color=cyan]=== DEPLOYMENT Phase ===[/color]
[Turn 1] [color=yellow]AI Spawning for Side 2 (Sathar: false)[/color]
[Turn 1] [color=yellow]AI Spawning for Side 2 (Sathar: false)[/color]
[DEBUG] _update_deployment_ui called - Subphase: 2, my_side_id: 1
[Turn 1] Resolving 1 attacks...
[Turn 1] Resolving 1 attacks...
[Turn 1] ST Station Alpha firing Rocket Battery Swarm at ? Target Ship
[Turn 1] ST Station Alpha firing Rocket Battery Swarm at ? Target Ship
Combat Roll: Distance 10, Chance 40%, Rolled 57
[Turn 1] Firing Ship: ST Station Alpha, Weapon: Rocket Battery Swarm, Odds: 40%, Roll: 57, Result: MISS
[Turn 1] Firing Ship: ST Station Alpha, Weapon: Rocket Battery Swarm, Odds: 40%, Roll: 57, Result: MISS
[Turn 1] [color=red]MISS![/color]
[Turn 1] [color=red]MISS![/color]
[1m1/1 passed.
[0m[4m

test/integration/test_turn_cycling.gd
[0m* test_turn_order_surprise_attack
[DEBUG] _build_repair_panel called
[Turn 1] [DEBUG] Initializing repair_panel
[Turn 1] [DEBUG] Initializing repair_panel
[DEBUG] GameManager: Peer 1 NOT in Lobby Teams. Defaulting to 0 (Spectator). Teams: {  }
[Turn 1] Network: Default Assignment (Host=1, Client=2). My Side: 1
[Turn 1] Network: Default Assignment (Host=1, Client=2). My Side: 1
[Turn 1] Offline Mode: Starting Game immediately.
[Turn 1] Offline Mode: Starting Game immediately.
[Turn 1] Game Setup Received: Seed 1402999071
[Turn 1] Game Setup Received: Seed 1402999071
[Turn 1] Error: Scenario  not found!
[Turn 1] Error: Scenario  not found!
[Turn 1] [color=cyan]=== DEPLOYMENT Phase ===[/color]
[Turn 1] [color=cyan]=== DEPLOYMENT Phase ===[/color]
[Turn 1] [color=yellow]AI Spawning for Side 2 (Sathar: false)[/color]
[Turn 1] [color=yellow]AI Spawning for Side 2 (Sathar: false)[/color]
[DEBUG] _update_deployment_ui called - Subphase: 2, my_side_id: 1
[DEBUG] _build_repair_panel called
[Turn 1] [DEBUG] Initializing repair_panel
[Turn 1] [DEBUG] Initializing repair_panel
[Turn 1] Offline Mode: Starting Game immediately.
[Turn 1] Offline Mode: Starting Game immediately.
[Turn 1] Game Setup Received: Seed 3262749327
[Turn 1] Game Setup Received: Seed 3262749327
[SCENARIO] Sathar Entry Edge: 0 (Vec: (1, 0, -1)), Facing: 3
[Turn 1] Loading Scenario: Surprise Attack!
[Turn 1] Loading Scenario: Surprise Attack!
[DEBUG] Ship Station Alpha loaded with Orbit Dir 1
[Turn 1] Defiant docked at Station Alpha
[Turn 1] Defiant docked at Station Alpha
[Turn 1] Stiletto docked at Station Alpha
[Turn 1] Stiletto docked at Station Alpha
[Turn 1] [color=cyan]=== DEPLOYMENT Phase ===[/color]
[Turn 1] [color=cyan]=== DEPLOYMENT Phase ===[/color]
[DEBUG] _update_deployment_ui called - Subphase: 2, my_side_id: 1
[Turn 1] Deployment Complete. Starting Turn 1.
[Turn 1] Deployment Complete. Starting Turn 1.
[Turn 1] === Turn Start: Side Sathar ===
[Turn 1] === Turn Start: Side Sathar ===
DEBUG: Rejected Station Alpha Side:2 CurSide:1 Moved:false
DEBUG: Rejected Defiant Side:2 CurSide:1 Moved:false
DEBUG: Rejected Stiletto Side:2 CurSide:1 Moved:false
DEBUG: start_movement_phase. Side: 1 Available: 2
DEBUG: First available: Venemous ID: 1 Moved: false
DEBUG: Skip Auto-Orbit Check: Venemous (Class: Destroyer, Orbit: 0)
DEBUG: Skip Auto-Orbit Check: Perdition (Class: Heavy Cruiser, Orbit: 0)
[DEBUG] Standard move start for Venemous
DEBUG: Rejected Station Alpha Side:2 CurSide:1 Moved:false
DEBUG: Rejected Defiant Side:2 CurSide:1 Moved:false
DEBUG: Rejected Stiletto Side:2 CurSide:1 Moved:false
DEBUG: Rejected Venemous Side:1 CurSide:1 Moved:true
DEBUG: Rejected Perdition Side:1 CurSide:1 Moved:true
DEBUG: start_movement_phase. Side: 1 Available: 0
>>> DIAGNOSTIC: execute_all_movement running for side: 1 on peer: Offline
[Turn 1] Executing Movement Phase for Side Sathar
[Turn 1] Executing Movement Phase for Side Sathar
[Turn 1] [color=yellow]EXECUTE LOOP: Checking Ship Venemous (Class: Destroyer, Mines: 0)[/color]
[Turn 1] [color=yellow]EXECUTE LOOP: Checking Ship Venemous (Class: Destroyer, Mines: 0)[/color]
[Turn 1] [color=yellow]EXECUTE LOOP: Checking Ship Perdition (Class: Heavy Cruiser, Mines: 0)[/color]
[Turn 1] [color=yellow]EXECUTE LOOP: Checking Ship Perdition (Class: Heavy Cruiser, Mines: 0)[/color]
>>> DIAGNOSTIC: Entering Mine Detonations. Active Mines: 0 on peer: Offline
[Turn 1] [color=cyan]!!! DEBUG !!! Entering Mine Detonations. Active Mines: 0[/color]
[Turn 1] [color=cyan]!!! DEBUG !!! Entering Mine Detonations. Active Mines: 0[/color]
[Turn 1] [color=cyan]!!! DEBUG !!! Entering Seeker Movement. Active Seekers: 0[/color]
[Turn 1] [color=cyan]!!! DEBUG !!! Entering Seeker Movement. Active Seekers: 0[/color]
[Turn 1] Movement Phase Complete for Side 1. Starting Combat.
[Turn 1] Movement Phase Complete for Side 1. Starting Combat.
[DEBUG] start_combat_passive: Side 2 firing (Opponent of Moving Side 1)
[Turn 1] Combat Planning: Side 2
[Turn 1] Combat Planning: Side 2
[DEBUG] TARGET CHECK P2. Ships: 3
[DEBUG] Weapon Laser Canon N/A for Defiant (Phase 3, Fired false)
[DEBUG] Weapon Torpedoes N/A for Defiant (Phase 3, Fired false)
[DEBUG] Weapon Assault Rockets N/A for Stiletto (Phase 3, Fired false)
[DEBUG] NO TARGETS FOUND for P2
[Turn 1] No valid targets for Side 2. Skipping...
[Turn 1] No valid targets for Side 2. Skipping...
DEBUG: skipping passive combat
[Turn 1] Defiant Evacuation Progress: Turn 1
[Turn 1] Defiant Evacuation Progress: Turn 1
[Turn 1] Turn Segment Complete.
[Turn 1] Turn Segment Complete.
[DEBUG] start_combat_active: Side 1 firing (Active Side)
[Turn 1] Combat Planning: Side 1
[Turn 1] Combat Planning: Side 1
[DEBUG] TARGET CHECK P1. Ships: 2
[DEBUG] NO TARGETS FOUND for P1
[Turn 1] No valid targets for Side 1. Skipping...
[Turn 1] No valid targets for Side 1. Skipping...
DEBUG: skipping active combat
[Turn 1] Defiant Evacuation Progress: Turn 2
[Turn 1] Defiant Evacuation Progress: Turn 2
[Turn 1] Turn Segment Complete.
[Turn 1] Turn Segment Complete.
[Turn 1] === Turn Start: Side UPF ===
[Turn 1] === Turn Start: Side UPF ===
DEBUG: Rejected Venemous Side:1 CurSide:2 Moved:false
DEBUG: Rejected Perdition Side:1 CurSide:2 Moved:false
DEBUG: start_movement_phase. Side: 2 Available: 3
DEBUG: First available: Station Alpha ID: 2 Moved: false
DEBUG: Auto-Orbit Candidate Found: Station Alpha (Class: Space Station, Orbit: 1)
[DEBUG] _on_orbit: No planet found adjacent to Station Alpha at (0, 0, 0)
DEBUG _can_withdraw: rejected bad scen_key: surprise_attack
[DEBUG] Auto-Orbit Failed (No planet?). Defaulting to Hold Position.
[Turn 1] Not your turn! (Active: 2, You: 1)
[Turn 1] Not your turn! (Active: 2, You: 1)
[DEBUG] Standard move start for Defiant
DEBUG _can_withdraw: rejected bad scen_key: surprise_attack
[33m    8 Orphans[0m
[33m        * [@HSeparator@29688:<HSeparator#7217658989222>]
        * [@Button@29687:<Button#7217608657601>]
        * [@Button@29693:<Button#7217877093592>]
        * [@Button@29689:<Button#7217692544327>]
        * [@Button@29690:<Button#7217742876044>]
        * [@Button@29686:<Button#7217558326979>]
        * [@HSeparator@29692:<HSeparator#7217843539870>]
        * [@Button@29691:<Button#7217793208517>][0m
[33m8 orphans[0m
[1m1/1 passed.
[0m[4m

test/integration/test_turn_switch_ui.gd
[0m* test_ship_list_after_turn_switch
[DEBUG] _build_repair_panel called
[Turn 1] [DEBUG] Initializing repair_panel
[Turn 1] [DEBUG] Initializing repair_panel
[Turn 1] Offline Mode: Starting Game immediately.
[Turn 1] Offline Mode: Starting Game immediately.
[Turn 1] Game Setup Received: Seed 4019674998
[Turn 1] Game Setup Received: Seed 4019674998
[SCENARIO] Sathar Entry Edge: 1 (Vec: (0, 1, -1)), Facing: 4
[Turn 1] Loading Scenario: Surprise Attack!
[Turn 1] Loading Scenario: Surprise Attack!
[DEBUG] Ship Station Alpha loaded with Orbit Dir 1
[Turn 1] Defiant docked at Station Alpha
[Turn 1] Defiant docked at Station Alpha
[Turn 1] Stiletto docked at Station Alpha
[Turn 1] Stiletto docked at Station Alpha
[Turn 1] [color=cyan]=== DEPLOYMENT Phase ===[/color]
[Turn 1] [color=cyan]=== DEPLOYMENT Phase ===[/color]
[Turn 1] [color=yellow]AI Spawning for Side 2 (Sathar: false)[/color]
[Turn 1] [color=yellow]AI Spawning for Side 2 (Sathar: false)[/color]
[DEBUG] _update_deployment_ui called - Subphase: 2, my_side_id: 1
[DEBUG] _build_repair_panel called
[Turn 1] [DEBUG] Initializing repair_panel
[Turn 1] [DEBUG] Initializing repair_panel
[Turn 1] Offline Mode: Starting Game immediately.
[Turn 1] Offline Mode: Starting Game immediately.
[Turn 1] Game Setup Received: Seed 164792742
[Turn 1] Game Setup Received: Seed 164792742
[SCENARIO] Sathar Entry Edge: 0 (Vec: (1, 0, -1)), Facing: 3
[Turn 1] Loading Scenario: Surprise Attack!
[Turn 1] Loading Scenario: Surprise Attack!
[DEBUG] Ship Station Alpha2 loaded with Orbit Dir 1
[Turn 1] [color=cyan]=== DEPLOYMENT Phase ===[/color]
[Turn 1] [color=cyan]=== DEPLOYMENT Phase ===[/color]
[DEBUG] _update_deployment_ui called - Subphase: 2, my_side_id: 1
[Turn 1] Game Setup Received: Seed 12345
[Turn 1] Game Setup Received: Seed 12345
[SCENARIO] Sathar Entry Edge: 2 (Vec: (-1, 1, 0)), Facing: 5
[Turn 1] Loading Scenario: Surprise Attack!
[Turn 1] Loading Scenario: Surprise Attack!
[DEBUG] Ship Station Alpha3 loaded with Orbit Dir 1
[Turn 1] [color=cyan]=== DEPLOYMENT Phase ===[/color]
[Turn 1] [color=cyan]=== DEPLOYMENT Phase ===[/color]
[DEBUG] _update_deployment_ui called - Subphase: 2, my_side_id: 1
[Turn 1] Deployment Complete. Starting Turn 1.
[Turn 1] Deployment Complete. Starting Turn 1.
[Turn 1] === Turn Start: Side Sathar ===
[Turn 1] === Turn Start: Side Sathar ===
DEBUG: Rejected Station Alpha3 Side:2 CurSide:1 Moved:false
DEBUG: Rejected Defiant3 Side:2 CurSide:1 Moved:false
DEBUG: Rejected Stiletto3 Side:2 CurSide:1 Moved:false
DEBUG: start_movement_phase. Side: 1 Available: 2
DEBUG: First available: Venemous3 ID: 1 Moved: false
DEBUG: Skip Auto-Orbit Check: Venemous3 (Class: Destroyer, Orbit: 0)
DEBUG: Skip Auto-Orbit Check: Perdition3 (Class: Heavy Cruiser, Orbit: 0)
[DEBUG] Standard move start for Venemous3
DEBUG: Rejected Station Alpha3 Side:2 CurSide:1 Moved:false
DEBUG: Rejected Defiant3 Side:2 CurSide:1 Moved:false
DEBUG: Rejected Stiletto3 Side:2 CurSide:1 Moved:false
DEBUG: Rejected Venemous3 Side:1 CurSide:1 Moved:true
DEBUG: Rejected Perdition3 Side:1 CurSide:1 Moved:true
DEBUG: start_movement_phase. Side: 1 Available: 0
>>> DIAGNOSTIC: execute_all_movement running for side: 1 on peer: Offline
[Turn 1] Executing Movement Phase for Side Sathar
[Turn 1] Executing Movement Phase for Side Sathar
[Turn 1] [color=yellow]EXECUTE LOOP: Checking Ship Venemous3 (Class: Destroyer, Mines: 0)[/color]
[Turn 1] [color=yellow]EXECUTE LOOP: Checking Ship Venemous3 (Class: Destroyer, Mines: 0)[/color]
[Turn 1] [color=yellow]EXECUTE LOOP: Checking Ship Perdition3 (Class: Heavy Cruiser, Mines: 0)[/color]
[Turn 1] [color=yellow]EXECUTE LOOP: Checking Ship Perdition3 (Class: Heavy Cruiser, Mines: 0)[/color]
>>> DIAGNOSTIC: Entering Mine Detonations. Active Mines: 0 on peer: Offline
[Turn 1] [color=cyan]!!! DEBUG !!! Entering Mine Detonations. Active Mines: 0[/color]
[Turn 1] [color=cyan]!!! DEBUG !!! Entering Mine Detonations. Active Mines: 0[/color]
[Turn 1] [color=cyan]!!! DEBUG !!! Entering Seeker Movement. Active Seekers: 0[/color]
[Turn 1] [color=cyan]!!! DEBUG !!! Entering Seeker Movement. Active Seekers: 0[/color]
[Turn 1] Movement Phase Complete for Side 1. Starting Combat.
[Turn 1] Movement Phase Complete for Side 1. Starting Combat.
[DEBUG] start_combat_passive: Side 2 firing (Opponent of Moving Side 1)
[Turn 1] Combat Planning: Side 2
[Turn 1] Combat Planning: Side 2
[DEBUG] TARGET CHECK P2. Ships: 3
[DEBUG] Weapon Torpedoes N/A for Defiant3 (Phase 3, Fired false)
[DEBUG] Weapon Assault Rockets N/A for Stiletto3 (Phase 3, Fired false)
[DEBUG] NO TARGETS FOUND for P2
[Turn 1] No valid targets for Side 2. Skipping...
[Turn 1] No valid targets for Side 2. Skipping...
[Turn 1] Turn Segment Complete.
[Turn 1] Turn Segment Complete.
[DEBUG] start_combat_active: Side 1 firing (Active Side)
[Turn 1] Combat Planning: Side 1
[Turn 1] Combat Planning: Side 1
[DEBUG] TARGET CHECK P1. Ships: 2
[DEBUG] NO TARGETS FOUND for P1
[Turn 1] No valid targets for Side 1. Skipping...
[Turn 1] No valid targets for Side 1. Skipping...
[Turn 1] Turn Segment Complete.
[Turn 1] Turn Segment Complete.
[Turn 1] === Turn Start: Side UPF ===
[Turn 1] === Turn Start: Side UPF ===
DEBUG: Rejected Venemous3 Side:1 CurSide:2 Moved:false
DEBUG: Rejected Perdition3 Side:1 CurSide:2 Moved:false
DEBUG: start_movement_phase. Side: 2 Available: 3
DEBUG: First available: Station Alpha3 ID: 2 Moved: false
DEBUG: Auto-Orbit Candidate Found: Station Alpha3 (Class: Space Station, Orbit: 1)
[DEBUG] _on_orbit: No planet found adjacent to Station Alpha3 at (0, 0, 0)
DEBUG _can_withdraw: rejected bad scen_key: surprise_attack
[DEBUG] Auto-Orbit Failed (No planet?). Defaulting to Hold Position.
[Turn 1] Not your turn! (Active: 2, You: 1)
[Turn 1] Not your turn! (Active: 2, You: 1)
[DEBUG] Standard move start for Defiant3
DEBUG _can_withdraw: rejected bad scen_key: surprise_attack
DEBUG _can_withdraw: rejected bad scen_key: surprise_attack
[1m1/1 passed.
[0m[4m

test/integration/test_undo_committed.gd
[0m* test_undo_committed_move_restores_state
[DEBUG] _build_repair_panel called
[Turn 1] [DEBUG] Initializing repair_panel
[Turn 1] [DEBUG] Initializing repair_panel
[Turn 1] Offline Mode: Starting Game immediately.
[Turn 1] Offline Mode: Starting Game immediately.
[Turn 1] Game Setup Received: Seed 3377054191
[Turn 1] Game Setup Received: Seed 3377054191
[SCENARIO] Sathar Entry Edge: 5 (Vec: (1, -1, 0)), Facing: 2
[Turn 1] Loading Scenario: Surprise Attack!
[Turn 1] Loading Scenario: Surprise Attack!
[DEBUG] Ship Station Alpha loaded with Orbit Dir 1
[Turn 1] Defiant docked at Station Alpha
[Turn 1] Defiant docked at Station Alpha
[Turn 1] Stiletto docked at Station Alpha
[Turn 1] Stiletto docked at Station Alpha
[Turn 1] [color=cyan]=== DEPLOYMENT Phase ===[/color]
[Turn 1] [color=cyan]=== DEPLOYMENT Phase ===[/color]
[Turn 1] [color=yellow]AI Spawning for Side 2 (Sathar: false)[/color]
[Turn 1] [color=yellow]AI Spawning for Side 2 (Sathar: false)[/color]
[DEBUG] _update_deployment_ui called - Subphase: 2, my_side_id: 1
[DEBUG] _build_repair_panel called
[Turn 1] [DEBUG] Initializing repair_panel
[Turn 1] [DEBUG] Initializing repair_panel
[Turn 1] Offline Mode: Starting Game immediately.
[Turn 1] Offline Mode: Starting Game immediately.
[Turn 1] Game Setup Received: Seed 2073585007
[Turn 1] Game Setup Received: Seed 2073585007
[SCENARIO] Sathar Entry Edge: 3 (Vec: (-1, 0, 1)), Facing: 0
[Turn 1] Loading Scenario: Surprise Attack!
[Turn 1] Loading Scenario: Surprise Attack!
[DEBUG] Ship Station Alpha2 loaded with Orbit Dir 1
[Turn 1] [color=cyan]=== DEPLOYMENT Phase ===[/color]
[Turn 1] [color=cyan]=== DEPLOYMENT Phase ===[/color]
[DEBUG] _update_deployment_ui called - Subphase: 2, my_side_id: 1
DEBUG: start_movement_phase. Side: 1 Available: 1
DEBUG: First available: TestShip ID: 1 Moved: false
DEBUG: Skip Auto-Orbit Check: TestShip (Class: Scout, Orbit: 0)
[DEBUG] Standard move start for TestShip
DEBUG: _handle_movement_click called with hex: (1, 0, -1)
DEBUG: ghost input dist: 1 | start: (0, 0, 0) | target: (1, 0, -1) | facing: 0
[Turn 1] Movement Phase: Sathar
[Turn 1] Movement Phase: Sathar
DEBUG: _on_commit_move for TestShip
DEBUG: Path size: 1
DEBUG: Calling register_movement_plan locally
[Turn 1] Orders Received for TestShip
[Turn 1] Orders Received for TestShip
>>> DIAGNOSTIC: execute_all_movement running for side: 1 on peer: Offline
[Turn 1] Executing Movement Phase for Side UPF
[Turn 1] Executing Movement Phase for Side UPF
[Turn 1] [color=yellow]EXECUTE LOOP: Checking Ship TestShip (Class: Scout, Mines: 0)[/color]
[Turn 1] [color=yellow]EXECUTE LOOP: Checking Ship TestShip (Class: Scout, Mines: 0)[/color]
>>> DIAGNOSTIC: Entering Mine Detonations. Active Mines: 0 on peer: Offline
[Turn 1] [color=cyan]!!! DEBUG !!! Entering Mine Detonations. Active Mines: 0[/color]
[Turn 1] [color=cyan]!!! DEBUG !!! Entering Mine Detonations. Active Mines: 0[/color]
[Turn 1] [color=cyan]!!! DEBUG !!! Entering Seeker Movement. Active Seekers: 0[/color]
[Turn 1] [color=cyan]!!! DEBUG !!! Entering Seeker Movement. Active Seekers: 0[/color]
[Turn 1] Movement Phase Complete for Side 1. Starting Combat.
[Turn 1] Movement Phase Complete for Side 1. Starting Combat.
[DEBUG] start_combat_passive: Side 2 firing (Opponent of Moving Side 1)
[Turn 1] Combat Planning: Side 2
[Turn 1] Combat Planning: Side 2
[DEBUG] TARGET CHECK P2. Ships: 0
[DEBUG] NO TARGETS FOUND for P2
[Turn 1] No valid targets for Side 2. Skipping...
[Turn 1] No valid targets for Side 2. Skipping...
[Turn 1] Requesting Undo for Committed Move...
[Turn 1] Requesting Undo for Committed Move...
[Turn 1] Undoing Move for TestShip
[Turn 1] Undoing Move for TestShip
[1m1/1 passed.
[0m[4m

test/integration/test_undo_docking.gd
[0m* test_undo_carrier_move_resets_fighter
[DEBUG] _build_repair_panel called
[Turn 1] [DEBUG] Initializing repair_panel
[Turn 1] [DEBUG] Initializing repair_panel
[Turn 1] Offline Mode: Starting Game immediately.
[Turn 1] Offline Mode: Starting Game immediately.
[Turn 1] Game Setup Received: Seed 3527737495
[Turn 1] Game Setup Received: Seed 3527737495
[SCENARIO] Sathar Entry Edge: 2 (Vec: (-1, 1, 0)), Facing: 5
[Turn 1] Loading Scenario: Surprise Attack!
[Turn 1] Loading Scenario: Surprise Attack!
[DEBUG] Ship Station Alpha loaded with Orbit Dir 1
[Turn 1] Defiant docked at Station Alpha
[Turn 1] Defiant docked at Station Alpha
[Turn 1] Stiletto docked at Station Alpha
[Turn 1] Stiletto docked at Station Alpha
[Turn 1] [color=cyan]=== DEPLOYMENT Phase ===[/color]
[Turn 1] [color=cyan]=== DEPLOYMENT Phase ===[/color]
[Turn 1] [color=yellow]AI Spawning for Side 2 (Sathar: false)[/color]
[Turn 1] [color=yellow]AI Spawning for Side 2 (Sathar: false)[/color]
[DEBUG] _update_deployment_ui called - Subphase: 2, my_side_id: 1
DEBUG: Rejected Station Alpha Side:2 CurSide:1 Moved:false
DEBUG: Rejected Defiant Side:2 CurSide:1 Moved:false
DEBUG: Rejected Stiletto Side:2 CurSide:1 Moved:false
DEBUG: start_movement_phase. Side: 1 Available: 4
DEBUG: First available: Venemous ID: 1 Moved: false
DEBUG: Skip Auto-Orbit Check: Venemous (Class: Destroyer, Orbit: 0)
DEBUG: Skip Auto-Orbit Check: Perdition (Class: Heavy Cruiser, Orbit: 0)
DEBUG: Skip Auto-Orbit Check: Carrier (Class: Assault Carrier, Orbit: 0)
DEBUG: Skip Auto-Orbit Check: Fighter (Class: Fighter, Orbit: 0)
[DEBUG] Standard move start for Venemous
[Turn 1] Undoing Move for Carrier
[Turn 1] Undoing Move for Carrier
DEBUG _can_withdraw: rejected bad scen_key: 
[1m1/1 passed.
[0m[4m

test/integration/test_undo_reset.gd
[0m* test_undo_resets_full_path
[DEBUG] _build_repair_panel called
[Turn 1] [DEBUG] Initializing repair_panel
[Turn 1] [DEBUG] Initializing repair_panel
[DEBUG] GameManager: Peer 1 NOT in Lobby Teams. Defaulting to 0 (Spectator). Teams: {  }
[Turn 1] Network: Default Assignment (Host=1, Client=2). My Side: 1
[Turn 1] Network: Default Assignment (Host=1, Client=2). My Side: 1
[Turn 1] Offline Mode: Starting Game immediately.
[Turn 1] Offline Mode: Starting Game immediately.
[Turn 1] Game Setup Received: Seed 531355192
[Turn 1] Game Setup Received: Seed 531355192
[Turn 1] Error: Scenario  not found!
[Turn 1] Error: Scenario  not found!
[Turn 1] [color=cyan]=== DEPLOYMENT Phase ===[/color]
[Turn 1] [color=cyan]=== DEPLOYMENT Phase ===[/color]
[Turn 1] [color=yellow]AI Spawning for Side 2 (Sathar: false)[/color]
[Turn 1] [color=yellow]AI Spawning for Side 2 (Sathar: false)[/color]
[DEBUG] _update_deployment_ui called - Subphase: 2, my_side_id: 1
[DEBUG] _build_repair_panel called
[Turn 1] [DEBUG] Initializing repair_panel
[Turn 1] [DEBUG] Initializing repair_panel
[DEBUG] GameManager: Peer 1 NOT in Lobby Teams. Defaulting to 0 (Spectator). Teams: {  }
[Turn 1] Network: Default Assignment (Host=1, Client=2). My Side: 1
[Turn 1] Network: Default Assignment (Host=1, Client=2). My Side: 1
[Turn 1] Offline Mode: Starting Game immediately.
[Turn 1] Offline Mode: Starting Game immediately.
[Turn 1] Game Setup Received: Seed 1353427454
[Turn 1] Game Setup Received: Seed 1353427454
[Turn 1] Error: Scenario  not found!
[Turn 1] Error: Scenario  not found!
[Turn 1] [color=cyan]=== DEPLOYMENT Phase ===[/color]
[Turn 1] [color=cyan]=== DEPLOYMENT Phase ===[/color]
[DEBUG] _update_deployment_ui called - Subphase: 2, my_side_id: 1
DEBUG: start_movement_phase. Side: 1 Available: 1
DEBUG: First available: TestShip ID: 1 Moved: false
DEBUG: Skip Auto-Orbit Check: TestShip (Class: Scout, Orbit: 0)
[DEBUG] Standard move start for TestShip
DEBUG: _handle_movement_click called with hex: (1, 0, -1)
DEBUG: ghost input dist: 1 | start: (0, 0, 0) | target: (1, 0, -1) | facing: 0
[Turn 1] Movement Phase: Sathar
[Turn 1] Movement Phase: Sathar
DEBUG: _handle_movement_click called with hex: (2, 0, -2)
DEBUG: ghost input dist: 1 | start: (1, 0, -1) | target: (2, 0, -2) | facing: 0
[Turn 1] Movement Phase: Sathar
[Turn 1] Movement Phase: Sathar
[Turn 1] Resetting Plot...
[Turn 1] Resetting Plot...
[1m1/1 passed.
[0m[4m

test/integration/test_undo_sync.gd
[0m* test_rpc_undo_move_resets_state
[DEBUG] _build_repair_panel called
[Turn 1] [DEBUG] Initializing repair_panel
[Turn 1] [DEBUG] Initializing repair_panel
[DEBUG] GameManager: Peer 1 NOT in Lobby Teams. Defaulting to 0 (Spectator). Teams: {  }
[Turn 1] Network: Default Assignment (Host=1, Client=2). My Side: 1
[Turn 1] Network: Default Assignment (Host=1, Client=2). My Side: 1
[Turn 1] Offline Mode: Starting Game immediately.
[Turn 1] Offline Mode: Starting Game immediately.
[Turn 1] Game Setup Received: Seed 1519297901
[Turn 1] Game Setup Received: Seed 1519297901
[Turn 1] Error: Scenario  not found!
[Turn 1] Error: Scenario  not found!
[Turn 1] [color=cyan]=== DEPLOYMENT Phase ===[/color]
[Turn 1] [color=cyan]=== DEPLOYMENT Phase ===[/color]
[Turn 1] [color=yellow]AI Spawning for Side 2 (Sathar: false)[/color]
[Turn 1] [color=yellow]AI Spawning for Side 2 (Sathar: false)[/color]
[DEBUG] _update_deployment_ui called - Subphase: 2, my_side_id: 1
[Turn 1] Undoing Move for TestShip
[Turn 1] Undoing Move for TestShip
* test_undo_on_client_triggers_rpc
[DEBUG] _build_repair_panel called
[Turn 1] [DEBUG] Initializing repair_panel
[Turn 1] [DEBUG] Initializing repair_panel
[Turn 1] Offline Mode: Starting Game immediately.
[Turn 1] Offline Mode: Starting Game immediately.
[Turn 1] Game Setup Received: Seed 2847424500
[Turn 1] Game Setup Received: Seed 2847424500
[Turn 1] Error: Scenario  not found!
[Turn 1] Error: Scenario  not found!
[Turn 1] [color=cyan]=== DEPLOYMENT Phase ===[/color]
[Turn 1] [color=cyan]=== DEPLOYMENT Phase ===[/color]
[Turn 1] [color=yellow]AI Spawning for Side 2 (Sathar: false)[/color]
[Turn 1] [color=yellow]AI Spawning for Side 2 (Sathar: false)[/color]
[DEBUG] _update_deployment_ui called - Subphase: 2, my_side_id: 1
[Turn 1] Requesting Undo for Committed Move...
[Turn 1] Requesting Undo for Committed Move...
[Turn 1] Undoing Move for TestShip
[Turn 1] Undoing Move for TestShip
[1m2/2 passed.
[0m[4m

test/integration/test_undock_sync.gd
[0m* test_undock_movement_registration
[DEBUG] _build_repair_panel called
[Turn 1] [DEBUG] Initializing repair_panel
[Turn 1] [DEBUG] Initializing repair_panel
[Turn 1] Offline Mode: Starting Game immediately.
[Turn 1] Offline Mode: Starting Game immediately.
[Turn 1] Game Setup Received: Seed 2530255222
[Turn 1] Game Setup Received: Seed 2530255222
[Turn 1] Error: Scenario  not found!
[Turn 1] Error: Scenario  not found!
[Turn 1] [color=cyan]=== DEPLOYMENT Phase ===[/color]
[Turn 1] [color=cyan]=== DEPLOYMENT Phase ===[/color]
[Turn 1] [color=yellow]AI Spawning for Side 2 (Sathar: false)[/color]
[Turn 1] [color=yellow]AI Spawning for Side 2 (Sathar: false)[/color]
[DEBUG] _update_deployment_ui called - Subphase: 2, my_side_id: 1
[Turn 1] Orders Received for Scout
[Turn 1] Orders Received for Scout
[Turn 1] AS Scout auto-undocked for maneuver.
[Turn 1] AS Scout auto-undocked for maneuver.
>>> DIAGNOSTIC: execute_all_movement running for side: 1 on peer: Offline
[Turn 1] Executing Movement Phase for Side UPF
[Turn 1] Executing Movement Phase for Side UPF
[Turn 1] [color=yellow]EXECUTE LOOP: Checking Ship Station (Class: Space Station, Mines: 0)[/color]
[Turn 1] [color=yellow]EXECUTE LOOP: Checking Ship Station (Class: Space Station, Mines: 0)[/color]
[Turn 1] [color=yellow]EXECUTE LOOP: Checking Ship Scout (Class: Assault Scout, Mines: 0)[/color]
[Turn 1] [color=yellow]EXECUTE LOOP: Checking Ship Scout (Class: Assault Scout, Mines: 0)[/color]
>>> DIAGNOSTIC: Entering Mine Detonations. Active Mines: 0 on peer: Offline
[Turn 1] [color=cyan]!!! DEBUG !!! Entering Mine Detonations. Active Mines: 0[/color]
[Turn 1] [color=cyan]!!! DEBUG !!! Entering Mine Detonations. Active Mines: 0[/color]
[Turn 1] [color=cyan]!!! DEBUG !!! Entering Seeker Movement. Active Seekers: 0[/color]
[Turn 1] [color=cyan]!!! DEBUG !!! Entering Seeker Movement. Active Seekers: 0[/color]
[Turn 1] Movement Phase Complete for Side 1. Starting Combat.
[Turn 1] Movement Phase Complete for Side 1. Starting Combat.
[DEBUG] start_combat_passive: Side 2 firing (Opponent of Moving Side 1)
[Turn 1] Combat Planning: Side 2
[Turn 1] Combat Planning: Side 2
[DEBUG] TARGET CHECK P2. Ships: 0
[DEBUG] NO TARGETS FOUND for P2
[Turn 1] No valid targets for Side 2. Skipping...
[Turn 1] No valid targets for Side 2. Skipping...
[1m1/1 passed.
[0m[4m

test/integration/test_undock_targeting_bug.gd
[0m* test_undock_and_target
[DEBUG] _build_repair_panel called
[Turn 1] [DEBUG] Initializing repair_panel
[Turn 1] [DEBUG] Initializing repair_panel
[Turn 1] Offline Mode: Starting Game immediately.
[Turn 1] Offline Mode: Starting Game immediately.
[Turn 1] Game Setup Received: Seed 3816508020
[Turn 1] Game Setup Received: Seed 3816508020
[Turn 1] Error: Scenario  not found!
[Turn 1] Error: Scenario  not found!
[Turn 1] [color=cyan]=== DEPLOYMENT Phase ===[/color]
[Turn 1] [color=cyan]=== DEPLOYMENT Phase ===[/color]
[Turn 1] [color=yellow]AI Spawning for Side 2 (Sathar: false)[/color]
[Turn 1] [color=yellow]AI Spawning for Side 2 (Sathar: false)[/color]
[DEBUG] _update_deployment_ui called - Subphase: 2, my_side_id: 1
[Turn 1] Scout undocking from Station.
[Turn 1] Scout undocking from Station.
* test_undock_during_orbit
[DEBUG] _build_repair_panel called
[Turn 1] [DEBUG] Initializing repair_panel
[Turn 1] [DEBUG] Initializing repair_panel
[Turn 1] Offline Mode: Starting Game immediately.
[Turn 1] Offline Mode: Starting Game immediately.
[Turn 1] Game Setup Received: Seed 3460941902
[Turn 1] Game Setup Received: Seed 3460941902
[Turn 1] Error: Scenario  not found!
[Turn 1] Error: Scenario  not found!
[Turn 1] [color=cyan]=== DEPLOYMENT Phase ===[/color]
[Turn 1] [color=cyan]=== DEPLOYMENT Phase ===[/color]
[Turn 1] [color=yellow]AI Spawning for Side 2 (Sathar: false)[/color]
[Turn 1] [color=yellow]AI Spawning for Side 2 (Sathar: false)[/color]
[DEBUG] _update_deployment_ui called - Subphase: 2, my_side_id: 1
[Turn 1] Scout undocking from Station.
[Turn 1] Scout undocking from Station.
* test_undock_sync
[DEBUG] _build_repair_panel called
[Turn 1] [DEBUG] Initializing repair_panel
[Turn 1] [DEBUG] Initializing repair_panel
[Turn 1] Offline Mode: Starting Game immediately.
[Turn 1] Offline Mode: Starting Game immediately.
[Turn 1] Game Setup Received: Seed 4132854890
[Turn 1] Game Setup Received: Seed 4132854890
[Turn 1] Error: Scenario  not found!
[Turn 1] Error: Scenario  not found!
[Turn 1] [color=cyan]=== DEPLOYMENT Phase ===[/color]
[Turn 1] [color=cyan]=== DEPLOYMENT Phase ===[/color]
[Turn 1] [color=yellow]AI Spawning for Side 2 (Sathar: false)[/color]
[Turn 1] [color=yellow]AI Spawning for Side 2 (Sathar: false)[/color]
[DEBUG] _update_deployment_ui called - Subphase: 2, my_side_id: 1
* test_undock_integrated_flow
[DEBUG] _build_repair_panel called
[Turn 1] [DEBUG] Initializing repair_panel
[Turn 1] [DEBUG] Initializing repair_panel
[Turn 1] Offline Mode: Starting Game immediately.
[Turn 1] Offline Mode: Starting Game immediately.
[Turn 1] Game Setup Received: Seed 164317127
[Turn 1] Game Setup Received: Seed 164317127
[Turn 1] Error: Scenario  not found!
[Turn 1] Error: Scenario  not found!
[Turn 1] [color=cyan]=== DEPLOYMENT Phase ===[/color]
[Turn 1] [color=cyan]=== DEPLOYMENT Phase ===[/color]
[Turn 1] [color=yellow]AI Spawning for Side 2 (Sathar: false)[/color]
[Turn 1] [color=yellow]AI Spawning for Side 2 (Sathar: false)[/color]
[DEBUG] _update_deployment_ui called - Subphase: 2, my_side_id: 1
>>> DIAGNOSTIC: execute_all_movement running for side: 1 on peer: Offline
[Turn 1] Executing Movement Phase for Side UPF
[Turn 1] Executing Movement Phase for Side UPF
[Turn 1] [color=yellow]EXECUTE LOOP: Checking Ship Station (Class: Space Station, Mines: 0)[/color]
[Turn 1] [color=yellow]EXECUTE LOOP: Checking Ship Station (Class: Space Station, Mines: 0)[/color]
[Turn 1] [color=yellow]EXECUTE LOOP: Checking Ship Scout (Class: Assault Scout, Mines: 0)[/color]
[Turn 1] [color=yellow]EXECUTE LOOP: Checking Ship Scout (Class: Assault Scout, Mines: 0)[/color]
[Turn 1] Scout undocking from Station.
[Turn 1] Scout undocking from Station.
>>> DIAGNOSTIC: Entering Mine Detonations. Active Mines: 0 on peer: Offline
[Turn 1] [color=cyan]!!! DEBUG !!! Entering Mine Detonations. Active Mines: 0[/color]
[Turn 1] [color=cyan]!!! DEBUG !!! Entering Mine Detonations. Active Mines: 0[/color]
[Turn 1] [color=cyan]!!! DEBUG !!! Entering Seeker Movement. Active Seekers: 0[/color]
[Turn 1] [color=cyan]!!! DEBUG !!! Entering Seeker Movement. Active Seekers: 0[/color]
[Turn 1] Movement Phase Complete for Side 1. Starting Combat.
[Turn 1] Movement Phase Complete for Side 1. Starting Combat.
[DEBUG] start_combat_passive: Side 2 firing (Opponent of Moving Side 1)
[Turn 1] Combat Planning: Side 2
[Turn 1] Combat Planning: Side 2
[DEBUG] TARGET CHECK P2. Ships: 1
[DEBUG] VALID: Attacker found target with Laser Battery
[1m4/4 passed.
[0m



[33m==============================================[0m
[33m= 87 Orphans[0m
[33m==============================================[0m
test_ai_sathar_repair.gd
    - test_repair_logic_execution
[33m        * [Ship1:<Node2D#216224762858>(Ship.gd)]
        * [Ship2:<Node2D#216241540075>(Ship.gd)][0m
test_arc_passthrough.gd
    - test_reactive_fire_pass_through_arc
[33m        * [Attacker:<Node2D#241860347310>(Ship.gd)]
        * [Defender:<Node2D#241843571174>(Ship.gd)][0m
test_auto_deploy.gd
    - test_categorize_ships
[33m        * [<Node2D#242296556068>(Ship.gd)]
        * [<Node2D#242330110501>(Ship.gd)]
        * [<Node2D#242363664934>(Ship.gd)][0m
    - test_execute_placement_spacing_and_facing
[33m        * [<Node2D#242564991532>(Ship.gd)]
        * [<Node2D#242598545965>(Ship.gd)]
        * [<Node2D#242632100398>(Ship.gd)][0m
    - test_space_station_speed_locks_and_orbit
[33m        * [<Node2D#242816649780>(Ship.gd)][0m
    - test_auto_deploy_collision_avoidance
[33m        * [<Node2D#243001199160>(Ship.gd)]
        * [<Node2D#243034753593>(Ship.gd)][0m
test_combat_retreat.gd
    - test_militia_cannot_withdraw_without_firing
[33m        * [MilitiaDefender:<Node2D#394482683295>(Ship.gd)]
        * [SatharAttacker:<Node2D#394499460512>(Ship.gd)][0m
    - test_militia_can_withdraw_after_firing_out_of_range
[33m        * [MilitiaDefender:<Node2D#416091738072>(Ship.gd)]
        * [SatharAttacker:<Node2D#416108515289>(Ship.gd)][0m
    - test_militia_cannot_withdraw_in_range_even_after_firing
[33m        * [MilitiaDefender:<Node2D#438522876276>(Ship.gd)]
        * [SatharAttacker:<Node2D#438539653493>(Ship.gd)][0m
    - test_regular_ship_can_withdraw_without_firing_if_out_of_range
[33m        * [MilitiaDefender:<Node2D#461776098064>(Ship.gd)]
        * [SatharAttacker:<Node2D#461792875281>(Ship.gd)][0m
test_facing_fragility.gd
    - test_fragile_state_desync
[33m        * [<Node2D#951486254712>(Ship.gd)][0m
test_fire_damage_rules.gd
    - test_fire_stack_limit
[33m        * [<Node2D#969555316368>(Ship.gd)][0m
    - test_disastrous_overrides_electrical
[33m        * [<Node2D#969655980445>(Ship.gd)][0m
    - test_electrical_does_not_override_disastrous
[33m        * [<Node2D#969739866529>(Ship.gd)][0m
test_movement_viz.gd
    - test_draw_weapon_ranges_no_crash
[33m        * [GhostShip:<Node2D#2524232815056>(Ship.gd)][0m
    - test_draw_weapon_ranges_ff_handling
[33m        * [GhostShip:<Node2D#2563827044465>(Ship.gd)][0m
    - test_integration_draw_call
[33m        * [GhostInstance:<Node2D#2603337388479>(Ship.gd)][0m
test_reactive_fire_range_3.gd
    - test_range_3_reactive_fire
[33m        * [Attacker:<Node2D#3291069026049>(Ship.gd)]
        * [Defender:<Node2D#3291052249850>(Ship.gd)][0m
test_speed_0_facing_bug.gd
    - test_reproduction_speed_0_rotation_and_move
[33m        * [TestShip:<Node2D#3859447550633>(Ship.gd)][0m
test_turn_restrictions.gd
    - test_ui_hidden_when_not_my_turn
[33m        * [<PanelContainer#4026179522766>]
        * [<Button#4025944642131>]
        * [<PanelContainer#4026145968725>]
        * [<Button#4026045305503>]
        * [<Button#4025994973856>]
        * [<Button#4025894310575>]
        * [<CheckBox#4026095637195>]
        * [<Button#4025843979055>][0m
    - test_ui_visible_when_my_turn
[33m        * [<CheckBox#4065975078678>]
        * [<Button#4065874415396>]
        * [<PanelContainer#4066025410392>]
        * [<PanelContainer#4066058964825>]
        * [<Button#4065924747655>]
        * [<Button#4065773753023>]
        * [<Button#4065723421382>]
        * [<Button#4065824084736>][0m
    - test_ghost_ship_not_spawned_when_not_my_turn
[33m        * [<Button#4105753858042>]
        * [<Button#4105602863342>]
        * [<CheckBox#4105804190040>]
        * [<Button#4105703526888>]
        * [<PanelContainer#4105888076330>]
        * [<PanelContainer#4105854521973>]
        * [<Button#4105552532183>]
        * [<Button#4105653195534>][0m
    - test_ghost_ship_spawned_when_my_turn
[33m        * [<Button#4145381639820>]
        * [<Button#4145331310168>]
        * [<PanelContainer#4145482305310>]
        * [<Button#4145180316184>]
        * [<Button#4145280979575>]
        * [<Button#4145230647945>]
        * [<CheckBox#4145431974571>]
        * [<PanelContainer#4145515860745>][0m
    - test_cycle_selection_disabled_when_not_my_turn
[33m        * [<Button#4185026202762>]
        * [<Button#4184875208471>]
        * [<Button#4184975871840>]
        * [<PanelContainer#4185210752899>]
        * [<PanelContainer#4185177198594>]
        * [<CheckBox#4185126866963>]
        * [<Button#4185076535686>]
        * [<Button#4184925541095>][0m
    - test_ghost_ship_update_disabled_in_process
[33m        * [<CheckBox#4224821759796>]
        * [<Button#4224620433216>]
        * [<Button#4224670764874>]
        * [<PanelContainer#4224905645900>]
        * [<PanelContainer#4224872091471>]
        * [<Button#4224721096733>]
        * [<Button#4224570102514>]
        * [<Button#4224771429117>][0m
    - test_ghost_ship_blocked_out_of_turn_own_ship
[33m        * [<Button#4264667647046>]
        * [<Button#4264566984492>]
        * [<PanelContainer#4264852197190>]
        * [<PanelContainer#4264818642772>]
        * [<Button#4264717979525>]
        * [<Button#4264617316374>]
        * [<CheckBox#4264768311333>]
        * [<Button#4264516653830>][0m


[33m==============================================
[0m[33m= Run Summary
[0m[33m==============================================
[0m[4m
test/integration/test_shared_icm_defense.gd
[0m- test_shared_icm_defense_allocations
[31m    [Failed]:  [0m[0] expected to equal [2]:  Should have 2 SpinBoxes for 2 eligible ships
          at line 96
[31m    [Failed]:  [0mExpected object @Node2D@28236:<Node2D#6854247714720>(GameManager.gd) to have emitted signal [icm_decision_made]:   (Signals emitted: [])
          at line 114
[31m    [Failed]:  [0mShould have emitted arguments
          at line 117

Totals
------
Warnings             17

Scripts             101
Tests               205
Passing Tests       204
Failing Tests         1
Asserts           674/677
Orphans              87
Time              5.949s


[31m---- 1 failing tests ----
[0m
WARNING: 87 RIDs of type "CanvasItem" were leaked.
     at: _free_rids (servers/rendering/renderer_canvas_cull.cpp:2692)
ERROR: 37 RID allocations of type 'PN13RendererDummy14TextureStorage12DummyTextureE' were leaked at exit.
ERROR: 124 RID allocations of type 'PN18TextServerAdvanced22ShapedTextDataAdvancedE' were leaked at exit.
ERROR: 1 RID allocations of type 'PN18TextServerAdvanced12FontAdvancedE' were leaked at exit.
WARNING: ObjectDB instances leaked at exit (run with --verbose for details).
     at: cleanup (core/object/object.cpp:2641)
ERROR: 21 resources still in use at exit (run with --verbose for details).
   at: clear (core/io/resource.cpp:810)
